# device:  cuda:0
Using checkpoint: /home/dongdong/PLACER/examples/../weights/PLACER_model_1.pt
# variables:  5071802
# number of PDB files to process: 1
Reading ligand TRT reference definition from file: 13_PLACER_inputs/EPH_relaxed_0001_pdb2pqr_Repair_213_r2_0001_ligand.sdf
Keeping these ligands fixed during prediction IF they are in the crop: [].
--> 0 EPH_relaxed_0001_pdb2pqr_Repair_213_r2_0001_complex {ID:type/atoms/bonds} : {A:polypeptide(L)/5029/5110; B:nonpoly/82/86}
model    1 :  fape= 3.01236  lddt= 0.82909  rmsd= 8.56093  kabsch= 1.97871  prmsd= 5.81430  plddt= 0.50375  plddt_pde= 0.54521  | time= 2.01s  mem= 3.07gb 
model    2 :  fape= 3.18443  lddt= 0.80963  rmsd= 7.92459  kabsch= 1.12335  prmsd= 7.36476  plddt= 0.44937  plddt_pde= 0.51377  | time= 0.77s  mem= 3.20gb 
model    3 :  fape= 2.55140  lddt= 0.89355  rmsd= 1.22543  kabsch= 0.98753  prmsd= 2.82579  plddt= 0.72938  plddt_pde= 0.70428  | time= 0.75s  mem= 3.20gb 
model    4 :  fape= 2.56526  lddt= 0.88830  rmsd= 1.35906  kabsch= 0.81629  prmsd= 3.64426  plddt= 0.64812  plddt_pde= 0.63348  | time= 0.75s  mem= 3.20gb 
model    5 :  fape= 2.81845  lddt= 0.87099  rmsd= 1.75613  kabsch= 1.01856  prmsd= 7.14265  plddt= 0.44938  plddt_pde= 0.52307  | time= 0.75s  mem= 3.20gb 
model    6 :  fape= 3.18775  lddt= 0.83092  rmsd= 3.33292  kabsch= 1.80215  prmsd= 3.70846  plddt= 0.60812  plddt_pde= 0.58644  | time= 0.76s  mem= 3.20gb 
model    7 :  fape= 2.79993  lddt= 0.87293  rmsd= 1.77643  kabsch= 0.98258  prmsd= 6.59379  plddt= 0.46750  plddt_pde= 0.58020  | time= 0.76s  mem= 3.20gb 
model    8 :  fape= 2.72592  lddt= 0.87711  rmsd= 1.65237  kabsch= 0.84133  prmsd= 6.37407  plddt= 0.47000  plddt_pde= 0.54100  | time= 0.75s  mem= 3.20gb 
model    9 :  fape= 3.03679  lddt= 0.82949  rmsd= 7.54103  kabsch= 1.89315  prmsd= 7.20393  plddt= 0.45500  plddt_pde= 0.48560  | time= 0.75s  mem= 3.20gb 
model   10 :  fape= 2.74932  lddt= 0.87769  rmsd= 1.71856  kabsch= 0.88578  prmsd= 5.74658  plddt= 0.48438  plddt_pde= 0.60304  | time= 0.75s  mem= 3.20gb 
model   11 :  fape= 2.95136  lddt= 0.85630  rmsd= 2.77491  kabsch= 2.18227  prmsd= 6.74287  plddt= 0.46125  plddt_pde= 0.57016  | time= 0.78s  mem= 3.20gb 
model   12 :  fape= 2.60099  lddt= 0.88867  rmsd= 1.04372  kabsch= 0.76758  prmsd= 3.46496  plddt= 0.65562  plddt_pde= 0.70822  | time= 0.75s  mem= 3.20gb 
model   13 :  fape= 3.08283  lddt= 0.82453  rmsd= 7.99463  kabsch= 2.10289  prmsd= 7.37097  plddt= 0.44625  plddt_pde= 0.50319  | time= 0.75s  mem= 3.20gb 
model   14 :  fape= 2.86365  lddt= 0.87291  rmsd= 1.66840  kabsch= 1.02043  prmsd= 3.59236  plddt= 0.64687  plddt_pde= 0.65235  | time= 0.74s  mem= 3.20gb 
model   15 :  fape= 2.83099  lddt= 0.87777  rmsd= 1.60887  kabsch= 1.03355  prmsd= 5.22331  plddt= 0.51750  plddt_pde= 0.58808  | time= 0.74s  mem= 3.20gb 
model   16 :  fape= 2.71585  lddt= 0.88176  rmsd= 1.26157  kabsch= 0.84983  prmsd= 4.08939  plddt= 0.77125  plddt_pde= 0.67649  | time= 0.74s  mem= 3.20gb 
model   17 :  fape= 3.10149  lddt= 0.81741  rmsd= 8.24015  kabsch= 0.98081  prmsd= 7.36742  plddt= 0.44875  plddt_pde= 0.51847  | time= 0.74s  mem= 3.20gb 
model   18 :  fape= 2.87253  lddt= 0.87406  rmsd= 1.88275  kabsch= 1.61158  prmsd= 4.55583  plddt= 0.58250  plddt_pde= 0.57386  | time= 0.74s  mem= 3.20gb 
model   19 :  fape= 2.92528  lddt= 0.86269  rmsd= 1.85913  kabsch= 1.09386  prmsd= 2.66233  plddt= 0.73625  plddt_pde= 0.66894  | time= 0.74s  mem= 3.20gb 
model   20 :  fape= 2.88717  lddt= 0.86121  rmsd= 2.74904  kabsch= 2.07379  prmsd= 5.90167  plddt= 0.47437  plddt_pde= 0.58256  | time= 0.74s  mem= 3.20gb 
model   21 :  fape= 2.70576  lddt= 0.87071  rmsd= 2.66288  kabsch= 2.06330  prmsd= 5.21624  plddt= 0.51625  plddt_pde= 0.59094  | time= 0.74s  mem= 3.20gb 
model   22 :  fape= 2.60474  lddt= 0.89462  rmsd= 1.21790  kabsch= 0.82328  prmsd= 4.33889  plddt= 0.62437  plddt_pde= 0.70135  | time= 0.74s  mem= 3.20gb 
model   23 :  fape= 2.75697  lddt= 0.88543  rmsd= 1.37537  kabsch= 0.94922  prmsd= 6.25571  plddt= 0.50187  plddt_pde= 0.55937  | time= 0.74s  mem= 3.20gb 
model   24 :  fape= 2.57213  lddt= 0.89394  rmsd= 1.86522  kabsch= 1.40812  prmsd= 3.79197  plddt= 0.60187  plddt_pde= 0.63580  | time= 0.75s  mem= 3.20gb 
model   25 :  fape= 2.86238  lddt= 0.87019  rmsd= 2.15448  kabsch= 1.72822  prmsd= 3.46648  plddt= 0.66250  plddt_pde= 0.70745  | time= 0.74s  mem= 3.20gb 
model   26 :  fape= 3.06529  lddt= 0.84585  rmsd= 3.04601  kabsch= 2.11863  prmsd= 7.12279  plddt= 0.44937  plddt_pde= 0.50361  | time= 0.74s  mem= 3.20gb 
model   27 :  fape= 2.63534  lddt= 0.88009  rmsd= 1.70206  kabsch= 1.04173  prmsd= 2.99020  plddt= 0.71875  plddt_pde= 0.69651  | time= 0.74s  mem= 3.20gb 
model   28 :  fape= 2.66578  lddt= 0.87809  rmsd= 1.54785  kabsch= 0.89507  prmsd= 7.02435  plddt= 0.45500  plddt_pde= 0.50476  | time= 0.74s  mem= 3.20gb 
model   29 :  fape= 2.47645  lddt= 0.89108  rmsd= 1.44899  kabsch= 0.95584  prmsd= 2.56449  plddt= 0.78437  plddt_pde= 0.71655  | time= 0.74s  mem= 3.20gb 
model   30 :  fape= 2.78960  lddt= 0.87953  rmsd= 1.64922  kabsch= 0.69698  prmsd= 4.74399  plddt= 0.61875  plddt_pde= 0.66122  | time= 0.74s  mem= 3.20gb 
model   31 :  fape= 2.82400  lddt= 0.86994  rmsd= 1.90127  kabsch= 0.91753  prmsd= 3.91341  plddt= 0.62187  plddt_pde= 0.60412  | time= 0.74s  mem= 3.20gb 
model   32 :  fape= 2.41870  lddt= 0.89881  rmsd= 1.32502  kabsch= 1.07696  prmsd= 3.39676  plddt= 0.67375  plddt_pde= 0.71135  | time= 0.74s  mem= 3.20gb 
model   33 :  fape= 3.21904  lddt= 0.81626  rmsd= 7.90555  kabsch= 1.39914  prmsd= 7.32203  plddt= 0.45000  plddt_pde= 0.47830  | time= 0.74s  mem= 3.20gb 
model   34 :  fape= 2.79956  lddt= 0.86598  rmsd= 3.12076  kabsch= 1.93383  prmsd= 5.77691  plddt= 0.51812  plddt_pde= 0.59127  | time= 1.17s  mem= 3.20gb 
model   35 :  fape= 2.90840  lddt= 0.85356  rmsd= 2.87419  kabsch= 2.22804  prmsd= 5.25717  plddt= 0.50563  plddt_pde= 0.60543  | time= 0.77s  mem= 3.20gb 
model   36 :  fape= 2.71784  lddt= 0.87816  rmsd= 1.51953  kabsch= 0.94441  prmsd= 3.38762  plddt= 0.67437  plddt_pde= 0.68310  | time= 0.75s  mem= 3.20gb 
model   37 :  fape= 2.75894  lddt= 0.87668  rmsd= 1.52624  kabsch= 0.96475  prmsd= 6.61494  plddt= 0.46625  plddt_pde= 0.56312  | time= 0.78s  mem= 3.20gb 
model   38 :  fape= 3.08530  lddt= 0.82284  rmsd= 8.11204  kabsch= 2.08315  prmsd= 7.32972  plddt= 0.46875  plddt_pde= 0.49311  | time= 0.77s  mem= 3.20gb 
model   39 :  fape= 2.89063  lddt= 0.85486  rmsd= 2.88181  kabsch= 2.23629  prmsd= 6.81765  plddt= 0.46500  plddt_pde= 0.56670  | time= 0.74s  mem= 3.20gb 
model   40 :  fape= 3.21598  lddt= 0.84270  rmsd= 2.64572  kabsch= 1.45167  prmsd= 2.91255  plddt= 0.68937  plddt_pde= 0.64597  | time= 0.75s  mem= 3.20gb 
model   41 :  fape= 2.79709  lddt= 0.86607  rmsd= 3.52961  kabsch= 1.91763  prmsd= 7.02623  plddt= 0.45250  plddt_pde= 0.49929  | time= 0.74s  mem= 3.20gb 
model   42 :  fape= 3.16208  lddt= 0.82183  rmsd= 8.27961  kabsch= 2.15607  prmsd= 7.12892  plddt= 0.45562  plddt_pde= 0.52070  | time= 0.74s  mem= 3.20gb 
model   43 :  fape= 2.89897  lddt= 0.86127  rmsd= 2.54340  kabsch= 2.17914  prmsd= 3.23368  plddt= 0.67062  plddt_pde= 0.67428  | time= 0.74s  mem= 3.20gb 
model   44 :  fape= 2.62802  lddt= 0.88789  rmsd= 1.47938  kabsch= 1.21243  prmsd= 3.55492  plddt= 0.67000  plddt_pde= 0.69294  | time= 0.75s  mem= 3.20gb 
model   45 :  fape= 2.35429  lddt= 0.90205  rmsd= 1.33287  kabsch= 0.77139  prmsd= 3.72660  plddt= 0.65625  plddt_pde= 0.64292  | time= 0.74s  mem= 3.20gb 
model   46 :  fape= 2.84151  lddt= 0.86923  rmsd= 2.32737  kabsch= 1.77143  prmsd= 6.51941  plddt= 0.46937  plddt_pde= 0.54968  | time= 0.74s  mem= 3.20gb 
model   47 :  fape= 2.98388  lddt= 0.86030  rmsd= 2.55793  kabsch= 2.10944  prmsd= 4.19129  plddt= 0.62437  plddt_pde= 0.64636  | time= 0.74s  mem= 3.20gb 
model   48 :  fape= 2.74257  lddt= 0.88019  rmsd= 1.47775  kabsch= 1.06480  prmsd= 2.76761  plddt= 0.70437  plddt_pde= 0.63399  | time= 0.74s  mem= 3.20gb 
model   49 :  fape= 3.19578  lddt= 0.81045  rmsd= 8.46960  kabsch= 0.92609  prmsd= 6.25627  plddt= 0.51750  plddt_pde= 0.54138  | time= 0.74s  mem= 3.20gb 
model   50 :  fape= 2.94445  lddt= 0.85069  rmsd= 2.07954  kabsch= 1.18036  prmsd= 2.84302  plddt= 0.76313  plddt_pde= 0.70594  | time= 0.74s  mem= 3.20gb 
model   51 :  fape= 2.67753  lddt= 0.88738  rmsd= 1.30983  kabsch= 0.91201  prmsd= 3.72368  plddt= 0.64437  plddt_pde= 0.70869  | time= 0.73s  mem= 3.20gb 
model   52 :  fape= 2.82166  lddt= 0.88170  rmsd= 1.82240  kabsch= 1.17929  prmsd= 3.55902  plddt= 0.63812  plddt_pde= 0.63796  | time= 0.74s  mem= 3.20gb 
model   53 :  fape= 2.62538  lddt= 0.89243  rmsd= 1.38842  kabsch= 1.23555  prmsd= 4.09634  plddt= 0.62000  plddt_pde= 0.67796  | time= 0.73s  mem= 3.20gb 
model   54 :  fape= 2.65734  lddt= 0.88211  rmsd= 1.45895  kabsch= 1.10820  prmsd= 2.49667  plddt= 0.74000  plddt_pde= 0.67796  | time= 0.74s  mem= 3.20gb 
model   55 :  fape= 3.00538  lddt= 0.86488  rmsd= 2.24717  kabsch= 1.77537  prmsd= 3.49743  plddt= 0.67937  plddt_pde= 0.68072  | time= 0.74s  mem= 3.20gb 
model   56 :  fape= 3.03185  lddt= 0.84960  rmsd= 3.05857  kabsch= 2.10836  prmsd= 5.85862  plddt= 0.48937  plddt_pde= 0.60645  | time= 0.74s  mem= 3.20gb 
model   57 :  fape= 3.13530  lddt= 0.82253  rmsd= 8.22866  kabsch= 1.98230  prmsd= 7.06495  plddt= 0.46687  plddt_pde= 0.51314  | time= 0.73s  mem= 3.20gb 
model   58 :  fape= 2.47468  lddt= 0.89465  rmsd= 1.83981  kabsch= 1.07764  prmsd= 2.90689  plddt= 0.68562  plddt_pde= 0.65134  | time= 0.74s  mem= 3.20gb 
model   59 :  fape= 2.61602  lddt= 0.88328  rmsd= 1.52390  kabsch= 0.89730  prmsd= 6.05365  plddt= 0.48562  plddt_pde= 0.61687  | time= 0.73s  mem= 3.20gb 
model   60 :  fape= 2.75778  lddt= 0.88543  rmsd= 1.53038  kabsch= 1.01811  prmsd= 2.66526  plddt= 0.71937  plddt_pde= 0.67466  | time= 0.74s  mem= 3.20gb 
model   61 :  fape= 2.87407  lddt= 0.84753  rmsd= 3.98909  kabsch= 1.34669  prmsd= 7.16229  plddt= 0.46437  plddt_pde= 0.50038  | time= 0.74s  mem= 3.20gb 
model   62 :  fape= 2.79648  lddt= 0.87399  rmsd= 1.96138  kabsch= 1.60849  prmsd= 3.89351  plddt= 0.61625  plddt_pde= 0.63878  | time= 0.73s  mem= 3.20gb 
model   63 :  fape= 2.74637  lddt= 0.87606  rmsd= 1.76763  kabsch= 1.10093  prmsd= 4.46327  plddt= 0.59500  plddt_pde= 0.63045  | time= 0.74s  mem= 3.20gb 
model   64 :  fape= 3.25409  lddt= 0.80794  rmsd= 8.95105  kabsch= 1.08371  prmsd= 3.87822  plddt= 0.60062  plddt_pde= 0.62022  | time= 0.74s  mem= 3.20gb 
model   65 :  fape= 2.80842  lddt= 0.87487  rmsd= 1.73976  kabsch= 0.93335  prmsd= 5.15085  plddt= 0.53187  plddt_pde= 0.65248  | time= 0.75s  mem= 3.20gb 
model   66 :  fape= 2.71156  lddt= 0.88713  rmsd= 1.48325  kabsch= 0.88100  prmsd= 4.05866  plddt= 0.61062  plddt_pde= 0.65354  | time= 0.74s  mem= 3.20gb 
model   67 :  fape= 2.74668  lddt= 0.88100  rmsd= 1.77599  kabsch= 1.22933  prmsd= 4.15059  plddt= 0.59687  plddt_pde= 0.65517  | time= 0.75s  mem= 3.20gb 
model   68 :  fape= 2.64880  lddt= 0.88232  rmsd= 2.00903  kabsch= 1.03568  prmsd= 5.31546  plddt= 0.50437  plddt_pde= 0.61559  | time= 0.74s  mem= 3.20gb 
model   69 :  fape= 3.23963  lddt= 0.81444  rmsd= 8.40927  kabsch= 0.94788  prmsd= 7.22038  plddt= 0.46437  plddt_pde= 0.56017  | time= 0.73s  mem= 3.20gb 
model   70 :  fape= 2.89594  lddt= 0.87730  rmsd= 1.64322  kabsch= 1.33733  prmsd= 2.78763  plddt= 0.69937  plddt_pde= 0.65986  | time= 0.73s  mem= 3.20gb 
model   71 :  fape= 2.42220  lddt= 0.90016  rmsd= 1.27198  kabsch= 0.94318  prmsd= 3.04673  plddt= 0.77688  plddt_pde= 0.70008  | time= 0.73s  mem= 3.20gb 
model   72 :  fape= 2.86900  lddt= 0.86520  rmsd= 2.40969  kabsch= 1.79779  prmsd= 3.97347  plddt= 0.59000  plddt_pde= 0.63052  | time= 0.74s  mem= 3.20gb 
model   73 :  fape= 2.50805  lddt= 0.90835  rmsd= 1.30164  kabsch= 1.07162  prmsd= 3.94715  plddt= 0.61812  plddt_pde= 0.64152  | time= 0.74s  mem= 3.20gb 
model   74 :  fape= 2.73960  lddt= 0.87954  rmsd= 1.32288  kabsch= 1.05088  prmsd= 2.20700  plddt= 0.82125  plddt_pde= 0.71115  | time= 0.74s  mem= 3.20gb 
model   75 :  fape= 3.01167  lddt= 0.86029  rmsd= 2.41836  kabsch= 1.70224  prmsd= 4.78904  plddt= 0.56562  plddt_pde= 0.59024  | time= 1.15s  mem= 3.20gb 
model   76 :  fape= 2.37277  lddt= 0.90707  rmsd= 1.07619  kabsch= 0.75515  prmsd= 3.59711  plddt= 0.63563  plddt_pde= 0.68098  | time= 0.74s  mem= 3.20gb 
model   77 :  fape= 2.62550  lddt= 0.88247  rmsd= 2.42919  kabsch= 1.76667  prmsd= 6.46439  plddt= 0.46750  plddt_pde= 0.55435  | time= 0.73s  mem= 3.20gb 
model   78 :  fape= 2.59172  lddt= 0.88218  rmsd= 1.56652  kabsch= 1.09662  prmsd= 6.22441  plddt= 0.47562  plddt_pde= 0.58513  | time= 0.74s  mem= 3.20gb 
model   79 :  fape= 2.57819  lddt= 0.88606  rmsd= 1.42507  kabsch= 1.06207  prmsd= 4.73841  plddt= 0.56813  plddt_pde= 0.64084  | time= 0.73s  mem= 3.20gb 
model   80 :  fape= 2.73898  lddt= 0.87980  rmsd= 1.32876  kabsch= 0.89249  prmsd= 2.56297  plddt= 0.82313  plddt_pde= 0.67848  | time= 0.74s  mem= 3.20gb 
model   81 :  fape= 3.19655  lddt= 0.81512  rmsd= 8.71210  kabsch= 1.17309  prmsd= 4.43386  plddt= 0.56875  plddt_pde= 0.59710  | time= 0.74s  mem= 3.20gb 
model   82 :  fape= 2.64219  lddt= 0.88518  rmsd= 1.26226  kabsch= 0.93681  prmsd= 3.81517  plddt= 0.60562  plddt_pde= 0.64946  | time= 0.75s  mem= 3.20gb 
model   83 :  fape= 3.08961  lddt= 0.82095  rmsd= 7.75062  kabsch= 1.68409  prmsd= 7.34900  plddt= 0.45062  plddt_pde= 0.49133  | time= 0.74s  mem= 3.20gb 
model   84 :  fape= 2.57782  lddt= 0.87502  rmsd= 1.78868  kabsch= 1.07747  prmsd= 5.09601  plddt= 0.55375  plddt_pde= 0.62692  | time= 0.74s  mem= 3.20gb 
model   85 :  fape= 2.81726  lddt= 0.87745  rmsd= 1.38374  kabsch= 0.92697  prmsd= 6.27980  plddt= 0.46750  plddt_pde= 0.58349  | time= 0.74s  mem= 3.20gb 
model   86 :  fape= 3.01010  lddt= 0.85530  rmsd= 2.86738  kabsch= 2.19729  prmsd= 5.79695  plddt= 0.49000  plddt_pde= 0.61632  | time= 0.74s  mem= 3.20gb 
model   87 :  fape= 3.29170  lddt= 0.80767  rmsd= 8.63071  kabsch= 1.05729  prmsd= 4.39100  plddt= 0.56187  plddt_pde= 0.63619  | time= 0.74s  mem= 3.20gb 
model   88 :  fape= 2.85057  lddt= 0.86521  rmsd= 2.85402  kabsch= 2.07021  prmsd= 6.39507  plddt= 0.48125  plddt_pde= 0.54405  | time= 0.74s  mem= 3.20gb 
model   89 :  fape= 2.90130  lddt= 0.86188  rmsd= 2.24413  kabsch= 1.81208  prmsd= 3.75550  plddt= 0.64937  plddt_pde= 0.66534  | time= 0.74s  mem= 3.20gb 
model   90 :  fape= 2.85121  lddt= 0.87178  rmsd= 1.74942  kabsch= 1.09972  prmsd= 4.85408  plddt= 0.52500  plddt_pde= 0.60775  | time= 0.74s  mem= 3.20gb 
model   91 :  fape= 3.12178  lddt= 0.82091  rmsd= 8.38558  kabsch= 0.85351  prmsd= 6.62612  plddt= 0.47937  plddt_pde= 0.58072  | time= 0.73s  mem= 3.20gb 
model   92 :  fape= 3.24807  lddt= 0.82541  rmsd= 6.66676  kabsch= 2.50982  prmsd= 7.32257  plddt= 0.46250  plddt_pde= 0.44869  | time= 0.73s  mem= 3.20gb 
model   93 :  fape= 3.11170  lddt= 0.86072  rmsd= 2.27859  kabsch= 1.96100  prmsd= 2.84739  plddt= 0.75687  plddt_pde= 0.67404  | time= 0.73s  mem= 3.20gb 
model   94 :  fape= 2.87846  lddt= 0.87212  rmsd= 1.74055  kabsch= 0.75891  prmsd= 3.77592  plddt= 0.64437  plddt_pde= 0.61929  | time= 0.73s  mem= 3.20gb 
model   95 :  fape= 2.84177  lddt= 0.86857  rmsd= 2.68108  kabsch= 2.28584  prmsd= 5.06278  plddt= 0.59250  plddt_pde= 0.61285  | time= 0.73s  mem= 3.20gb 
model   96 :  fape= 2.96714  lddt= 0.87171  rmsd= 1.79543  kabsch= 1.18479  prmsd= 4.31233  plddt= 0.61812  plddt_pde= 0.64568  | time= 0.73s  mem= 3.20gb 
model   97 :  fape= 2.88971  lddt= 0.87078  rmsd= 1.60772  kabsch= 1.08470  prmsd= 3.92481  plddt= 0.63062  plddt_pde= 0.65037  | time= 0.73s  mem= 3.20gb 
model   98 :  fape= 2.89414  lddt= 0.87005  rmsd= 1.96701  kabsch= 1.51178  prmsd= 4.90456  plddt= 0.53500  plddt_pde= 0.60804  | time= 0.73s  mem= 3.20gb 
model   99 :  fape= 2.95115  lddt= 0.86069  rmsd= 2.49177  kabsch= 2.14373  prmsd= 4.15289  plddt= 0.59500  plddt_pde= 0.66826  | time= 0.73s  mem= 3.20gb 
model  100 :  fape= 2.49485  lddt= 0.90825  rmsd= 1.36408  kabsch= 1.08045  prmsd= 2.71340  plddt= 0.69438  plddt_pde= 0.66679  | time= 0.73s  mem= 3.20gb 
Ranking predictions based on prmsd. This will make the model numbers, and the CSV file look different from the above printed results.
Wrote generated models to 13_PLACER_outputs/EPH_relaxed_0001_pdb2pqr_Repair_213_r2_0001/EPH_relaxed_0001_pdb2pqr_Repair_213_r2_0001_complex_model.pdb
Wrote scores to 13_PLACER_outputs/EPH_relaxed_0001_pdb2pqr_Repair_213_r2_0001/EPH_relaxed_0001_pdb2pqr_Repair_213_r2_0001_complex.csv
Finished predicting 1 structures in 77.92 seconds.
