# device:  cuda:0
Using checkpoint: /home/dongdong/PLACER/examples/../weights/PLACER_model_1.pt
# variables:  5071802
# number of PDB files to process: 1
Reading ligand TRT reference definition from file: 13_PLACER_inputs/EPH_relaxed_0001_pdb2pqr_Repair_27_r2_0001_ligand.sdf
Keeping these ligands fixed during prediction IF they are in the crop: [].
--> 0 EPH_relaxed_0001_pdb2pqr_Repair_27_r2_0001_complex {ID:type/atoms/bonds} : {A:polypeptide(L)/5036/5117; B:nonpoly/82/86}
model    1 :  fape= 2.71647  lddt= 0.88087  rmsd= 1.61248  kabsch= 0.85400  prmsd= 3.72455  plddt= 0.65750  plddt_pde= 0.66349  | time= 1.81s  mem= 3.07gb 
model    2 :  fape= 3.10517  lddt= 0.84056  rmsd= 2.03776  kabsch= 0.91101  prmsd= 3.82704  plddt= 0.70000  plddt_pde= 0.67330  | time= 0.79s  mem= 3.21gb 
model    3 :  fape= 3.01524  lddt= 0.84094  rmsd= 4.62056  kabsch= 1.28699  prmsd= 7.23342  plddt= 0.45312  plddt_pde= 0.47522  | time= 0.74s  mem= 3.21gb 
model    4 :  fape= 2.60492  lddt= 0.88885  rmsd= 1.26307  kabsch= 1.05084  prmsd= 3.00958  plddt= 0.71000  plddt_pde= 0.71448  | time= 0.75s  mem= 3.21gb 
model    5 :  fape= 2.92415  lddt= 0.85900  rmsd= 2.84888  kabsch= 2.33613  prmsd= 6.32202  plddt= 0.48250  plddt_pde= 0.55683  | time= 0.75s  mem= 3.21gb 
model    6 :  fape= 3.01228  lddt= 0.82490  rmsd= 8.62886  kabsch= 0.96116  prmsd= 6.59276  plddt= 0.46812  plddt_pde= 0.58303  | time= 0.77s  mem= 3.21gb 
model    7 :  fape= 2.73937  lddt= 0.88117  rmsd= 2.71667  kabsch= 2.19598  prmsd= 5.16589  plddt= 0.52875  plddt_pde= 0.61826  | time= 0.76s  mem= 3.21gb 
model    8 :  fape= 2.76509  lddt= 0.87949  rmsd= 1.61458  kabsch= 1.00845  prmsd= 3.34195  plddt= 0.71062  plddt_pde= 0.67406  | time= 0.77s  mem= 3.21gb 
model    9 :  fape= 3.01944  lddt= 0.85783  rmsd= 2.89687  kabsch= 2.44401  prmsd= 4.41393  plddt= 0.70437  plddt_pde= 0.54736  | time= 0.77s  mem= 3.21gb 
model   10 :  fape= 3.17537  lddt= 0.81543  rmsd= 8.00272  kabsch= 1.24616  prmsd= 6.85081  plddt= 0.45875  plddt_pde= 0.48221  | time= 0.77s  mem= 3.21gb 
model   11 :  fape= 2.70855  lddt= 0.87873  rmsd= 1.57977  kabsch= 0.85517  prmsd= 6.60155  plddt= 0.47562  plddt_pde= 0.55064  | time= 0.75s  mem= 3.21gb 
model   12 :  fape= 3.18272  lddt= 0.82099  rmsd= 7.41964  kabsch= 1.75286  prmsd= 7.19674  plddt= 0.46000  plddt_pde= 0.45175  | time= 0.77s  mem= 3.21gb 
model   13 :  fape= 2.80575  lddt= 0.87072  rmsd= 2.03522  kabsch= 1.58300  prmsd= 4.63821  plddt= 0.54937  plddt_pde= 0.62137  | time= 0.77s  mem= 3.21gb 
model   14 :  fape= 2.60995  lddt= 0.89016  rmsd= 1.33857  kabsch= 0.80405  prmsd= 3.61655  plddt= 0.69062  plddt_pde= 0.70653  | time= 0.77s  mem= 3.21gb 
model   15 :  fape= 2.95834  lddt= 0.86245  rmsd= 2.53042  kabsch= 2.03084  prmsd= 3.55249  plddt= 0.64875  plddt_pde= 0.62259  | time= 0.76s  mem= 3.21gb 
model   16 :  fape= 3.22240  lddt= 0.81594  rmsd= 8.29571  kabsch= 1.06747  prmsd= 7.11638  plddt= 0.45437  plddt_pde= 0.56257  | time= 0.75s  mem= 3.21gb 
model   17 :  fape= 3.18138  lddt= 0.81787  rmsd= 7.86426  kabsch= 2.24746  prmsd= 7.23483  plddt= 0.46062  plddt_pde= 0.52794  | time= 0.75s  mem= 3.21gb 
model   18 :  fape= 2.59639  lddt= 0.89461  rmsd= 1.54221  kabsch= 0.94370  prmsd= 3.64524  plddt= 0.66375  plddt_pde= 0.66979  | time= 0.74s  mem= 3.21gb 
model   19 :  fape= 2.71640  lddt= 0.88378  rmsd= 1.37442  kabsch= 0.69364  prmsd= 2.54878  plddt= 0.74375  plddt_pde= 0.69091  | time= 0.77s  mem= 3.21gb 
model   20 :  fape= 3.03187  lddt= 0.84585  rmsd= 3.12778  kabsch= 1.92685  prmsd= 6.96129  plddt= 0.46062  plddt_pde= 0.50967  | time= 0.76s  mem= 3.21gb 
model   21 :  fape= 3.00209  lddt= 0.85931  rmsd= 2.52632  kabsch= 2.21776  prmsd= 4.35440  plddt= 0.59875  plddt_pde= 0.63990  | time= 0.74s  mem= 3.21gb 
model   22 :  fape= 3.15730  lddt= 0.81331  rmsd= 8.95149  kabsch= 2.07815  prmsd= 3.90748  plddt= 0.61437  plddt_pde= 0.65146  | time= 0.74s  mem= 3.21gb 
model   23 :  fape= 3.09816  lddt= 0.83022  rmsd= 6.30819  kabsch= 1.76518  prmsd= 6.86185  plddt= 0.47562  plddt_pde= 0.49726  | time= 0.74s  mem= 3.21gb 
model   24 :  fape= 2.82147  lddt= 0.87155  rmsd= 2.35263  kabsch= 1.86109  prmsd= 4.02076  plddt= 0.61625  plddt_pde= 0.62251  | time= 0.75s  mem= 3.21gb 
model   25 :  fape= 2.85881  lddt= 0.86884  rmsd= 1.75103  kabsch= 0.84139  prmsd= 4.36413  plddt= 0.69937  plddt_pde= 0.63553  | time= 0.74s  mem= 3.21gb 
model   26 :  fape= 3.27342  lddt= 0.82786  rmsd= 2.71928  kabsch= 2.09044  prmsd= 2.90399  plddt= 0.68687  plddt_pde= 0.62139  | time= 0.75s  mem= 3.21gb 
model   27 :  fape= 2.94280  lddt= 0.84791  rmsd= 2.93581  kabsch= 2.08633  prmsd= 7.16964  plddt= 0.45250  plddt_pde= 0.51226  | time= 0.75s  mem= 3.21gb 
model   28 :  fape= 3.31561  lddt= 0.80143  rmsd= 8.67096  kabsch= 1.56705  prmsd= 5.48844  plddt= 0.48625  plddt_pde= 0.60556  | time= 0.74s  mem= 3.21gb 
model   29 :  fape= 2.78438  lddt= 0.86301  rmsd= 1.81809  kabsch= 1.22310  prmsd= 3.33322  plddt= 0.68938  plddt_pde= 0.73190  | time= 0.74s  mem= 3.21gb 
model   30 :  fape= 3.00864  lddt= 0.84693  rmsd= 1.90220  kabsch= 1.18143  prmsd= 2.61965  plddt= 0.88500  plddt_pde= 0.76466  | time= 0.75s  mem= 3.21gb 
model   31 :  fape= 2.87785  lddt= 0.83946  rmsd= 8.21019  kabsch= 1.57819  prmsd= 7.05791  plddt= 0.46687  plddt_pde= 0.50142  | time= 0.74s  mem= 3.21gb 
model   32 :  fape= 2.80091  lddt= 0.88254  rmsd= 1.27810  kabsch= 0.74565  prmsd= 3.51226  plddt= 0.65687  plddt_pde= 0.69661  | time= 0.75s  mem= 3.21gb 
model   33 :  fape= 2.70265  lddt= 0.87977  rmsd= 1.46015  kabsch= 0.79036  prmsd= 4.51720  plddt= 0.62687  plddt_pde= 0.67972  | time= 0.74s  mem= 3.21gb 
model   34 :  fape= 2.98264  lddt= 0.82671  rmsd= 8.29886  kabsch= 1.50641  prmsd= 7.63836  plddt= 0.44812  plddt_pde= 0.50469  | time= 1.58s  mem= 3.21gb 
model   35 :  fape= 2.68212  lddt= 0.88681  rmsd= 1.50630  kabsch= 1.09507  prmsd= 2.81315  plddt= 0.71000  plddt_pde= 0.70397  | time= 0.74s  mem= 3.21gb 
model   36 :  fape= 2.93863  lddt= 0.85327  rmsd= 1.92855  kabsch= 0.98462  prmsd= 3.23214  plddt= 0.73187  plddt_pde= 0.70488  | time= 0.74s  mem= 3.21gb 
model   37 :  fape= 2.59221  lddt= 0.89057  rmsd= 1.73100  kabsch= 0.99146  prmsd= 7.03319  plddt= 0.46375  plddt_pde= 0.53272  | time= 0.73s  mem= 3.21gb 
model   38 :  fape= 3.04503  lddt= 0.84928  rmsd= 2.79727  kabsch= 2.20809  prmsd= 4.80337  plddt= 0.57500  plddt_pde= 0.66754  | time= 0.74s  mem= 3.21gb 
model   39 :  fape= 3.08009  lddt= 0.85867  rmsd= 2.65023  kabsch= 2.11742  prmsd= 3.15460  plddt= 0.68813  plddt_pde= 0.67547  | time= 0.73s  mem= 3.21gb 
model   40 :  fape= 3.06810  lddt= 0.82707  rmsd= 7.20522  kabsch= 1.94165  prmsd= 7.33891  plddt= 0.46000  plddt_pde= 0.46614  | time= 0.73s  mem= 3.21gb 
model   41 :  fape= 2.64276  lddt= 0.88960  rmsd= 1.42914  kabsch= 0.79407  prmsd= 5.95759  plddt= 0.47187  plddt_pde= 0.64327  | time= 0.74s  mem= 3.21gb 
model   42 :  fape= 2.58692  lddt= 0.88861  rmsd= 1.97207  kabsch= 1.39508  prmsd= 3.93074  plddt= 0.61375  plddt_pde= 0.62514  | time= 0.74s  mem= 3.21gb 
model   43 :  fape= 2.86213  lddt= 0.86898  rmsd= 2.21162  kabsch= 1.67938  prmsd= 4.05413  plddt= 0.59812  plddt_pde= 0.65593  | time= 0.73s  mem= 3.21gb 
model   44 :  fape= 2.87972  lddt= 0.86403  rmsd= 2.47032  kabsch= 1.45456  prmsd= 5.06159  plddt= 0.54750  plddt_pde= 0.57435  | time= 0.73s  mem= 3.21gb 
model   45 :  fape= 3.19819  lddt= 0.82158  rmsd= 7.12990  kabsch= 1.52054  prmsd= 7.07363  plddt= 0.45437  plddt_pde= 0.49642  | time= 0.73s  mem= 3.21gb 
model   46 :  fape= 3.02312  lddt= 0.83860  rmsd= 4.23019  kabsch= 1.42864  prmsd= 7.08955  plddt= 0.45500  plddt_pde= 0.48462  | time= 0.73s  mem= 3.21gb 
model   47 :  fape= 3.07637  lddt= 0.83717  rmsd= 4.33862  kabsch= 1.76090  prmsd= 7.20312  plddt= 0.45312  plddt_pde= 0.49560  | time= 0.73s  mem= 3.21gb 
model   48 :  fape= 2.98920  lddt= 0.82968  rmsd= 8.60271  kabsch= 2.02417  prmsd= 3.83348  plddt= 0.67313  plddt_pde= 0.68799  | time= 0.74s  mem= 3.21gb 
model   49 :  fape= 2.67890  lddt= 0.88451  rmsd= 1.38237  kabsch= 0.89726  prmsd= 2.57198  plddt= 0.73625  plddt_pde= 0.71086  | time= 0.74s  mem= 3.21gb 
model   50 :  fape= 2.73658  lddt= 0.87723  rmsd= 1.84208  kabsch= 0.82767  prmsd= 4.98789  plddt= 0.61437  plddt_pde= 0.67239  | time= 0.74s  mem= 3.21gb 
model   51 :  fape= 2.64743  lddt= 0.88539  rmsd= 1.21562  kabsch= 0.76681  prmsd= 5.86977  plddt= 0.48875  plddt_pde= 0.59581  | time= 0.74s  mem= 3.21gb 
model   52 :  fape= 2.71266  lddt= 0.87840  rmsd= 1.63959  kabsch= 0.97246  prmsd= 4.93774  plddt= 0.57125  plddt_pde= 0.64397  | time= 0.74s  mem= 3.21gb 
model   53 :  fape= 2.62056  lddt= 0.88948  rmsd= 1.29363  kabsch= 0.66609  prmsd= 3.37758  plddt= 0.67875  plddt_pde= 0.71706  | time= 0.74s  mem= 3.21gb 
model   54 :  fape= 2.65385  lddt= 0.88462  rmsd= 1.65555  kabsch= 0.71661  prmsd= 5.34209  plddt= 0.51313  plddt_pde= 0.66161  | time= 0.74s  mem= 3.21gb 
model   55 :  fape= 2.87645  lddt= 0.85747  rmsd= 3.19251  kabsch= 2.04149  prmsd= 7.04485  plddt= 0.45625  plddt_pde= 0.51919  | time= 0.73s  mem= 3.21gb 
model   56 :  fape= 3.00302  lddt= 0.84473  rmsd= 3.49513  kabsch= 1.91559  prmsd= 7.09104  plddt= 0.45187  plddt_pde= 0.51518  | time= 0.73s  mem= 3.21gb 
model   57 :  fape= 2.78256  lddt= 0.86309  rmsd= 3.43483  kabsch= 2.11649  prmsd= 6.34387  plddt= 0.47125  plddt_pde= 0.52707  | time= 0.73s  mem= 3.21gb 
model   58 :  fape= 2.81993  lddt= 0.83690  rmsd= 8.42488  kabsch= 1.22408  prmsd= 7.46154  plddt= 0.45312  plddt_pde= 0.52349  | time= 0.75s  mem= 3.21gb 
model   59 :  fape= 2.89444  lddt= 0.86272  rmsd= 2.10012  kabsch= 1.24759  prmsd= 2.77695  plddt= 0.77750  plddt_pde= 0.67321  | time= 0.73s  mem= 3.21gb 
model   60 :  fape= 2.70804  lddt= 0.88205  rmsd= 1.82210  kabsch= 0.76227  prmsd= 3.42506  plddt= 0.69375  plddt_pde= 0.65272  | time= 0.73s  mem= 3.21gb 
model   61 :  fape= 2.94184  lddt= 0.85755  rmsd= 1.76637  kabsch= 1.41609  prmsd= 2.85919  plddt= 0.72625  plddt_pde= 0.70274  | time= 0.74s  mem= 3.21gb 
model   62 :  fape= 3.01917  lddt= 0.85756  rmsd= 2.55176  kabsch= 2.20132  prmsd= 2.93199  plddt= 0.73687  plddt_pde= 0.67868  | time= 0.74s  mem= 3.21gb 
model   63 :  fape= 3.28520  lddt= 0.80699  rmsd= 8.63726  kabsch= 0.88724  prmsd= 5.17728  plddt= 0.53375  plddt_pde= 0.61195  | time= 0.74s  mem= 3.21gb 
model   64 :  fape= 2.67433  lddt= 0.88228  rmsd= 1.91860  kabsch= 0.77932  prmsd= 6.72901  plddt= 0.47187  plddt_pde= 0.55202  | time= 0.74s  mem= 3.21gb 
model   65 :  fape= 2.75114  lddt= 0.88026  rmsd= 1.59862  kabsch= 0.91611  prmsd= 6.49108  plddt= 0.47687  plddt_pde= 0.57469  | time= 0.75s  mem= 3.21gb 
model   66 :  fape= 3.00736  lddt= 0.86009  rmsd= 2.36067  kabsch= 1.90787  prmsd= 4.30274  plddt= 0.59500  plddt_pde= 0.64103  | time= 0.75s  mem= 3.21gb 
model   67 :  fape= 2.49458  lddt= 0.88981  rmsd= 1.26549  kabsch= 0.71330  prmsd= 2.83287  plddt= 0.83875  plddt_pde= 0.73681  | time= 0.74s  mem= 3.21gb 
model   68 :  fape= 3.13117  lddt= 0.84432  rmsd= 3.33142  kabsch= 2.32011  prmsd= 6.77698  plddt= 0.45687  plddt_pde= 0.51087  | time= 0.75s  mem= 3.21gb 
model   69 :  fape= 2.43307  lddt= 0.90102  rmsd= 1.23097  kabsch= 0.74630  prmsd= 4.02931  plddt= 0.59625  plddt_pde= 0.64566  | time= 0.74s  mem= 3.21gb 
model   70 :  fape= 3.15193  lddt= 0.83351  rmsd= 5.63715  kabsch= 2.50906  prmsd= 6.22930  plddt= 0.48437  plddt_pde= 0.40614  | time= 0.74s  mem= 3.21gb 
model   71 :  fape= 2.71912  lddt= 0.88320  rmsd= 1.62564  kabsch= 0.52337  prmsd= 3.91954  plddt= 0.66375  plddt_pde= 0.69137  | time= 0.74s  mem= 3.21gb 
model   72 :  fape= 2.39051  lddt= 0.89949  rmsd= 1.62275  kabsch= 1.27376  prmsd= 3.96265  plddt= 0.59562  plddt_pde= 0.71884  | time= 0.74s  mem= 3.21gb 
model   73 :  fape= 2.95538  lddt= 0.85606  rmsd= 1.73189  kabsch= 1.27048  prmsd= 2.33238  plddt= 0.85187  plddt_pde= 0.74161  | time= 0.74s  mem= 3.21gb 
model   74 :  fape= 2.96205  lddt= 0.85601  rmsd= 2.53584  kabsch= 1.65603  prmsd= 7.10096  plddt= 0.46187  plddt_pde= 0.51410  | time= 1.34s  mem= 3.21gb 
model   75 :  fape= 2.56266  lddt= 0.89448  rmsd= 1.75199  kabsch= 0.65823  prmsd= 3.33009  plddt= 0.72625  plddt_pde= 0.71811  | time= 0.74s  mem= 3.21gb 
model   76 :  fape= 2.75734  lddt= 0.86802  rmsd= 1.84960  kabsch= 1.02900  prmsd= 7.38611  plddt= 0.44125  plddt_pde= 0.51390  | time= 0.73s  mem= 3.21gb 
model   77 :  fape= 2.50788  lddt= 0.88893  rmsd= 1.47921  kabsch= 0.96024  prmsd= 3.65604  plddt= 0.67062  plddt_pde= 0.67549  | time= 0.74s  mem= 3.21gb 
model   78 :  fape= 2.53677  lddt= 0.89629  rmsd= 1.66036  kabsch= 0.89613  prmsd= 4.70830  plddt= 0.56500  plddt_pde= 0.60854  | time= 0.73s  mem= 3.21gb 
model   79 :  fape= 2.75284  lddt= 0.88609  rmsd= 1.58652  kabsch= 0.85794  prmsd= 3.62646  plddt= 0.65125  plddt_pde= 0.66212  | time= 0.74s  mem= 3.21gb 
model   80 :  fape= 2.71291  lddt= 0.88250  rmsd= 1.85460  kabsch= 1.17797  prmsd= 6.84847  plddt= 0.45562  plddt_pde= 0.51392  | time= 0.73s  mem= 3.21gb 
model   81 :  fape= 2.87317  lddt= 0.87983  rmsd= 1.73954  kabsch= 0.74188  prmsd= 3.09361  plddt= 0.72375  plddt_pde= 0.67636  | time= 0.73s  mem= 3.21gb 
model   82 :  fape= 2.94307  lddt= 0.85141  rmsd= 3.13749  kabsch= 2.33704  prmsd= 6.51890  plddt= 0.46625  plddt_pde= 0.54766  | time= 0.74s  mem= 3.21gb 
model   83 :  fape= 2.74959  lddt= 0.88097  rmsd= 1.82181  kabsch= 0.71697  prmsd= 5.74294  plddt= 0.50500  plddt_pde= 0.62323  | time= 0.73s  mem= 3.21gb 
model   84 :  fape= 2.74414  lddt= 0.87690  rmsd= 1.81199  kabsch= 0.77731  prmsd= 4.69419  plddt= 0.56375  plddt_pde= 0.67436  | time= 0.74s  mem= 3.21gb 
model   85 :  fape= 2.95125  lddt= 0.85305  rmsd= 2.21471  kabsch= 1.64440  prmsd= 3.00939  plddt= 0.69062  plddt_pde= 0.65329  | time= 0.73s  mem= 3.21gb 
model   86 :  fape= 3.01707  lddt= 0.83999  rmsd= 5.21608  kabsch= 1.67006  prmsd= 7.14421  plddt= 0.46375  plddt_pde= 0.49719  | time= 0.73s  mem= 3.21gb 
model   87 :  fape= 2.97443  lddt= 0.86754  rmsd= 1.60541  kabsch= 1.07338  prmsd= 2.75486  plddt= 0.72062  plddt_pde= 0.65129  | time= 0.74s  mem= 3.21gb 
model   88 :  fape= 2.86308  lddt= 0.88253  rmsd= 1.51515  kabsch= 1.16414  prmsd= 6.34195  plddt= 0.48500  plddt_pde= 0.58537  | time= 0.73s  mem= 3.21gb 
model   89 :  fape= 3.05820  lddt= 0.85625  rmsd= 2.69601  kabsch= 2.44846  prmsd= 5.11003  plddt= 0.53000  plddt_pde= 0.60408  | time= 0.73s  mem= 3.21gb 
model   90 :  fape= 3.35953  lddt= 0.79967  rmsd= 8.75955  kabsch= 1.74153  prmsd= 5.11252  plddt= 0.61687  plddt_pde= 0.63727  | time= 0.73s  mem= 3.21gb 
model   91 :  fape= 2.84509  lddt= 0.86110  rmsd= 1.81885  kabsch= 1.17566  prmsd= 2.22797  plddt= 0.85750  plddt_pde= 0.73109  | time= 0.73s  mem= 3.21gb 
model   92 :  fape= 2.58829  lddt= 0.88998  rmsd= 1.24631  kabsch= 0.98066  prmsd= 3.15971  plddt= 0.74937  plddt_pde= 0.69193  | time= 0.73s  mem= 3.21gb 
model   93 :  fape= 3.02215  lddt= 0.85534  rmsd= 2.81414  kabsch= 2.30928  prmsd= 3.17144  plddt= 0.69438  plddt_pde= 0.67206  | time= 0.74s  mem= 3.21gb 
model   94 :  fape= 2.40536  lddt= 0.90026  rmsd= 1.35505  kabsch= 0.97218  prmsd= 3.26130  plddt= 0.66250  plddt_pde= 0.68449  | time= 0.73s  mem= 3.21gb 
model   95 :  fape= 2.80241  lddt= 0.88146  rmsd= 1.26816  kabsch= 0.79585  prmsd= 2.47871  plddt= 0.80562  plddt_pde= 0.74351  | time= 0.73s  mem= 3.21gb 
model   96 :  fape= 2.54657  lddt= 0.89547  rmsd= 1.37683  kabsch= 0.92224  prmsd= 3.86930  plddt= 0.59375  plddt_pde= 0.64639  | time= 0.73s  mem= 3.21gb 
model   97 :  fape= 2.74918  lddt= 0.87961  rmsd= 1.71710  kabsch= 0.99399  prmsd= 2.89535  plddt= 0.69687  plddt_pde= 0.67053  | time= 0.73s  mem= 3.21gb 
model   98 :  fape= 2.48485  lddt= 0.89684  rmsd= 1.46633  kabsch= 1.24252  prmsd= 2.95758  plddt= 0.71000  plddt_pde= 0.70189  | time= 0.73s  mem= 3.21gb 
model   99 :  fape= 2.69770  lddt= 0.87846  rmsd= 1.45720  kabsch= 0.68948  prmsd= 6.35060  plddt= 0.46812  plddt_pde= 0.55307  | time= 0.73s  mem= 3.21gb 
model  100 :  fape= 2.76994  lddt= 0.87153  rmsd= 2.94092  kabsch= 2.21999  prmsd= 5.64593  plddt= 0.49125  plddt_pde= 0.57453  | time= 0.73s  mem= 3.21gb 
Ranking predictions based on prmsd. This will make the model numbers, and the CSV file look different from the above printed results.
Wrote generated models to 13_PLACER_outputs/EPH_relaxed_0001_pdb2pqr_Repair_27_r2_0001/EPH_relaxed_0001_pdb2pqr_Repair_27_r2_0001_complex_model.pdb
Wrote scores to 13_PLACER_outputs/EPH_relaxed_0001_pdb2pqr_Repair_27_r2_0001/EPH_relaxed_0001_pdb2pqr_Repair_27_r2_0001_complex.csv
Finished predicting 1 structures in 78.39 seconds.
