# device:  cuda:0
Using checkpoint: /home/dongdong/PLACER/examples/../weights/PLACER_model_1.pt
# variables:  5071802
# number of PDB files to process: 1
Reading ligand TRT reference definition from file: 13_PLACER_inputs/EPH_relaxed_0001_pdb2pqr_Repair_242_r2_0001_ligand.sdf
Keeping these ligands fixed during prediction IF they are in the crop: [].
--> 0 EPH_relaxed_0001_pdb2pqr_Repair_242_r2_0001_complex {ID:type/atoms/bonds} : {A:polypeptide(L)/5038/5119; B:nonpoly/82/86}
model    1 :  fape= 2.56922  lddt= 0.88446  rmsd= 1.44786  kabsch= 0.81793  prmsd= 4.28333  plddt= 0.62000  plddt_pde= 0.64891  | time= 1.82s  mem= 3.08gb 
model    2 :  fape= 3.11242  lddt= 0.83500  rmsd= 2.24763  kabsch= 1.22736  prmsd= 4.40664  plddt= 0.66625  plddt_pde= 0.71255  | time= 0.76s  mem= 3.22gb 
model    3 :  fape= 2.82106  lddt= 0.86244  rmsd= 3.36188  kabsch= 1.99194  prmsd= 6.72332  plddt= 0.47438  plddt_pde= 0.54597  | time= 0.75s  mem= 3.22gb 
model    4 :  fape= 3.15263  lddt= 0.81420  rmsd= 8.09584  kabsch= 1.26110  prmsd= 7.39324  plddt= 0.44875  plddt_pde= 0.49405  | time= 0.75s  mem= 3.22gb 
model    5 :  fape= 3.19018  lddt= 0.81193  rmsd= 8.51124  kabsch= 1.16085  prmsd= 5.84297  plddt= 0.48438  plddt_pde= 0.57432  | time= 0.75s  mem= 3.22gb 
model    6 :  fape= 2.64613  lddt= 0.87918  rmsd= 1.72533  kabsch= 0.89405  prmsd= 5.61030  plddt= 0.50563  plddt_pde= 0.66944  | time= 0.76s  mem= 3.22gb 
model    7 :  fape= 2.41391  lddt= 0.89883  rmsd= 1.44142  kabsch= 1.03943  prmsd= 2.54212  plddt= 0.75437  plddt_pde= 0.70048  | time= 0.76s  mem= 3.22gb 
model    8 :  fape= 2.90272  lddt= 0.86359  rmsd= 2.48819  kabsch= 1.95795  prmsd= 3.67729  plddt= 0.64000  plddt_pde= 0.64364  | time= 0.75s  mem= 3.22gb 
model    9 :  fape= 2.95374  lddt= 0.84969  rmsd= 1.52701  kabsch= 1.07567  prmsd= 2.26602  plddt= 0.82562  plddt_pde= 0.74695  | time= 0.75s  mem= 3.22gb 
model   10 :  fape= 3.29147  lddt= 0.80898  rmsd= 7.94968  kabsch= 1.73738  prmsd= 7.49117  plddt= 0.45125  plddt_pde= 0.47697  | time= 0.76s  mem= 3.22gb 
model   11 :  fape= 2.67688  lddt= 0.87890  rmsd= 2.52513  kabsch= 1.77937  prmsd= 7.06638  plddt= 0.45500  plddt_pde= 0.46851  | time= 0.74s  mem= 3.22gb 
model   12 :  fape= 2.63225  lddt= 0.87949  rmsd= 1.54802  kabsch= 1.02663  prmsd= 4.43950  plddt= 0.57375  plddt_pde= 0.63183  | time= 0.75s  mem= 3.22gb 
model   13 :  fape= 3.05278  lddt= 0.84411  rmsd= 2.10471  kabsch= 1.00980  prmsd= 4.95279  plddt= 0.61187  plddt_pde= 0.70189  | time= 0.75s  mem= 3.22gb 
model   14 :  fape= 2.65720  lddt= 0.88619  rmsd= 1.36947  kabsch= 0.83115  prmsd= 4.53235  plddt= 0.55750  plddt_pde= 0.69144  | time= 0.78s  mem= 3.22gb 
model   15 :  fape= 2.83710  lddt= 0.87306  rmsd= 2.05576  kabsch= 1.64405  prmsd= 4.03365  plddt= 0.58687  plddt_pde= 0.61455  | time= 0.74s  mem= 3.22gb 
model   16 :  fape= 3.01792  lddt= 0.85009  rmsd= 2.77436  kabsch= 2.03941  prmsd= 3.35083  plddt= 0.68625  plddt_pde= 0.63711  | time= 0.74s  mem= 3.22gb 
model   17 :  fape= 3.27193  lddt= 0.80385  rmsd= 8.63096  kabsch= 1.31815  prmsd= 6.83834  plddt= 0.46937  plddt_pde= 0.50896  | time= 0.74s  mem= 3.22gb 
model   18 :  fape= 3.26418  lddt= 0.81768  rmsd= 7.11088  kabsch= 1.79103  prmsd= 7.24697  plddt= 0.45500  plddt_pde= 0.45031  | time= 0.74s  mem= 3.22gb 
model   19 :  fape= 2.93410  lddt= 0.83197  rmsd= 8.32290  kabsch= 0.78729  prmsd= 6.60057  plddt= 0.46437  plddt_pde= 0.56936  | time= 0.74s  mem= 3.22gb 
model   20 :  fape= 2.92611  lddt= 0.85633  rmsd= 2.84035  kabsch= 2.23644  prmsd= 6.59924  plddt= 0.47437  plddt_pde= 0.55955  | time= 0.75s  mem= 3.22gb 
model   21 :  fape= 2.40526  lddt= 0.90019  rmsd= 1.47499  kabsch= 0.82737  prmsd= 4.58699  plddt= 0.55500  plddt_pde= 0.63781  | time= 0.75s  mem= 3.22gb 
model   22 :  fape= 2.45421  lddt= 0.88768  rmsd= 1.68933  kabsch= 0.73285  prmsd= 5.26965  plddt= 0.54688  plddt_pde= 0.61837  | time= 0.74s  mem= 3.22gb 
model   23 :  fape= 2.63531  lddt= 0.88613  rmsd= 1.54523  kabsch= 1.01411  prmsd= 4.04887  plddt= 0.61437  plddt_pde= 0.67650  | time= 0.74s  mem= 3.22gb 
model   24 :  fape= 2.83493  lddt= 0.87979  rmsd= 1.57860  kabsch= 1.08713  prmsd= 3.55905  plddt= 0.64625  plddt_pde= 0.65560  | time= 0.74s  mem= 3.22gb 
model   25 :  fape= 2.85645  lddt= 0.87432  rmsd= 1.71406  kabsch= 1.45294  prmsd= 6.50591  plddt= 0.46000  plddt_pde= 0.51082  | time= 0.74s  mem= 3.22gb 
model   26 :  fape= 3.06921  lddt= 0.84571  rmsd= 3.45941  kabsch= 2.07627  prmsd= 5.91233  plddt= 0.48063  plddt_pde= 0.62961  | time= 0.73s  mem= 3.22gb 
model   27 :  fape= 2.91771  lddt= 0.83565  rmsd= 8.34587  kabsch= 1.58414  prmsd= 5.97892  plddt= 0.48750  plddt_pde= 0.54807  | time= 0.73s  mem= 3.22gb 
model   28 :  fape= 3.22808  lddt= 0.81832  rmsd= 8.13844  kabsch= 2.23814  prmsd= 6.52074  plddt= 0.49250  plddt_pde= 0.55035  | time= 0.73s  mem= 3.22gb 
model   29 :  fape= 2.82166  lddt= 0.85068  rmsd= 3.99995  kabsch= 1.96657  prmsd= 6.45046  plddt= 0.49875  plddt_pde= 0.50864  | time= 0.73s  mem= 3.22gb 
model   30 :  fape= 2.47900  lddt= 0.89510  rmsd= 1.20731  kabsch= 0.77629  prmsd= 3.93239  plddt= 0.67437  plddt_pde= 0.70990  | time= 0.74s  mem= 3.22gb 
model   31 :  fape= 3.08711  lddt= 0.84574  rmsd= 3.03329  kabsch= 2.23479  prmsd= 3.24908  plddt= 0.70812  plddt_pde= 0.63644  | time= 0.75s  mem= 3.22gb 
model   32 :  fape= 2.75891  lddt= 0.87513  rmsd= 1.65717  kabsch= 0.69652  prmsd= 2.72517  plddt= 0.77625  plddt_pde= 0.68456  | time= 0.74s  mem= 3.22gb 
model   33 :  fape= 2.67912  lddt= 0.88533  rmsd= 1.34247  kabsch= 0.68460  prmsd= 4.95872  plddt= 0.52375  plddt_pde= 0.63769  | time= 0.73s  mem= 3.22gb 
model   34 :  fape= 2.68409  lddt= 0.88224  rmsd= 2.12199  kabsch= 1.64226  prmsd= 5.85157  plddt= 0.49500  plddt_pde= 0.57739  | time= 1.61s  mem= 3.22gb 
model   35 :  fape= 2.57495  lddt= 0.89104  rmsd= 1.33201  kabsch= 1.06483  prmsd= 3.53352  plddt= 0.66187  plddt_pde= 0.71171  | time= 0.75s  mem= 3.22gb 
model   36 :  fape= 2.61191  lddt= 0.88299  rmsd= 1.82742  kabsch= 0.74346  prmsd= 3.51512  plddt= 0.73937  plddt_pde= 0.67939  | time= 0.75s  mem= 3.22gb 
model   37 :  fape= 3.14261  lddt= 0.81138  rmsd= 8.86273  kabsch= 2.11931  prmsd= 3.25952  plddt= 0.71438  plddt_pde= 0.73818  | time= 0.83s  mem= 3.22gb 
model   38 :  fape= 2.84936  lddt= 0.87631  rmsd= 1.30498  kabsch= 0.94091  prmsd= 3.21430  plddt= 0.68812  plddt_pde= 0.70149  | time= 0.74s  mem= 3.22gb 
model   39 :  fape= 2.99942  lddt= 0.84751  rmsd= 3.20777  kabsch= 2.19120  prmsd= 6.25149  plddt= 0.47375  plddt_pde= 0.60448  | time= 0.75s  mem= 3.22gb 
model   40 :  fape= 2.71586  lddt= 0.88589  rmsd= 1.16428  kabsch= 0.83767  prmsd= 3.72500  plddt= 0.63812  plddt_pde= 0.63662  | time= 0.75s  mem= 3.22gb 
model   41 :  fape= 2.64162  lddt= 0.88943  rmsd= 1.19476  kabsch= 0.83519  prmsd= 3.95168  plddt= 0.61500  plddt_pde= 0.66031  | time= 0.74s  mem= 3.22gb 
model   42 :  fape= 3.01337  lddt= 0.85795  rmsd= 1.88203  kabsch= 1.36659  prmsd= 2.72519  plddt= 0.73438  plddt_pde= 0.62152  | time= 0.74s  mem= 3.22gb 
model   43 :  fape= 2.74127  lddt= 0.88390  rmsd= 1.40570  kabsch= 1.10206  prmsd= 3.39776  plddt= 0.65000  plddt_pde= 0.66850  | time= 0.74s  mem= 3.22gb 
model   44 :  fape= 2.55258  lddt= 0.88609  rmsd= 1.35652  kabsch= 0.81630  prmsd= 4.34894  plddt= 0.58937  plddt_pde= 0.72781  | time= 0.73s  mem= 3.22gb 
model   45 :  fape= 2.67173  lddt= 0.87785  rmsd= 1.60197  kabsch= 1.02770  prmsd= 2.58108  plddt= 0.73250  plddt_pde= 0.69306  | time= 0.73s  mem= 3.22gb 
model   46 :  fape= 2.83420  lddt= 0.86173  rmsd= 2.95760  kabsch= 2.13926  prmsd= 6.67450  plddt= 0.47687  plddt_pde= 0.51669  | time= 0.73s  mem= 3.22gb 
model   47 :  fape= 2.59831  lddt= 0.88477  rmsd= 1.39627  kabsch= 0.81731  prmsd= 3.09310  plddt= 0.68437  plddt_pde= 0.65881  | time= 0.73s  mem= 3.22gb 
model   48 :  fape= 2.93762  lddt= 0.86009  rmsd= 2.26902  kabsch= 1.74344  prmsd= 6.60408  plddt= 0.46938  plddt_pde= 0.51953  | time= 0.73s  mem= 3.22gb 
model   49 :  fape= 3.23104  lddt= 0.81751  rmsd= 8.16118  kabsch= 1.91321  prmsd= 7.06727  plddt= 0.46375  plddt_pde= 0.50969  | time= 0.73s  mem= 3.22gb 
model   50 :  fape= 3.08785  lddt= 0.84796  rmsd= 2.89854  kabsch= 2.12717  prmsd= 6.52927  plddt= 0.47812  plddt_pde= 0.54438  | time= 0.73s  mem= 3.22gb 
model   51 :  fape= 2.74057  lddt= 0.87637  rmsd= 1.63232  kabsch= 1.05506  prmsd= 2.71338  plddt= 0.70750  plddt_pde= 0.74071  | time= 0.73s  mem= 3.22gb 
model   52 :  fape= 3.28456  lddt= 0.80573  rmsd= 8.52855  kabsch= 1.19081  prmsd= 6.89160  plddt= 0.45312  plddt_pde= 0.60409  | time= 0.73s  mem= 3.22gb 
model   53 :  fape= 2.67418  lddt= 0.89327  rmsd= 1.50779  kabsch= 0.96454  prmsd= 3.23252  plddt= 0.66750  plddt_pde= 0.64482  | time= 0.73s  mem= 3.22gb 
model   54 :  fape= 2.84461  lddt= 0.85829  rmsd= 1.89866  kabsch= 1.21930  prmsd= 2.33647  plddt= 0.89250  plddt_pde= 0.75801  | time= 0.73s  mem= 3.22gb 
model   55 :  fape= 3.23224  lddt= 0.81178  rmsd= 7.84360  kabsch= 1.94815  prmsd= 7.05145  plddt= 0.45437  plddt_pde= 0.49242  | time= 0.73s  mem= 3.22gb 
model   56 :  fape= 2.76279  lddt= 0.87829  rmsd= 1.62288  kabsch= 0.62633  prmsd= 2.81019  plddt= 0.77375  plddt_pde= 0.67183  | time= 0.73s  mem= 3.22gb 
model   57 :  fape= 2.71110  lddt= 0.88135  rmsd= 1.52592  kabsch= 1.00736  prmsd= 2.77114  plddt= 0.72812  plddt_pde= 0.68874  | time= 0.74s  mem= 3.22gb 
model   58 :  fape= 2.53920  lddt= 0.89261  rmsd= 1.18616  kabsch= 0.79362  prmsd= 3.52498  plddt= 0.64125  plddt_pde= 0.67147  | time= 0.74s  mem= 3.22gb 
model   59 :  fape= 2.79468  lddt= 0.88364  rmsd= 1.40831  kabsch= 0.89181  prmsd= 4.14204  plddt= 0.58625  plddt_pde= 0.65931  | time= 0.74s  mem= 3.22gb 
model   60 :  fape= 3.20989  lddt= 0.81380  rmsd= 8.78102  kabsch= 1.08654  prmsd= 4.84465  plddt= 0.54188  plddt_pde= 0.70016  | time= 0.74s  mem= 3.22gb 
model   61 :  fape= 3.13577  lddt= 0.81992  rmsd= 7.98388  kabsch= 1.69099  prmsd= 7.74051  plddt= 0.44250  plddt_pde= 0.50995  | time= 0.74s  mem= 3.22gb 
model   62 :  fape= 2.77585  lddt= 0.87698  rmsd= 1.92695  kabsch= 1.46190  prmsd= 3.12409  plddt= 0.69313  plddt_pde= 0.64823  | time= 0.74s  mem= 3.22gb 
model   63 :  fape= 2.64249  lddt= 0.87678  rmsd= 1.83378  kabsch= 0.80839  prmsd= 6.40058  plddt= 0.48125  plddt_pde= 0.58890  | time= 0.74s  mem= 3.22gb 
model   64 :  fape= 2.34045  lddt= 0.90470  rmsd= 1.38950  kabsch= 0.75105  prmsd= 4.58244  plddt= 0.56813  plddt_pde= 0.68653  | time= 0.74s  mem= 3.22gb 
model   65 :  fape= 3.37157  lddt= 0.79661  rmsd= 8.73182  kabsch= 1.24810  prmsd= 4.05239  plddt= 0.58687  plddt_pde= 0.63293  | time= 0.74s  mem= 3.22gb 
model   66 :  fape= 2.98885  lddt= 0.85136  rmsd= 2.33993  kabsch= 1.28495  prmsd= 6.08148  plddt= 0.47875  plddt_pde= 0.55661  | time= 0.74s  mem= 3.22gb 
model   67 :  fape= 2.65581  lddt= 0.88106  rmsd= 1.52332  kabsch= 0.80812  prmsd= 3.12432  plddt= 0.76000  plddt_pde= 0.76465  | time= 0.74s  mem= 3.22gb 
model   68 :  fape= 3.39950  lddt= 0.80019  rmsd= 8.54055  kabsch= 1.13652  prmsd= 6.47496  plddt= 0.47375  plddt_pde= 0.57787  | time= 0.74s  mem= 3.22gb 
model   69 :  fape= 2.89027  lddt= 0.86113  rmsd= 3.16163  kabsch= 2.32309  prmsd= 4.08417  plddt= 0.64875  plddt_pde= 0.67231  | time= 0.74s  mem= 3.22gb 
model   70 :  fape= 2.67730  lddt= 0.87723  rmsd= 1.72222  kabsch= 0.70807  prmsd= 4.56928  plddt= 0.57437  plddt_pde= 0.66113  | time= 0.74s  mem= 3.22gb 
model   71 :  fape= 3.07920  lddt= 0.82009  rmsd= 7.74396  kabsch= 1.74038  prmsd= 6.97166  plddt= 0.46000  plddt_pde= 0.48258  | time= 0.74s  mem= 3.22gb 
model   72 :  fape= 2.88243  lddt= 0.86131  rmsd= 1.91572  kabsch= 0.75531  prmsd= 5.90340  plddt= 0.48750  plddt_pde= 0.62223  | time= 0.74s  mem= 3.22gb 
model   73 :  fape= 2.75563  lddt= 0.87394  rmsd= 1.99622  kabsch= 1.49245  prmsd= 3.57785  plddt= 0.62687  plddt_pde= 0.65347  | time= 0.74s  mem= 3.22gb 
model   74 :  fape= 2.98532  lddt= 0.85569  rmsd= 2.96707  kabsch= 2.17348  prmsd= 5.43831  plddt= 0.51750  plddt_pde= 0.60238  | time= 1.49s  mem= 3.22gb 
model   75 :  fape= 2.39106  lddt= 0.90331  rmsd= 1.34984  kabsch= 0.78301  prmsd= 3.42154  plddt= 0.72562  plddt_pde= 0.71176  | time= 0.74s  mem= 3.22gb 
model   76 :  fape= 2.70004  lddt= 0.87613  rmsd= 1.44909  kabsch= 0.85363  prmsd= 3.09674  plddt= 0.67813  plddt_pde= 0.66327  | time= 0.74s  mem= 3.22gb 
model   77 :  fape= 2.56469  lddt= 0.88844  rmsd= 1.41355  kabsch= 0.75174  prmsd= 4.19958  plddt= 0.62625  plddt_pde= 0.76784  | time= 0.74s  mem= 3.22gb 
model   78 :  fape= 2.57841  lddt= 0.88453  rmsd= 1.35170  kabsch= 0.71549  prmsd= 5.81278  plddt= 0.48375  plddt_pde= 0.60016  | time= 0.74s  mem= 3.22gb 
model   79 :  fape= 3.03160  lddt= 0.84070  rmsd= 3.73584  kabsch= 1.59246  prmsd= 7.51143  plddt= 0.44750  plddt_pde= 0.49309  | time= 0.74s  mem= 3.22gb 
model   80 :  fape= 2.47238  lddt= 0.89132  rmsd= 1.06162  kabsch= 0.64442  prmsd= 3.22447  plddt= 0.70250  plddt_pde= 0.69281  | time= 0.74s  mem= 3.22gb 
model   81 :  fape= 2.74471  lddt= 0.88539  rmsd= 1.71315  kabsch= 0.96525  prmsd= 3.46765  plddt= 0.69875  plddt_pde= 0.67930  | time= 0.74s  mem= 3.22gb 
model   82 :  fape= 2.71563  lddt= 0.88291  rmsd= 1.25300  kabsch= 0.76556  prmsd= 3.88378  plddt= 0.65125  plddt_pde= 0.69398  | time= 0.74s  mem= 3.22gb 
model   83 :  fape= 2.39175  lddt= 0.89970  rmsd= 1.39869  kabsch= 0.95242  prmsd= 5.50357  plddt= 0.63063  plddt_pde= 0.59265  | time= 0.74s  mem= 3.22gb 
model   84 :  fape= 2.69725  lddt= 0.87843  rmsd= 1.54363  kabsch= 0.73907  prmsd= 5.38271  plddt= 0.55437  plddt_pde= 0.61337  | time= 0.74s  mem= 3.22gb 
model   85 :  fape= 3.32144  lddt= 0.80873  rmsd= 8.76780  kabsch= 0.95958  prmsd= 5.22668  plddt= 0.57000  plddt_pde= 0.62724  | time= 0.74s  mem= 3.22gb 
model   86 :  fape= 2.70455  lddt= 0.88055  rmsd= 1.51622  kabsch= 1.16131  prmsd= 5.89968  plddt= 0.49000  plddt_pde= 0.55954  | time= 0.74s  mem= 3.22gb 
model   87 :  fape= 2.61723  lddt= 0.89659  rmsd= 1.10948  kabsch= 0.71242  prmsd= 2.89302  plddt= 0.68937  plddt_pde= 0.69841  | time= 0.74s  mem= 3.22gb 
model   88 :  fape= 2.90259  lddt= 0.85565  rmsd= 3.47561  kabsch= 2.11026  prmsd= 6.86104  plddt= 0.45812  plddt_pde= 0.52333  | time= 0.74s  mem= 3.22gb 
model   89 :  fape= 2.92383  lddt= 0.85535  rmsd= 2.73217  kabsch= 2.04596  prmsd= 6.94101  plddt= 0.45687  plddt_pde= 0.53526  | time= 0.74s  mem= 3.22gb 
model   90 :  fape= 3.15949  lddt= 0.84904  rmsd= 2.43278  kabsch= 1.99156  prmsd= 3.04433  plddt= 0.73187  plddt_pde= 0.66614  | time= 0.74s  mem= 3.22gb 
model   91 :  fape= 2.94959  lddt= 0.85943  rmsd= 2.77327  kabsch= 2.15213  prmsd= 6.72136  plddt= 0.47187  plddt_pde= 0.52080  | time= 0.74s  mem= 3.22gb 
model   92 :  fape= 2.86143  lddt= 0.86941  rmsd= 2.57649  kabsch= 1.04510  prmsd= 5.30735  plddt= 0.55437  plddt_pde= 0.52924  | time= 0.74s  mem= 3.22gb 
model   93 :  fape= 2.53681  lddt= 0.88375  rmsd= 1.75073  kabsch= 0.99736  prmsd= 3.11592  plddt= 0.80875  plddt_pde= 0.65139  | time= 0.73s  mem= 3.22gb 
model   94 :  fape= 2.63398  lddt= 0.88887  rmsd= 1.67524  kabsch= 0.74307  prmsd= 5.09843  plddt= 0.53562  plddt_pde= 0.60246  | time= 0.74s  mem= 3.22gb 
model   95 :  fape= 3.19917  lddt= 0.81009  rmsd= 8.44164  kabsch= 1.18481  prmsd= 6.45153  plddt= 0.47125  plddt_pde= 0.58353  | time= 0.73s  mem= 3.22gb 
model   96 :  fape= 3.29434  lddt= 0.82271  rmsd= 3.85219  kabsch= 1.60544  prmsd= 6.49861  plddt= 0.46562  plddt_pde= 0.55331  | time= 0.74s  mem= 3.22gb 
model   97 :  fape= 2.83100  lddt= 0.87052  rmsd= 1.68463  kabsch= 0.96875  prmsd= 3.08724  plddt= 0.65625  plddt_pde= 0.66487  | time= 0.74s  mem= 3.22gb 
model   98 :  fape= 3.20919  lddt= 0.80953  rmsd= 8.67248  kabsch= 1.03703  prmsd= 6.46340  plddt= 0.45875  plddt_pde= 0.57251  | time= 0.74s  mem= 3.22gb 
model   99 :  fape= 2.32532  lddt= 0.91297  rmsd= 1.23507  kabsch= 1.05957  prmsd= 3.14934  plddt= 0.69250  plddt_pde= 0.72668  | time= 0.74s  mem= 3.22gb 
model  100 :  fape= 2.96982  lddt= 0.85370  rmsd= 2.86093  kabsch= 2.07056  prmsd= 3.94452  plddt= 0.60750  plddt_pde= 0.66547  | time= 0.74s  mem= 3.22gb 
Ranking predictions based on prmsd. This will make the model numbers, and the CSV file look different from the above printed results.
Wrote generated models to 13_PLACER_outputs/EPH_relaxed_0001_pdb2pqr_Repair_242_r2_0001/EPH_relaxed_0001_pdb2pqr_Repair_242_r2_0001_complex_model.pdb
Wrote scores to 13_PLACER_outputs/EPH_relaxed_0001_pdb2pqr_Repair_242_r2_0001/EPH_relaxed_0001_pdb2pqr_Repair_242_r2_0001_complex.csv
Finished predicting 1 structures in 78.36 seconds.
