# device:  cuda:0
Using checkpoint: /home/dongdong/PLACER/examples/../weights/PLACER_model_1.pt
# variables:  5071802
# number of PDB files to process: 1
Reading ligand TRT reference definition from file: 13_PLACER_inputs/EPH_relaxed_0001_pdb2pqr_Repair_206_r2_0001_ligand.sdf
Keeping these ligands fixed during prediction IF they are in the crop: [].
--> 0 EPH_relaxed_0001_pdb2pqr_Repair_206_r2_0001_complex {ID:type/atoms/bonds} : {A:polypeptide(L)/5024/5105; B:nonpoly/82/86}
model    1 :  fape= 3.00874  lddt= 0.85765  rmsd= 2.47151  kabsch= 1.87946  prmsd= 3.39129  plddt= 0.64125  plddt_pde= 0.66053  | time= 1.88s  mem= 3.13gb 
model    2 :  fape= 2.68536  lddt= 0.88013  rmsd= 2.74861  kabsch= 2.06460  prmsd= 6.64502  plddt= 0.46750  plddt_pde= 0.54618  | time= 0.80s  mem= 3.27gb 
model    3 :  fape= 3.13786  lddt= 0.82770  rmsd= 8.08957  kabsch= 2.45609  prmsd= 7.55054  plddt= 0.44312  plddt_pde= 0.49527  | time= 0.76s  mem= 3.27gb 
model    4 :  fape= 2.35269  lddt= 0.90878  rmsd= 1.32069  kabsch= 0.87835  prmsd= 5.95991  plddt= 0.48250  plddt_pde= 0.56913  | time= 0.76s  mem= 3.27gb 
model    5 :  fape= 2.74164  lddt= 0.88223  rmsd= 1.05716  kabsch= 0.80088  prmsd= 3.37720  plddt= 0.64937  plddt_pde= 0.70044  | time= 0.76s  mem= 3.27gb 
model    6 :  fape= 3.20804  lddt= 0.81866  rmsd= 8.51375  kabsch= 1.19371  prmsd= 6.85048  plddt= 0.47312  plddt_pde= 0.54968  | time= 0.76s  mem= 3.27gb 
model    7 :  fape= 2.88727  lddt= 0.86542  rmsd= 2.71216  kabsch= 2.51274  prmsd= 6.67515  plddt= 0.46938  plddt_pde= 0.54610  | time= 0.76s  mem= 3.27gb 
model    8 :  fape= 3.00307  lddt= 0.87417  rmsd= 1.60239  kabsch= 1.04914  prmsd= 6.74937  plddt= 0.47125  plddt_pde= 0.54057  | time= 0.75s  mem= 3.27gb 
model    9 :  fape= 2.61675  lddt= 0.87586  rmsd= 1.85858  kabsch= 0.83077  prmsd= 4.60110  plddt= 0.69000  plddt_pde= 0.65663  | time= 0.76s  mem= 3.27gb 
model   10 :  fape= 2.69748  lddt= 0.87802  rmsd= 1.68687  kabsch= 1.09450  prmsd= 2.77722  plddt= 0.72687  plddt_pde= 0.66872  | time= 0.76s  mem= 3.27gb 
model   11 :  fape= 2.63497  lddt= 0.89877  rmsd= 1.85658  kabsch= 1.49363  prmsd= 3.59896  plddt= 0.66062  plddt_pde= 0.64824  | time= 0.76s  mem= 3.27gb 
model   12 :  fape= 3.02673  lddt= 0.85855  rmsd= 2.74507  kabsch= 1.49685  prmsd= 6.94003  plddt= 0.45750  plddt_pde= 0.54381  | time= 0.76s  mem= 3.27gb 
model   13 :  fape= 2.67745  lddt= 0.88441  rmsd= 1.70219  kabsch= 1.37635  prmsd= 2.49728  plddt= 0.73500  plddt_pde= 0.72738  | time= 0.76s  mem= 3.27gb 
model   14 :  fape= 3.15764  lddt= 0.82863  rmsd= 8.64926  kabsch= 1.04325  prmsd= 6.30154  plddt= 0.48875  plddt_pde= 0.57342  | time= 0.75s  mem= 3.27gb 
model   15 :  fape= 2.85778  lddt= 0.87555  rmsd= 1.88228  kabsch= 1.41293  prmsd= 3.10713  plddt= 0.68562  plddt_pde= 0.63555  | time= 0.75s  mem= 3.27gb 
model   16 :  fape= 2.68820  lddt= 0.88901  rmsd= 2.04457  kabsch= 0.92964  prmsd= 3.71024  plddt= 0.63687  plddt_pde= 0.71890  | time= 0.77s  mem= 3.27gb 
model   17 :  fape= 3.20891  lddt= 0.81596  rmsd= 7.76787  kabsch= 1.37867  prmsd= 7.33106  plddt= 0.45312  plddt_pde= 0.46999  | time= 0.76s  mem= 3.27gb 
model   18 :  fape= 3.11108  lddt= 0.83036  rmsd= 8.12349  kabsch= 2.10986  prmsd= 6.97254  plddt= 0.46750  plddt_pde= 0.54615  | time= 0.76s  mem= 3.27gb 
model   19 :  fape= 3.13401  lddt= 0.81399  rmsd= 8.25333  kabsch= 0.85169  prmsd= 7.14709  plddt= 0.45437  plddt_pde= 0.56924  | time= 0.76s  mem= 3.27gb 
model   20 :  fape= 2.35795  lddt= 0.90491  rmsd= 1.85479  kabsch= 0.80787  prmsd= 5.62964  plddt= 0.49750  plddt_pde= 0.57985  | time= 0.76s  mem= 3.27gb 
model   21 :  fape= 2.50532  lddt= 0.89890  rmsd= 1.49671  kabsch= 0.95332  prmsd= 2.84859  plddt= 0.71750  plddt_pde= 0.70724  | time= 0.76s  mem= 3.27gb 
model   22 :  fape= 2.57216  lddt= 0.88373  rmsd= 1.70912  kabsch= 0.87013  prmsd= 3.12155  plddt= 0.76562  plddt_pde= 0.68908  | time= 0.77s  mem= 3.27gb 
model   23 :  fape= 2.76976  lddt= 0.87720  rmsd= 1.52899  kabsch= 0.87131  prmsd= 3.49869  plddt= 0.68437  plddt_pde= 0.64744  | time= 0.76s  mem= 3.27gb 
model   24 :  fape= 3.15059  lddt= 0.82262  rmsd= 8.05800  kabsch= 1.34699  prmsd= 7.28026  plddt= 0.45125  plddt_pde= 0.49300  | time= 0.76s  mem= 3.27gb 
model   25 :  fape= 3.13799  lddt= 0.82124  rmsd= 7.92552  kabsch= 2.40883  prmsd= 7.64564  plddt= 0.44937  plddt_pde= 0.52275  | time= 0.76s  mem= 3.27gb 
model   26 :  fape= 2.95266  lddt= 0.86797  rmsd= 2.05015  kabsch= 1.52101  prmsd= 4.16027  plddt= 0.61500  plddt_pde= 0.63814  | time= 0.76s  mem= 3.27gb 
model   27 :  fape= 3.04915  lddt= 0.85802  rmsd= 3.04089  kabsch= 2.24722  prmsd= 4.89176  plddt= 0.54313  plddt_pde= 0.64141  | time= 0.76s  mem= 3.27gb 
model   28 :  fape= 2.99656  lddt= 0.83955  rmsd= 8.16695  kabsch= 2.08437  prmsd= 7.32657  plddt= 0.44812  plddt_pde= 0.51982  | time= 0.75s  mem= 3.27gb 
model   29 :  fape= 2.83063  lddt= 0.87463  rmsd= 1.76374  kabsch= 1.04688  prmsd= 6.51009  plddt= 0.47625  plddt_pde= 0.61007  | time= 0.76s  mem= 3.27gb 
model   30 :  fape= 2.68029  lddt= 0.88937  rmsd= 2.02814  kabsch= 1.19385  prmsd= 4.93249  plddt= 0.52750  plddt_pde= 0.59259  | time= 0.75s  mem= 3.27gb 
model   31 :  fape= 2.69493  lddt= 0.88389  rmsd= 1.81213  kabsch= 0.67917  prmsd= 5.12314  plddt= 0.51313  plddt_pde= 0.60440  | time= 0.78s  mem= 3.27gb 
model   32 :  fape= 3.14354  lddt= 0.82338  rmsd= 8.85414  kabsch= 1.19980  prmsd= 4.97350  plddt= 0.53437  plddt_pde= 0.61795  | time= 0.76s  mem= 3.27gb 
model   33 :  fape= 2.79346  lddt= 0.87974  rmsd= 1.84245  kabsch= 0.70511  prmsd= 4.86800  plddt= 0.53938  plddt_pde= 0.66020  | time= 0.78s  mem= 3.27gb 
model   34 :  fape= 2.95478  lddt= 0.85069  rmsd= 2.99035  kabsch= 2.36324  prmsd= 7.44567  plddt= 0.45562  plddt_pde= 0.52493  | time= 1.19s  mem= 3.27gb 
model   35 :  fape= 2.69195  lddt= 0.89202  rmsd= 1.45237  kabsch= 1.19203  prmsd= 4.15240  plddt= 0.58250  plddt_pde= 0.64790  | time= 0.76s  mem= 3.27gb 
model   36 :  fape= 2.31401  lddt= 0.90622  rmsd= 1.68040  kabsch= 1.32070  prmsd= 4.59375  plddt= 0.56812  plddt_pde= 0.64104  | time= 0.78s  mem= 3.27gb 
model   37 :  fape= 2.62978  lddt= 0.88851  rmsd= 1.41823  kabsch= 0.93536  prmsd= 6.28416  plddt= 0.47312  plddt_pde= 0.60068  | time= 0.75s  mem= 3.27gb 
model   38 :  fape= 2.73692  lddt= 0.88406  rmsd= 1.46168  kabsch= 0.93046  prmsd= 4.35762  plddt= 0.56062  plddt_pde= 0.66058  | time= 0.79s  mem= 3.27gb 
model   39 :  fape= 2.54335  lddt= 0.89074  rmsd= 2.07283  kabsch= 0.79184  prmsd= 4.13723  plddt= 0.66375  plddt_pde= 0.62515  | time= 0.76s  mem= 3.27gb 
model   40 :  fape= 2.58722  lddt= 0.89687  rmsd= 1.24981  kabsch= 1.00278  prmsd= 3.40897  plddt= 0.68000  plddt_pde= 0.69528  | time= 0.77s  mem= 3.27gb 
model   41 :  fape= 2.46389  lddt= 0.90114  rmsd= 1.68960  kabsch= 0.79628  prmsd= 5.59897  plddt= 0.53062  plddt_pde= 0.58893  | time= 0.78s  mem= 3.27gb 
model   42 :  fape= 2.94328  lddt= 0.87503  rmsd= 1.56957  kabsch= 0.99904  prmsd= 4.95838  plddt= 0.53188  plddt_pde= 0.70043  | time= 0.78s  mem= 3.27gb 
model   43 :  fape= 3.25224  lddt= 0.82224  rmsd= 8.26643  kabsch= 1.13954  prmsd= 7.23019  plddt= 0.46062  plddt_pde= 0.52595  | time= 0.78s  mem= 3.27gb 
model   44 :  fape= 2.95807  lddt= 0.87677  rmsd= 1.95413  kabsch= 1.46680  prmsd= 5.78968  plddt= 0.51000  plddt_pde= 0.52900  | time= 0.77s  mem= 3.27gb 
model   45 :  fape= 2.79131  lddt= 0.87646  rmsd= 1.78077  kabsch= 1.00859  prmsd= 4.65095  plddt= 0.57125  plddt_pde= 0.62865  | time= 0.77s  mem= 3.27gb 
model   46 :  fape= 2.66065  lddt= 0.89329  rmsd= 1.23305  kabsch= 1.03715  prmsd= 4.17946  plddt= 0.57625  plddt_pde= 0.63893  | time= 0.76s  mem= 3.27gb 
model   47 :  fape= 2.72136  lddt= 0.88735  rmsd= 1.53386  kabsch= 1.00060  prmsd= 4.68238  plddt= 0.54250  plddt_pde= 0.62946  | time= 0.76s  mem= 3.27gb 
model   48 :  fape= 2.63935  lddt= 0.88913  rmsd= 1.26811  kabsch= 1.04457  prmsd= 2.87103  plddt= 0.73250  plddt_pde= 0.69531  | time= 0.76s  mem= 3.27gb 
model   49 :  fape= 2.37932  lddt= 0.90115  rmsd= 1.53524  kabsch= 0.93745  prmsd= 6.15411  plddt= 0.48000  plddt_pde= 0.55443  | time= 0.75s  mem= 3.27gb 
model   50 :  fape= 3.08134  lddt= 0.85574  rmsd= 2.72493  kabsch= 2.05586  prmsd= 3.91517  plddt= 0.61625  plddt_pde= 0.64231  | time= 0.76s  mem= 3.27gb 
model   51 :  fape= 2.39018  lddt= 0.89817  rmsd= 1.45150  kabsch= 0.90151  prmsd= 2.72063  plddt= 0.71875  plddt_pde= 0.69096  | time= 0.75s  mem= 3.27gb 
model   52 :  fape= 3.31069  lddt= 0.81061  rmsd= 8.62420  kabsch= 0.78008  prmsd= 4.11030  plddt= 0.60062  plddt_pde= 0.63012  | time= 0.76s  mem= 3.27gb 
model   53 :  fape= 3.32881  lddt= 0.81378  rmsd= 8.68133  kabsch= 1.02820  prmsd= 5.71218  plddt= 0.49875  plddt_pde= 0.58063  | time= 0.75s  mem= 3.27gb 
model   54 :  fape= 3.03292  lddt= 0.84466  rmsd= 3.82848  kabsch= 1.30552  prmsd= 7.52681  plddt= 0.45063  plddt_pde= 0.49802  | time= 0.75s  mem= 3.27gb 
model   55 :  fape= 2.73147  lddt= 0.87670  rmsd= 1.84381  kabsch= 0.97391  prmsd= 6.71101  plddt= 0.48125  plddt_pde= 0.55651  | time= 0.75s  mem= 3.27gb 
model   56 :  fape= 2.45034  lddt= 0.89024  rmsd= 1.64391  kabsch= 1.15965  prmsd= 3.02507  plddt= 0.68750  plddt_pde= 0.69870  | time= 0.76s  mem= 3.27gb 
model   57 :  fape= 2.60895  lddt= 0.88568  rmsd= 1.20350  kabsch= 0.88372  prmsd= 4.08014  plddt= 0.59000  plddt_pde= 0.66451  | time= 0.75s  mem= 3.27gb 
model   58 :  fape= 2.68537  lddt= 0.88483  rmsd= 1.59711  kabsch= 0.89970  prmsd= 3.57500  plddt= 0.62625  plddt_pde= 0.66363  | time= 0.75s  mem= 3.27gb 
model   59 :  fape= 2.67149  lddt= 0.87962  rmsd= 1.97569  kabsch= 1.59226  prmsd= 6.70457  plddt= 0.47562  plddt_pde= 0.53759  | time= 0.75s  mem= 3.27gb 
model   60 :  fape= 2.89516  lddt= 0.86757  rmsd= 2.02655  kabsch= 1.43882  prmsd= 3.95596  plddt= 0.60812  plddt_pde= 0.66301  | time= 0.75s  mem= 3.27gb 
model   61 :  fape= 3.25259  lddt= 0.81860  rmsd= 8.36540  kabsch= 1.05498  prmsd= 6.59258  plddt= 0.47187  plddt_pde= 0.56092  | time= 0.75s  mem= 3.27gb 
model   62 :  fape= 3.21585  lddt= 0.81581  rmsd= 7.60453  kabsch= 2.05511  prmsd= 6.97598  plddt= 0.46437  plddt_pde= 0.45147  | time= 0.75s  mem= 3.27gb 
model   63 :  fape= 2.84349  lddt= 0.88033  rmsd= 1.70815  kabsch= 0.90491  prmsd= 5.44475  plddt= 0.50625  plddt_pde= 0.60529  | time= 0.75s  mem= 3.27gb 
model   64 :  fape= 2.51418  lddt= 0.90476  rmsd= 1.39608  kabsch= 1.05215  prmsd= 2.50280  plddt= 0.76937  plddt_pde= 0.71323  | time= 0.75s  mem= 3.27gb 
model   65 :  fape= 2.74794  lddt= 0.88514  rmsd= 1.65121  kabsch= 1.04065  prmsd= 5.85694  plddt= 0.48687  plddt_pde= 0.59174  | time= 0.75s  mem= 3.27gb 
model   66 :  fape= 2.85728  lddt= 0.88242  rmsd= 1.59963  kabsch= 1.02587  prmsd= 5.39114  plddt= 0.53875  plddt_pde= 0.62066  | time= 0.75s  mem= 3.27gb 
model   67 :  fape= 2.66024  lddt= 0.88296  rmsd= 2.70103  kabsch= 2.03756  prmsd= 6.43044  plddt= 0.47437  plddt_pde= 0.58331  | time= 0.75s  mem= 3.27gb 
model   68 :  fape= 2.91448  lddt= 0.87898  rmsd= 2.13878  kabsch= 0.87618  prmsd= 3.30616  plddt= 0.71750  plddt_pde= 0.70936  | time= 0.76s  mem= 3.27gb 
model   69 :  fape= 2.73755  lddt= 0.88450  rmsd= 2.93210  kabsch= 2.15204  prmsd= 4.30549  plddt= 0.57438  plddt_pde= 0.69967  | time= 0.76s  mem= 3.27gb 
model   70 :  fape= 2.59480  lddt= 0.88525  rmsd= 1.75806  kabsch= 1.13857  prmsd= 5.38106  plddt= 0.48437  plddt_pde= 0.63090  | time= 0.75s  mem= 3.27gb 
model   71 :  fape= 2.71192  lddt= 0.88247  rmsd= 2.56513  kabsch= 1.63134  prmsd= 7.11105  plddt= 0.45625  plddt_pde= 0.54850  | time= 0.75s  mem= 3.27gb 
model   72 :  fape= 2.87091  lddt= 0.85868  rmsd= 2.75395  kabsch= 2.10023  prmsd= 6.90688  plddt= 0.46062  plddt_pde= 0.58793  | time= 0.75s  mem= 3.27gb 
model   73 :  fape= 2.49035  lddt= 0.89691  rmsd= 1.45108  kabsch= 0.81808  prmsd= 2.91707  plddt= 0.76562  plddt_pde= 0.70535  | time= 0.75s  mem= 3.27gb 
model   74 :  fape= 3.08538  lddt= 0.85027  rmsd= 2.16587  kabsch= 1.23908  prmsd= 2.37510  plddt= 0.80062  plddt_pde= 0.72021  | time= 1.20s  mem= 3.27gb 
model   75 :  fape= 2.56358  lddt= 0.88685  rmsd= 1.57687  kabsch= 1.21379  prmsd= 2.51594  plddt= 0.79625  plddt_pde= 0.73748  | time= 0.75s  mem= 3.27gb 
model   76 :  fape= 2.21338  lddt= 0.91215  rmsd= 1.10658  kabsch= 0.70973  prmsd= 5.36670  plddt= 0.50937  plddt_pde= 0.60902  | time= 0.75s  mem= 3.27gb 
model   77 :  fape= 3.14689  lddt= 0.82441  rmsd= 7.45738  kabsch= 1.28905  prmsd= 6.87444  plddt= 0.46375  plddt_pde= 0.50341  | time= 0.75s  mem= 3.27gb 
model   78 :  fape= 2.98122  lddt= 0.83529  rmsd= 8.17119  kabsch= 1.24217  prmsd= 7.19024  plddt= 0.46750  plddt_pde= 0.53761  | time= 0.75s  mem= 3.27gb 
model   79 :  fape= 3.19655  lddt= 0.82208  rmsd= 8.95000  kabsch= 1.09803  prmsd= 4.34113  plddt= 0.56625  plddt_pde= 0.58485  | time= 0.75s  mem= 3.27gb 
model   80 :  fape= 2.95853  lddt= 0.85911  rmsd= 2.70922  kabsch= 1.97977  prmsd= 3.43681  plddt= 0.68812  plddt_pde= 0.64887  | time= 0.75s  mem= 3.27gb 
model   81 :  fape= 2.77522  lddt= 0.87800  rmsd= 1.42924  kabsch= 0.84387  prmsd= 4.01684  plddt= 0.61563  plddt_pde= 0.65991  | time= 0.76s  mem= 3.27gb 
model   82 :  fape= 2.74525  lddt= 0.88590  rmsd= 1.38973  kabsch= 0.90524  prmsd= 2.99294  plddt= 0.67188  plddt_pde= 0.65485  | time= 0.75s  mem= 3.27gb 
model   83 :  fape= 3.23547  lddt= 0.81961  rmsd= 8.13942  kabsch= 2.02325  prmsd= 6.86591  plddt= 0.46437  plddt_pde= 0.52482  | time= 0.75s  mem= 3.27gb 
model   84 :  fape= 2.62785  lddt= 0.88075  rmsd= 2.97841  kabsch= 2.02545  prmsd= 4.96939  plddt= 0.58312  plddt_pde= 0.66080  | time= 0.75s  mem= 3.27gb 
model   85 :  fape= 3.18444  lddt= 0.80465  rmsd= 8.45109  kabsch= 0.67528  prmsd= 6.34181  plddt= 0.47938  plddt_pde= 0.62735  | time= 0.76s  mem= 3.27gb 
model   86 :  fape= 3.11110  lddt= 0.82094  rmsd= 8.16819  kabsch= 1.32815  prmsd= 7.43004  plddt= 0.44813  plddt_pde= 0.50871  | time= 0.75s  mem= 3.27gb 
model   87 :  fape= 3.08711  lddt= 0.85806  rmsd= 2.05043  kabsch= 1.63854  prmsd= 3.89408  plddt= 0.59938  plddt_pde= 0.63378  | time= 0.75s  mem= 3.27gb 
model   88 :  fape= 2.79013  lddt= 0.87392  rmsd= 3.05855  kabsch= 2.17159  prmsd= 4.59291  plddt= 0.52812  plddt_pde= 0.59577  | time= 0.75s  mem= 3.27gb 
model   89 :  fape= 2.63409  lddt= 0.88260  rmsd= 1.65828  kabsch= 1.13053  prmsd= 4.49703  plddt= 0.52625  plddt_pde= 0.65131  | time= 0.75s  mem= 3.27gb 
model   90 :  fape= 2.81373  lddt= 0.87582  rmsd= 1.34478  kabsch= 0.96485  prmsd= 6.23984  plddt= 0.47437  plddt_pde= 0.59416  | time= 0.75s  mem= 3.27gb 
model   91 :  fape= 2.72711  lddt= 0.88015  rmsd= 2.45554  kabsch= 1.94325  prmsd= 3.15564  plddt= 0.67813  plddt_pde= 0.66456  | time= 0.75s  mem= 3.27gb 
model   92 :  fape= 2.50996  lddt= 0.89710  rmsd= 1.34966  kabsch= 1.06300  prmsd= 3.06560  plddt= 0.72500  plddt_pde= 0.69215  | time= 0.75s  mem= 3.27gb 
model   93 :  fape= 2.92603  lddt= 0.86234  rmsd= 2.72301  kabsch= 2.00347  prmsd= 3.01601  plddt= 0.67875  plddt_pde= 0.66487  | time= 0.75s  mem= 3.27gb 
model   94 :  fape= 2.66257  lddt= 0.89400  rmsd= 1.17705  kabsch= 0.96294  prmsd= 2.99818  plddt= 0.67500  plddt_pde= 0.68548  | time= 0.75s  mem= 3.27gb 
model   95 :  fape= 3.09242  lddt= 0.81747  rmsd= 8.24018  kabsch= 1.01144  prmsd= 7.61743  plddt= 0.44187  plddt_pde= 0.53799  | time= 0.75s  mem= 3.27gb 
model   96 :  fape= 2.94559  lddt= 0.86864  rmsd= 2.58878  kabsch= 2.09300  prmsd= 5.95290  plddt= 0.49750  plddt_pde= 0.56698  | time= 0.75s  mem= 3.27gb 
model   97 :  fape= 3.01073  lddt= 0.85749  rmsd= 2.21083  kabsch= 1.20670  prmsd= 3.07768  plddt= 0.67937  plddt_pde= 0.62452  | time= 0.75s  mem= 3.27gb 
model   98 :  fape= 3.20657  lddt= 0.82307  rmsd= 8.00025  kabsch= 2.13928  prmsd= 7.24485  plddt= 0.45500  plddt_pde= 0.50867  | time= 0.75s  mem= 3.27gb 
model   99 :  fape= 3.02855  lddt= 0.82844  rmsd= 9.08101  kabsch= 1.37021  prmsd= 3.62201  plddt= 0.63062  plddt_pde= 0.64621  | time= 0.75s  mem= 3.27gb 
model  100 :  fape= 2.99431  lddt= 0.86254  rmsd= 1.83917  kabsch= 1.24240  prmsd= 7.47598  plddt= 0.45687  plddt_pde= 0.54331  | time= 0.75s  mem= 3.27gb 
Ranking predictions based on prmsd. This will make the model numbers, and the CSV file look different from the above printed results.
Wrote generated models to 13_PLACER_outputs/EPH_relaxed_0001_pdb2pqr_Repair_206_r2_0001/EPH_relaxed_0001_pdb2pqr_Repair_206_r2_0001_complex_model.pdb
Wrote scores to 13_PLACER_outputs/EPH_relaxed_0001_pdb2pqr_Repair_206_r2_0001/EPH_relaxed_0001_pdb2pqr_Repair_206_r2_0001_complex.csv
Finished predicting 1 structures in 79.19 seconds.
