# device:  cuda:0
Using checkpoint: /home/dongdong/PLACER/examples/../weights/PLACER_model_1.pt
# variables:  5071802
# number of PDB files to process: 1
Reading ligand TRT reference definition from file: 13_PLACER_inputs/EPH_relaxed_0001_pdb2pqr_Repair_390_r2_0001_ligand.sdf
Keeping these ligands fixed during prediction IF they are in the crop: [].
--> 0 EPH_relaxed_0001_pdb2pqr_Repair_390_r2_0001_complex {ID:type/atoms/bonds} : {A:polypeptide(L)/5021/5101; B:nonpoly/82/86}
model    1 :  fape= 3.08323  lddt= 0.82585  rmsd= 8.43350  kabsch= 1.23949  prmsd= 7.35895  plddt= 0.45375  plddt_pde= 0.53572  | time= 1.99s  mem= 3.12gb 
model    2 :  fape= 2.82016  lddt= 0.87820  rmsd= 1.73490  kabsch= 0.81761  prmsd= 6.15665  plddt= 0.46875  plddt_pde= 0.58831  | time= 0.76s  mem= 3.26gb 
model    3 :  fape= 2.85119  lddt= 0.86995  rmsd= 2.54277  kabsch= 1.42904  prmsd= 6.64352  plddt= 0.46687  plddt_pde= 0.54043  | time= 0.75s  mem= 3.26gb 
model    4 :  fape= 2.74091  lddt= 0.88298  rmsd= 2.66259  kabsch= 1.94140  prmsd= 4.37056  plddt= 0.59625  plddt_pde= 0.66390  | time= 0.75s  mem= 3.26gb 
model    5 :  fape= 2.56495  lddt= 0.88857  rmsd= 1.87968  kabsch= 1.07105  prmsd= 2.64651  plddt= 0.69750  plddt_pde= 0.67903  | time= 0.75s  mem= 3.26gb 
model    6 :  fape= 2.41900  lddt= 0.90567  rmsd= 2.05389  kabsch= 1.27099  prmsd= 4.52337  plddt= 0.55813  plddt_pde= 0.58754  | time= 0.77s  mem= 3.26gb 
model    7 :  fape= 2.53692  lddt= 0.89955  rmsd= 1.66127  kabsch= 1.10969  prmsd= 3.38407  plddt= 0.64187  plddt_pde= 0.66481  | time= 0.75s  mem= 3.26gb 
model    8 :  fape= 2.65929  lddt= 0.88854  rmsd= 1.62782  kabsch= 1.24415  prmsd= 4.09033  plddt= 0.60812  plddt_pde= 0.64107  | time= 0.75s  mem= 3.26gb 
model    9 :  fape= 2.71648  lddt= 0.88565  rmsd= 1.59273  kabsch= 1.33296  prmsd= 2.97889  plddt= 0.66688  plddt_pde= 0.68271  | time= 0.75s  mem= 3.26gb 
model   10 :  fape= 2.59398  lddt= 0.89576  rmsd= 1.76890  kabsch= 0.76019  prmsd= 5.31439  plddt= 0.49062  plddt_pde= 0.59710  | time= 0.75s  mem= 3.26gb 
model   11 :  fape= 2.36454  lddt= 0.91122  rmsd= 0.98678  kabsch= 0.76996  prmsd= 3.38709  plddt= 0.65562  plddt_pde= 0.67405  | time= 0.75s  mem= 3.26gb 
model   12 :  fape= 3.19496  lddt= 0.82411  rmsd= 7.89003  kabsch= 1.68360  prmsd= 7.65742  plddt= 0.45062  plddt_pde= 0.49628  | time= 0.75s  mem= 3.26gb 
model   13 :  fape= 2.56360  lddt= 0.89538  rmsd= 1.57898  kabsch= 1.04365  prmsd= 5.68649  plddt= 0.49875  plddt_pde= 0.60049  | time= 0.76s  mem= 3.26gb 
model   14 :  fape= 2.42477  lddt= 0.90524  rmsd= 1.59480  kabsch= 1.07763  prmsd= 6.78734  plddt= 0.45500  plddt_pde= 0.58786  | time= 0.76s  mem= 3.26gb 
model   15 :  fape= 3.07103  lddt= 0.85935  rmsd= 2.62158  kabsch= 2.04337  prmsd= 6.72540  plddt= 0.46312  plddt_pde= 0.53643  | time= 0.75s  mem= 3.26gb 
model   16 :  fape= 2.62874  lddt= 0.88297  rmsd= 1.69984  kabsch= 0.85687  prmsd= 6.61680  plddt= 0.46250  plddt_pde= 0.59285  | time= 0.75s  mem= 3.26gb 
model   17 :  fape= 2.77592  lddt= 0.88421  rmsd= 1.37106  kabsch= 0.95283  prmsd= 3.10743  plddt= 0.67375  plddt_pde= 0.66906  | time= 0.76s  mem= 3.26gb 
model   18 :  fape= 2.42455  lddt= 0.90377  rmsd= 1.72254  kabsch= 0.95891  prmsd= 4.38179  plddt= 0.55125  plddt_pde= 0.65825  | time= 0.75s  mem= 3.26gb 
model   19 :  fape= 2.83687  lddt= 0.87815  rmsd= 1.69365  kabsch= 1.07503  prmsd= 6.58302  plddt= 0.47062  plddt_pde= 0.59663  | time= 0.75s  mem= 3.26gb 
model   20 :  fape= 2.90159  lddt= 0.87330  rmsd= 2.62818  kabsch= 2.27254  prmsd= 3.03801  plddt= 0.66937  plddt_pde= 0.66352  | time= 0.75s  mem= 3.26gb 
model   21 :  fape= 2.59637  lddt= 0.90097  rmsd= 1.38114  kabsch= 0.88362  prmsd= 5.69488  plddt= 0.54688  plddt_pde= 0.66733  | time= 0.75s  mem= 3.26gb 
model   22 :  fape= 2.66864  lddt= 0.88958  rmsd= 1.27609  kabsch= 0.91904  prmsd= 2.98141  plddt= 0.71812  plddt_pde= 0.70291  | time= 0.75s  mem= 3.26gb 
model   23 :  fape= 2.81256  lddt= 0.88190  rmsd= 1.49467  kabsch= 0.98891  prmsd= 3.42427  plddt= 0.64500  plddt_pde= 0.65413  | time= 0.75s  mem= 3.26gb 
model   24 :  fape= 3.33563  lddt= 0.80351  rmsd= 8.17339  kabsch= 0.88605  prmsd= 7.02728  plddt= 0.45312  plddt_pde= 0.54981  | time= 0.75s  mem= 3.26gb 
model   25 :  fape= 2.55444  lddt= 0.89327  rmsd= 1.18955  kabsch= 0.73298  prmsd= 4.06565  plddt= 0.58937  plddt_pde= 0.64665  | time= 0.75s  mem= 3.26gb 
model   26 :  fape= 3.18910  lddt= 0.82281  rmsd= 7.81624  kabsch= 1.64736  prmsd= 7.38865  plddt= 0.45312  plddt_pde= 0.45937  | time= 0.75s  mem= 3.26gb 
model   27 :  fape= 3.12922  lddt= 0.82863  rmsd= 6.62483  kabsch= 1.86850  prmsd= 6.81330  plddt= 0.46938  plddt_pde= 0.47690  | time= 0.75s  mem= 3.26gb 
model   28 :  fape= 2.79368  lddt= 0.87994  rmsd= 1.37957  kabsch= 1.11946  prmsd= 4.23399  plddt= 0.58812  plddt_pde= 0.65794  | time= 0.75s  mem= 3.26gb 
model   29 :  fape= 2.92459  lddt= 0.86609  rmsd= 2.71943  kabsch= 2.15491  prmsd= 4.86379  plddt= 0.59875  plddt_pde= 0.67641  | time= 0.75s  mem= 3.26gb 
model   30 :  fape= 2.66952  lddt= 0.88883  rmsd= 1.47826  kabsch= 1.19780  prmsd= 3.53149  plddt= 0.63000  plddt_pde= 0.64514  | time= 0.75s  mem= 3.26gb 
model   31 :  fape= 2.78916  lddt= 0.88026  rmsd= 1.68055  kabsch= 1.32248  prmsd= 2.80931  plddt= 0.71812  plddt_pde= 0.68682  | time= 0.76s  mem= 3.26gb 
model   32 :  fape= 2.81244  lddt= 0.85904  rmsd= 2.86942  kabsch= 1.53949  prmsd= 7.38903  plddt= 0.44875  plddt_pde= 0.51615  | time= 0.75s  mem= 3.26gb 
model   33 :  fape= 2.54419  lddt= 0.89219  rmsd= 1.40920  kabsch= 0.86587  prmsd= 5.87275  plddt= 0.48188  plddt_pde= 0.62821  | time= 0.75s  mem= 3.26gb 
model   34 :  fape= 2.53335  lddt= 0.89478  rmsd= 1.24331  kabsch= 0.86567  prmsd= 6.03402  plddt= 0.47437  plddt_pde= 0.55722  | time= 1.17s  mem= 3.26gb 
model   35 :  fape= 2.78030  lddt= 0.87811  rmsd= 1.54499  kabsch= 0.96268  prmsd= 5.91853  plddt= 0.47687  plddt_pde= 0.59847  | time= 0.75s  mem= 3.26gb 
model   36 :  fape= 3.07041  lddt= 0.85800  rmsd= 2.74190  kabsch= 2.41712  prmsd= 6.30475  plddt= 0.47125  plddt_pde= 0.55835  | time= 0.75s  mem= 3.26gb 
model   37 :  fape= 2.76166  lddt= 0.88412  rmsd= 2.67204  kabsch= 1.94416  prmsd= 4.64405  plddt= 0.58500  plddt_pde= 0.58348  | time= 0.75s  mem= 3.26gb 
model   38 :  fape= 2.60313  lddt= 0.89573  rmsd= 1.36017  kabsch= 0.89818  prmsd= 3.15593  plddt= 0.77937  plddt_pde= 0.67235  | time= 0.75s  mem= 3.26gb 
model   39 :  fape= 2.47054  lddt= 0.90816  rmsd= 1.39868  kabsch= 0.95019  prmsd= 4.38342  plddt= 0.62125  plddt_pde= 0.64313  | time= 0.75s  mem= 3.26gb 
model   40 :  fape= 2.87175  lddt= 0.87089  rmsd= 2.24919  kabsch= 1.81068  prmsd= 3.35124  plddt= 0.67875  plddt_pde= 0.63993  | time= 0.75s  mem= 3.26gb 
model   41 :  fape= 2.63535  lddt= 0.89115  rmsd= 1.37390  kabsch= 0.78249  prmsd= 3.71317  plddt= 0.74937  plddt_pde= 0.66894  | time= 0.75s  mem= 3.26gb 
model   42 :  fape= 2.82367  lddt= 0.88705  rmsd= 1.49386  kabsch= 1.13333  prmsd= 3.21436  plddt= 0.66375  plddt_pde= 0.67646  | time= 0.75s  mem= 3.26gb 
model   43 :  fape= 2.64703  lddt= 0.89270  rmsd= 1.45410  kabsch= 0.89959  prmsd= 4.84688  plddt= 0.54562  plddt_pde= 0.63828  | time= 0.76s  mem= 3.26gb 
model   44 :  fape= 2.72780  lddt= 0.87097  rmsd= 2.98550  kabsch= 2.14233  prmsd= 6.59588  plddt= 0.46125  plddt_pde= 0.56294  | time= 0.75s  mem= 3.26gb 
model   45 :  fape= 3.01791  lddt= 0.86305  rmsd= 3.01079  kabsch= 2.22116  prmsd= 4.04640  plddt= 0.60250  plddt_pde= 0.70270  | time= 0.75s  mem= 3.26gb 
model   46 :  fape= 2.69820  lddt= 0.88575  rmsd= 1.56576  kabsch= 1.20322  prmsd= 3.41064  plddt= 0.67312  plddt_pde= 0.64449  | time= 0.75s  mem= 3.26gb 
model   47 :  fape= 2.41677  lddt= 0.89820  rmsd= 1.39579  kabsch= 0.77623  prmsd= 4.15830  plddt= 0.58125  plddt_pde= 0.63383  | time= 0.75s  mem= 3.26gb 
model   48 :  fape= 2.56982  lddt= 0.89025  rmsd= 2.48216  kabsch= 2.13017  prmsd= 6.70549  plddt= 0.46437  plddt_pde= 0.53443  | time= 0.75s  mem= 3.26gb 
model   49 :  fape= 2.33030  lddt= 0.90559  rmsd= 1.24311  kabsch= 0.80855  prmsd= 4.08508  plddt= 0.62437  plddt_pde= 0.66147  | time= 0.75s  mem= 3.26gb 
model   50 :  fape= 2.95183  lddt= 0.86717  rmsd= 3.02379  kabsch= 2.04299  prmsd= 5.96414  plddt= 0.48188  plddt_pde= 0.55931  | time= 0.75s  mem= 3.26gb 
model   51 :  fape= 2.62814  lddt= 0.88691  rmsd= 1.63146  kabsch= 0.60300  prmsd= 5.16053  plddt= 0.51812  plddt_pde= 0.59840  | time= 0.75s  mem= 3.26gb 
model   52 :  fape= 2.88774  lddt= 0.87150  rmsd= 1.86259  kabsch= 1.34995  prmsd= 4.67752  plddt= 0.68313  plddt_pde= 0.57360  | time= 0.75s  mem= 3.26gb 
model   53 :  fape= 3.10594  lddt= 0.85421  rmsd= 3.04183  kabsch= 2.14282  prmsd= 4.20780  plddt= 0.61000  plddt_pde= 0.63447  | time= 0.75s  mem= 3.26gb 
model   54 :  fape= 2.60540  lddt= 0.89273  rmsd= 1.83815  kabsch= 1.37487  prmsd= 4.41478  plddt= 0.59688  plddt_pde= 0.63022  | time= 0.75s  mem= 3.26gb 
model   55 :  fape= 2.90495  lddt= 0.86310  rmsd= 2.10287  kabsch= 1.52106  prmsd= 7.53487  plddt= 0.45437  plddt_pde= 0.51552  | time= 0.74s  mem= 3.26gb 
model   56 :  fape= 3.39328  lddt= 0.80490  rmsd= 8.68017  kabsch= 1.48114  prmsd= 5.01001  plddt= 0.52062  plddt_pde= 0.63238  | time= 0.74s  mem= 3.26gb 
model   57 :  fape= 2.67473  lddt= 0.89931  rmsd= 1.39939  kabsch= 0.83163  prmsd= 4.36549  plddt= 0.56500  plddt_pde= 0.69023  | time= 0.74s  mem= 3.26gb 
model   58 :  fape= 2.72507  lddt= 0.88536  rmsd= 1.53037  kabsch= 1.05157  prmsd= 2.65136  plddt= 0.69438  plddt_pde= 0.69071  | time= 0.74s  mem= 3.26gb 
model   59 :  fape= 2.50126  lddt= 0.90198  rmsd= 1.00835  kabsch= 0.81816  prmsd= 3.31466  plddt= 0.67687  plddt_pde= 0.66986  | time= 0.74s  mem= 3.26gb 
model   60 :  fape= 2.97445  lddt= 0.86844  rmsd= 2.15913  kabsch= 1.61576  prmsd= 3.37550  plddt= 0.67188  plddt_pde= 0.64077  | time= 0.74s  mem= 3.26gb 
model   61 :  fape= 2.19862  lddt= 0.92616  rmsd= 1.20674  kabsch= 0.77462  prmsd= 3.03680  plddt= 0.68687  plddt_pde= 0.66647  | time= 0.74s  mem= 3.26gb 
model   62 :  fape= 2.39208  lddt= 0.90562  rmsd= 1.51683  kabsch= 0.69181  prmsd= 6.39936  plddt= 0.48687  plddt_pde= 0.56750  | time= 0.74s  mem= 3.26gb 
model   63 :  fape= 2.87049  lddt= 0.87494  rmsd= 1.89586  kabsch= 0.98253  prmsd= 4.61623  plddt= 0.53437  plddt_pde= 0.62269  | time= 0.75s  mem= 3.26gb 
model   64 :  fape= 2.98413  lddt= 0.86685  rmsd= 2.72469  kabsch= 1.95101  prmsd= 3.94692  plddt= 0.64000  plddt_pde= 0.64193  | time= 0.74s  mem= 3.26gb 
model   65 :  fape= 2.54616  lddt= 0.89497  rmsd= 1.21783  kabsch= 0.59662  prmsd= 4.41308  plddt= 0.55062  plddt_pde= 0.64414  | time= 0.74s  mem= 3.26gb 
model   66 :  fape= 3.10445  lddt= 0.83287  rmsd= 7.84803  kabsch= 2.45887  prmsd= 7.49353  plddt= 0.45437  plddt_pde= 0.50266  | time= 0.74s  mem= 3.26gb 
model   67 :  fape= 2.54173  lddt= 0.89977  rmsd= 1.53556  kabsch= 0.82122  prmsd= 6.80462  plddt= 0.45187  plddt_pde= 0.53347  | time= 0.75s  mem= 3.26gb 
model   68 :  fape= 3.26460  lddt= 0.81448  rmsd= 8.00873  kabsch= 1.74818  prmsd= 7.34739  plddt= 0.45062  plddt_pde= 0.48056  | time= 0.75s  mem= 3.26gb 
model   69 :  fape= 3.39330  lddt= 0.81165  rmsd= 8.38688  kabsch= 2.26500  prmsd= 6.91427  plddt= 0.46625  plddt_pde= 0.54804  | time= 0.75s  mem= 3.26gb 
model   70 :  fape= 2.77885  lddt= 0.87354  rmsd= 2.87204  kabsch= 2.05919  prmsd= 3.53209  plddt= 0.63375  plddt_pde= 0.63322  | time= 0.75s  mem= 3.26gb 
model   71 :  fape= 2.71867  lddt= 0.88944  rmsd= 1.25409  kabsch= 0.81805  prmsd= 6.69604  plddt= 0.46250  plddt_pde= 0.55228  | time= 0.75s  mem= 3.26gb 
model   72 :  fape= 2.49911  lddt= 0.90444  rmsd= 1.29780  kabsch= 0.91867  prmsd= 4.03276  plddt= 0.60312  plddt_pde= 0.65940  | time= 0.75s  mem= 3.26gb 
model   73 :  fape= 2.52511  lddt= 0.90534  rmsd= 1.26551  kabsch= 1.05872  prmsd= 3.20058  plddt= 0.67562  plddt_pde= 0.66480  | time= 0.75s  mem= 3.26gb 
model   74 :  fape= 2.39735  lddt= 0.90457  rmsd= 1.60164  kabsch= 0.70702  prmsd= 4.57990  plddt= 0.54437  plddt_pde= 0.64560  | time= 1.21s  mem= 3.26gb 
model   75 :  fape= 2.49966  lddt= 0.89711  rmsd= 1.55805  kabsch= 0.98396  prmsd= 3.35946  plddt= 0.65187  plddt_pde= 0.67748  | time= 0.75s  mem= 3.26gb 
model   76 :  fape= 3.16902  lddt= 0.82379  rmsd= 8.77361  kabsch= 1.28747  prmsd= 5.14373  plddt= 0.52688  plddt_pde= 0.56252  | time= 0.75s  mem= 3.26gb 
model   77 :  fape= 2.67986  lddt= 0.88559  rmsd= 1.31815  kabsch= 0.71211  prmsd= 2.59956  plddt= 0.78875  plddt_pde= 0.74474  | time= 0.75s  mem= 3.26gb 
model   78 :  fape= 2.56837  lddt= 0.89246  rmsd= 1.82783  kabsch= 1.36921  prmsd= 3.00833  plddt= 0.72062  plddt_pde= 0.69022  | time= 0.75s  mem= 3.26gb 
model   79 :  fape= 2.44909  lddt= 0.89694  rmsd= 1.49317  kabsch= 1.04254  prmsd= 2.74921  plddt= 0.76500  plddt_pde= 0.71093  | time= 0.75s  mem= 3.26gb 
model   80 :  fape= 2.79037  lddt= 0.87396  rmsd= 2.66376  kabsch= 2.00134  prmsd= 6.59570  plddt= 0.46687  plddt_pde= 0.52743  | time= 0.75s  mem= 3.26gb 
model   81 :  fape= 2.63388  lddt= 0.88634  rmsd= 1.54692  kabsch= 1.03348  prmsd= 2.92944  plddt= 0.67625  plddt_pde= 0.65273  | time= 0.75s  mem= 3.26gb 
model   82 :  fape= 3.07407  lddt= 0.82561  rmsd= 6.87301  kabsch= 2.42897  prmsd= 7.56930  plddt= 0.45875  plddt_pde= 0.47694  | time= 0.75s  mem= 3.26gb 
model   83 :  fape= 2.78531  lddt= 0.88106  rmsd= 2.20976  kabsch= 1.72888  prmsd= 6.28189  plddt= 0.47125  plddt_pde= 0.54574  | time= 0.75s  mem= 3.26gb 
model   84 :  fape= 2.92650  lddt= 0.88066  rmsd= 1.74214  kabsch= 1.19414  prmsd= 5.43486  plddt= 0.56500  plddt_pde= 0.56607  | time= 0.75s  mem= 3.26gb 
model   85 :  fape= 2.86927  lddt= 0.87706  rmsd= 1.61732  kabsch= 1.27072  prmsd= 4.28877  plddt= 0.59875  plddt_pde= 0.66970  | time= 0.75s  mem= 3.26gb 
model   86 :  fape= 2.49574  lddt= 0.89872  rmsd= 1.43479  kabsch= 0.94849  prmsd= 4.46063  plddt= 0.56937  plddt_pde= 0.63748  | time= 0.75s  mem= 3.26gb 
model   87 :  fape= 2.76794  lddt= 0.89275  rmsd= 1.42372  kabsch= 1.19397  prmsd= 2.69845  plddt= 0.72812  plddt_pde= 0.70737  | time= 0.75s  mem= 3.26gb 
model   88 :  fape= 2.41154  lddt= 0.90652  rmsd= 1.44290  kabsch= 0.89449  prmsd= 6.30406  plddt= 0.48437  plddt_pde= 0.55119  | time= 0.75s  mem= 3.26gb 
model   89 :  fape= 3.31429  lddt= 0.81257  rmsd= 7.87612  kabsch= 2.04234  prmsd= 7.34056  plddt= 0.46125  plddt_pde= 0.48126  | time= 0.75s  mem= 3.26gb 
model   90 :  fape= 2.98753  lddt= 0.87024  rmsd= 2.91583  kabsch= 2.19625  prmsd= 6.24270  plddt= 0.46250  plddt_pde= 0.59694  | time= 0.75s  mem= 3.26gb 
model   91 :  fape= 2.49938  lddt= 0.89702  rmsd= 1.19064  kabsch= 0.93127  prmsd= 3.14098  plddt= 0.74312  plddt_pde= 0.71525  | time= 0.75s  mem= 3.26gb 
model   92 :  fape= 2.66027  lddt= 0.90021  rmsd= 1.23392  kabsch= 0.73015  prmsd= 2.79166  plddt= 0.71438  plddt_pde= 0.65350  | time= 0.75s  mem= 3.26gb 
model   93 :  fape= 3.05439  lddt= 0.85339  rmsd= 2.79921  kabsch= 2.18481  prmsd= 5.76028  plddt= 0.49125  plddt_pde= 0.60516  | time= 0.75s  mem= 3.26gb 
model   94 :  fape= 3.16331  lddt= 0.83864  rmsd= 3.41407  kabsch= 1.44028  prmsd= 4.05784  plddt= 0.57000  plddt_pde= 0.60151  | time= 0.75s  mem= 3.26gb 
model   95 :  fape= 3.15578  lddt= 0.85570  rmsd= 2.13770  kabsch= 1.16070  prmsd= 3.14059  plddt= 0.68062  plddt_pde= 0.66122  | time= 0.75s  mem= 3.26gb 
model   96 :  fape= 3.04838  lddt= 0.82722  rmsd= 8.90971  kabsch= 0.92114  prmsd= 4.92195  plddt= 0.53000  plddt_pde= 0.63843  | time= 0.75s  mem= 3.26gb 
model   97 :  fape= 2.97135  lddt= 0.86502  rmsd= 2.47428  kabsch= 1.78508  prmsd= 3.83837  plddt= 0.63625  plddt_pde= 0.61654  | time= 0.75s  mem= 3.26gb 
model   98 :  fape= 3.27027  lddt= 0.81282  rmsd= 7.75041  kabsch= 2.46389  prmsd= 7.52286  plddt= 0.44875  plddt_pde= 0.49738  | time= 0.75s  mem= 3.26gb 
model   99 :  fape= 3.09293  lddt= 0.83295  rmsd= 7.63111  kabsch= 1.66134  prmsd= 7.45418  plddt= 0.45062  plddt_pde= 0.46584  | time= 0.75s  mem= 3.26gb 
model  100 :  fape= 3.16150  lddt= 0.85275  rmsd= 3.08984  kabsch= 2.04354  prmsd= 6.13966  plddt= 0.49937  plddt_pde= 0.57750  | time= 0.75s  mem= 3.26gb 
Ranking predictions based on prmsd. This will make the model numbers, and the CSV file look different from the above printed results.
Wrote generated models to 13_PLACER_outputs/EPH_relaxed_0001_pdb2pqr_Repair_390_r2_0001/EPH_relaxed_0001_pdb2pqr_Repair_390_r2_0001_complex_model.pdb
Wrote scores to 13_PLACER_outputs/EPH_relaxed_0001_pdb2pqr_Repair_390_r2_0001/EPH_relaxed_0001_pdb2pqr_Repair_390_r2_0001_complex.csv
Finished predicting 1 structures in 78.62 seconds.
