# device:  cuda:0
Using checkpoint: /home/dongdong/PLACER/examples/../weights/PLACER_model_1.pt
# variables:  5071802
# number of PDB files to process: 1
Reading ligand TRT reference definition from file: 13_PLACER_inputs/EPH_relaxed_0001_pdb2pqr_Repair_405_r2_0001_ligand.sdf
Keeping these ligands fixed during prediction IF they are in the crop: [].
--> 0 EPH_relaxed_0001_pdb2pqr_Repair_405_r2_0001_complex {ID:type/atoms/bonds} : {A:polypeptide(L)/5022/5103; B:nonpoly/82/86}
model    1 :  fape= 3.15556  lddt= 0.82132  rmsd= 7.88274  kabsch= 1.91208  prmsd= 7.56295  plddt= 0.44687  plddt_pde= 0.49030  | time= 1.90s  mem= 3.08gb 
model    2 :  fape= 2.78310  lddt= 0.87096  rmsd= 2.00551  kabsch= 0.78527  prmsd= 5.16032  plddt= 0.53250  plddt_pde= 0.64294  | time= 0.76s  mem= 3.21gb 
model    3 :  fape= 2.61716  lddt= 0.88709  rmsd= 1.34573  kabsch= 0.95554  prmsd= 4.54645  plddt= 0.58875  plddt_pde= 0.66751  | time= 0.76s  mem= 3.21gb 
model    4 :  fape= 2.58804  lddt= 0.88278  rmsd= 1.57289  kabsch= 1.24063  prmsd= 4.00502  plddt= 0.60125  plddt_pde= 0.66628  | time= 0.75s  mem= 3.21gb 
model    5 :  fape= 2.83658  lddt= 0.87685  rmsd= 1.86139  kabsch= 1.18421  prmsd= 5.62969  plddt= 0.49812  plddt_pde= 0.60004  | time= 0.76s  mem= 3.21gb 
model    6 :  fape= 2.57003  lddt= 0.88451  rmsd= 1.45354  kabsch= 0.98357  prmsd= 3.00008  plddt= 0.68250  plddt_pde= 0.66357  | time= 0.77s  mem= 3.21gb 
model    7 :  fape= 3.09902  lddt= 0.81703  rmsd= 8.03787  kabsch= 1.73398  prmsd= 7.63005  plddt= 0.44687  plddt_pde= 0.48361  | time= 0.75s  mem= 3.21gb 
model    8 :  fape= 2.70343  lddt= 0.88392  rmsd= 1.48850  kabsch= 1.04540  prmsd= 3.08663  plddt= 0.68062  plddt_pde= 0.65585  | time= 0.76s  mem= 3.21gb 
model    9 :  fape= 2.56553  lddt= 0.89065  rmsd= 1.20890  kabsch= 0.86620  prmsd= 3.44051  plddt= 0.65812  plddt_pde= 0.65842  | time= 0.75s  mem= 3.21gb 
model   10 :  fape= 2.94825  lddt= 0.86591  rmsd= 2.61187  kabsch= 0.92357  prmsd= 6.05617  plddt= 0.48125  plddt_pde= 0.53596  | time= 0.75s  mem= 3.21gb 
model   11 :  fape= 3.00327  lddt= 0.85805  rmsd= 2.23926  kabsch= 1.15795  prmsd= 5.31903  plddt= 0.55875  plddt_pde= 0.58391  | time= 0.75s  mem= 3.21gb 
model   12 :  fape= 3.11616  lddt= 0.81741  rmsd= 8.40436  kabsch= 1.05566  prmsd= 7.21662  plddt= 0.45937  plddt_pde= 0.52829  | time= 0.75s  mem= 3.21gb 
model   13 :  fape= 2.76906  lddt= 0.87837  rmsd= 1.77725  kabsch= 1.19661  prmsd= 3.75019  plddt= 0.64750  plddt_pde= 0.65775  | time= 0.75s  mem= 3.21gb 
model   14 :  fape= 3.33956  lddt= 0.80439  rmsd= 8.92633  kabsch= 1.12702  prmsd= 5.16686  plddt= 0.53937  plddt_pde= 0.61084  | time= 0.75s  mem= 3.21gb 
model   15 :  fape= 2.77355  lddt= 0.86670  rmsd= 1.81772  kabsch= 1.14922  prmsd= 2.81314  plddt= 0.74000  plddt_pde= 0.65808  | time= 0.75s  mem= 3.21gb 
model   16 :  fape= 2.94736  lddt= 0.85745  rmsd= 2.93181  kabsch= 2.07188  prmsd= 5.14796  plddt= 0.50375  plddt_pde= 0.62499  | time= 0.74s  mem= 3.21gb 
model   17 :  fape= 2.75816  lddt= 0.87737  rmsd= 2.74437  kabsch= 2.10441  prmsd= 3.71303  plddt= 0.64062  plddt_pde= 0.67138  | time= 0.75s  mem= 3.21gb 
model   18 :  fape= 2.65530  lddt= 0.88551  rmsd= 1.32229  kabsch= 1.01018  prmsd= 2.78266  plddt= 0.72125  plddt_pde= 0.68755  | time= 0.74s  mem= 3.21gb 
model   19 :  fape= 3.16145  lddt= 0.81918  rmsd= 7.76031  kabsch= 2.48573  prmsd= 7.23685  plddt= 0.45437  plddt_pde= 0.47519  | time= 0.75s  mem= 3.21gb 
model   20 :  fape= 2.92029  lddt= 0.86512  rmsd= 2.12293  kabsch= 1.68579  prmsd= 3.80616  plddt= 0.62062  plddt_pde= 0.60077  | time= 0.74s  mem= 3.21gb 
model   21 :  fape= 2.17553  lddt= 0.91573  rmsd= 1.24037  kabsch= 0.89759  prmsd= 3.74531  plddt= 0.60438  plddt_pde= 0.69565  | time= 0.75s  mem= 3.21gb 
model   22 :  fape= 2.95069  lddt= 0.86133  rmsd= 1.98452  kabsch= 1.08002  prmsd= 2.73124  plddt= 0.70250  plddt_pde= 0.67140  | time= 0.74s  mem= 3.21gb 
model   23 :  fape= 2.87755  lddt= 0.83989  rmsd= 8.24137  kabsch= 1.55052  prmsd= 7.25365  plddt= 0.46125  plddt_pde= 0.48534  | time= 0.74s  mem= 3.21gb 
model   24 :  fape= 2.80145  lddt= 0.87029  rmsd= 2.03117  kabsch= 0.97357  prmsd= 3.39960  plddt= 0.67312  plddt_pde= 0.68554  | time= 0.76s  mem= 3.21gb 
model   25 :  fape= 2.55082  lddt= 0.89072  rmsd= 1.29713  kabsch= 0.93159  prmsd= 3.56804  plddt= 0.64875  plddt_pde= 0.67254  | time= 0.74s  mem= 3.21gb 
model   26 :  fape= 2.59542  lddt= 0.89083  rmsd= 1.28930  kabsch= 0.89396  prmsd= 4.02933  plddt= 0.61063  plddt_pde= 0.71894  | time= 0.74s  mem= 3.21gb 
model   27 :  fape= 2.94272  lddt= 0.85235  rmsd= 2.05986  kabsch= 1.10905  prmsd= 3.61722  plddt= 0.75062  plddt_pde= 0.64413  | time= 0.74s  mem= 3.21gb 
model   28 :  fape= 2.72463  lddt= 0.88889  rmsd= 1.28415  kabsch= 0.85449  prmsd= 3.26669  plddt= 0.65125  plddt_pde= 0.64664  | time= 0.75s  mem= 3.21gb 
model   29 :  fape= 3.18355  lddt= 0.82210  rmsd= 8.24830  kabsch= 2.22955  prmsd= 7.22427  plddt= 0.46437  plddt_pde= 0.53746  | time= 0.74s  mem= 3.21gb 
model   30 :  fape= 3.13928  lddt= 0.81466  rmsd= 8.37451  kabsch= 1.42266  prmsd= 7.60003  plddt= 0.44750  plddt_pde= 0.53703  | time= 0.74s  mem= 3.21gb 
model   31 :  fape= 3.12930  lddt= 0.85180  rmsd= 1.90468  kabsch= 1.43333  prmsd= 2.94593  plddt= 0.67813  plddt_pde= 0.61898  | time= 0.74s  mem= 3.21gb 
model   32 :  fape= 2.71464  lddt= 0.88126  rmsd= 1.55667  kabsch= 1.11291  prmsd= 3.22295  plddt= 0.88937  plddt_pde= 0.59819  | time= 0.74s  mem= 3.21gb 
model   33 :  fape= 2.62334  lddt= 0.88304  rmsd= 1.60892  kabsch= 0.81112  prmsd= 3.43481  plddt= 0.65875  plddt_pde= 0.70634  | time= 0.74s  mem= 3.21gb 
model   34 :  fape= 3.00044  lddt= 0.84941  rmsd= 2.97725  kabsch= 1.87110  prmsd= 6.87380  plddt= 0.45875  plddt_pde= 0.56523  | time= 0.74s  mem= 3.21gb 
model   35 :  fape= 2.56766  lddt= 0.88215  rmsd= 1.59141  kabsch= 0.99634  prmsd= 3.60035  plddt= 0.63125  plddt_pde= 0.67950  | time= 1.19s  mem= 3.21gb 
model   36 :  fape= 2.86424  lddt= 0.85104  rmsd= 3.04976  kabsch= 1.91029  prmsd= 7.47447  plddt= 0.44500  plddt_pde= 0.53526  | time= 0.74s  mem= 3.21gb 
model   37 :  fape= 2.71364  lddt= 0.87603  rmsd= 1.90284  kabsch= 0.86827  prmsd= 3.74185  plddt= 0.66500  plddt_pde= 0.63299  | time= 0.74s  mem= 3.21gb 
model   38 :  fape= 3.24736  lddt= 0.82150  rmsd= 7.58947  kabsch= 1.56296  prmsd= 7.06720  plddt= 0.45375  plddt_pde= 0.48810  | time= 0.74s  mem= 3.21gb 
model   39 :  fape= 2.94486  lddt= 0.85741  rmsd= 2.54550  kabsch= 2.16676  prmsd= 4.46925  plddt= 0.58812  plddt_pde= 0.62672  | time= 0.73s  mem= 3.21gb 
model   40 :  fape= 3.26730  lddt= 0.82564  rmsd= 3.49088  kabsch= 2.00457  prmsd= 4.87998  plddt= 0.53875  plddt_pde= 0.61542  | time= 0.73s  mem= 3.21gb 
model   41 :  fape= 2.77281  lddt= 0.87025  rmsd= 1.94912  kabsch= 0.93873  prmsd= 6.67276  plddt= 0.45625  plddt_pde= 0.55809  | time= 0.73s  mem= 3.21gb 
model   42 :  fape= 3.03577  lddt= 0.85079  rmsd= 3.18074  kabsch= 2.26030  prmsd= 6.52402  plddt= 0.47375  plddt_pde= 0.57166  | time= 0.74s  mem= 3.21gb 
model   43 :  fape= 2.97059  lddt= 0.86106  rmsd= 2.45194  kabsch= 1.98110  prmsd= 4.04259  plddt= 0.62687  plddt_pde= 0.63158  | time= 0.73s  mem= 3.21gb 
model   44 :  fape= 2.95280  lddt= 0.87350  rmsd= 1.88414  kabsch= 1.54559  prmsd= 2.91625  plddt= 0.68937  plddt_pde= 0.65809  | time= 0.74s  mem= 3.21gb 
model   45 :  fape= 2.69106  lddt= 0.88386  rmsd= 1.45513  kabsch= 0.98661  prmsd= 3.22773  plddt= 0.67750  plddt_pde= 0.65417  | time= 0.74s  mem= 3.21gb 
model   46 :  fape= 2.46131  lddt= 0.88564  rmsd= 1.87894  kabsch= 1.16718  prmsd= 2.58714  plddt= 0.71937  plddt_pde= 0.67606  | time= 0.73s  mem= 3.21gb 
model   47 :  fape= 2.69571  lddt= 0.88545  rmsd= 1.32978  kabsch= 1.07572  prmsd= 2.48440  plddt= 0.85687  plddt_pde= 0.73597  | time= 0.73s  mem= 3.21gb 
model   48 :  fape= 2.60322  lddt= 0.88860  rmsd= 1.58464  kabsch= 0.76731  prmsd= 6.30949  plddt= 0.47000  plddt_pde= 0.60558  | time= 0.73s  mem= 3.21gb 
model   49 :  fape= 2.92262  lddt= 0.86888  rmsd= 2.21377  kabsch= 1.83544  prmsd= 4.27022  plddt= 0.57437  plddt_pde= 0.63806  | time= 0.74s  mem= 3.21gb 
model   50 :  fape= 2.64518  lddt= 0.87968  rmsd= 1.79302  kabsch= 0.80603  prmsd= 6.51869  plddt= 0.46062  plddt_pde= 0.54651  | time= 0.73s  mem= 3.21gb 
model   51 :  fape= 2.64528  lddt= 0.89217  rmsd= 1.83073  kabsch= 1.09807  prmsd= 6.74664  plddt= 0.47000  plddt_pde= 0.53093  | time= 0.73s  mem= 3.21gb 
model   52 :  fape= 3.21407  lddt= 0.81459  rmsd= 8.11877  kabsch= 2.42538  prmsd= 7.35178  plddt= 0.44687  plddt_pde= 0.53712  | time= 0.73s  mem= 3.21gb 
model   53 :  fape= 3.47165  lddt= 0.79255  rmsd= 8.70293  kabsch= 1.93368  prmsd= 5.27270  plddt= 0.53375  plddt_pde= 0.69512  | time= 0.74s  mem= 3.21gb 
model   54 :  fape= 3.18744  lddt= 0.81350  rmsd= 8.53305  kabsch= 1.59297  prmsd= 6.94815  plddt= 0.46187  plddt_pde= 0.54422  | time= 0.73s  mem= 3.21gb 
model   55 :  fape= 3.01758  lddt= 0.83993  rmsd= 4.36854  kabsch= 1.23799  prmsd= 6.63594  plddt= 0.45312  plddt_pde= 0.53470  | time= 0.74s  mem= 3.21gb 
model   56 :  fape= 2.50162  lddt= 0.90039  rmsd= 1.11368  kabsch= 0.73857  prmsd= 3.13883  plddt= 0.79313  plddt_pde= 0.76033  | time= 0.73s  mem= 3.21gb 
model   57 :  fape= 2.94495  lddt= 0.85782  rmsd= 3.21986  kabsch= 2.04097  prmsd= 7.11610  plddt= 0.45187  plddt_pde= 0.52646  | time= 0.73s  mem= 3.21gb 
model   58 :  fape= 2.95206  lddt= 0.85383  rmsd= 3.19567  kabsch= 1.70229  prmsd= 5.53715  plddt= 0.48875  plddt_pde= 0.54250  | time= 0.73s  mem= 3.21gb 
model   59 :  fape= 2.89314  lddt= 0.86354  rmsd= 3.13540  kabsch= 2.15913  prmsd= 5.26988  plddt= 0.52437  plddt_pde= 0.63563  | time= 0.73s  mem= 3.21gb 
model   60 :  fape= 2.88052  lddt= 0.86475  rmsd= 2.74103  kabsch= 2.13444  prmsd= 4.29541  plddt= 0.61125  plddt_pde= 0.64634  | time= 0.73s  mem= 3.21gb 
model   61 :  fape= 2.54363  lddt= 0.89036  rmsd= 1.31150  kabsch= 0.93949  prmsd= 4.09443  plddt= 0.58187  plddt_pde= 0.66720  | time= 0.73s  mem= 3.21gb 
model   62 :  fape= 2.51495  lddt= 0.89069  rmsd= 1.89188  kabsch= 1.11976  prmsd= 6.70513  plddt= 0.47062  plddt_pde= 0.57501  | time= 0.73s  mem= 3.21gb 
model   63 :  fape= 2.73794  lddt= 0.87575  rmsd= 1.40770  kabsch= 0.88987  prmsd= 2.62215  plddt= 0.78688  plddt_pde= 0.72745  | time= 0.73s  mem= 3.21gb 
model   64 :  fape= 2.90836  lddt= 0.86267  rmsd= 2.61563  kabsch= 2.04257  prmsd= 3.30635  plddt= 0.70937  plddt_pde= 0.67383  | time= 0.73s  mem= 3.21gb 
model   65 :  fape= 3.08672  lddt= 0.82219  rmsd= 7.69916  kabsch= 1.72480  prmsd= 7.03285  plddt= 0.45437  plddt_pde= 0.47210  | time= 0.73s  mem= 3.21gb 
model   66 :  fape= 2.51030  lddt= 0.89901  rmsd= 1.23874  kabsch= 0.88569  prmsd= 4.03640  plddt= 0.67562  plddt_pde= 0.74133  | time= 0.73s  mem= 3.21gb 
model   67 :  fape= 2.55458  lddt= 0.89271  rmsd= 1.33420  kabsch= 0.92481  prmsd= 4.09039  plddt= 0.65875  plddt_pde= 0.69311  | time= 0.73s  mem= 3.21gb 
model   68 :  fape= 2.25616  lddt= 0.91411  rmsd= 1.05880  kabsch= 0.82782  prmsd= 3.24754  plddt= 0.65687  plddt_pde= 0.70654  | time= 0.73s  mem= 3.21gb 
model   69 :  fape= 3.02103  lddt= 0.85197  rmsd= 3.19401  kabsch= 1.59594  prmsd= 6.49495  plddt= 0.47563  plddt_pde= 0.51501  | time= 0.73s  mem= 3.21gb 
model   70 :  fape= 3.14613  lddt= 0.82402  rmsd= 8.12644  kabsch= 2.04319  prmsd= 7.47722  plddt= 0.44937  plddt_pde= 0.50427  | time= 0.73s  mem= 3.21gb 
model   71 :  fape= 2.93719  lddt= 0.85270  rmsd= 1.67326  kabsch= 1.06617  prmsd= 4.19766  plddt= 0.58187  plddt_pde= 0.66333  | time= 0.74s  mem= 3.21gb 
model   72 :  fape= 2.88486  lddt= 0.86869  rmsd= 1.56232  kabsch= 1.14712  prmsd= 3.09722  plddt= 0.75625  plddt_pde= 0.76830  | time= 0.73s  mem= 3.21gb 
model   73 :  fape= 2.94485  lddt= 0.85569  rmsd= 2.11284  kabsch= 1.32072  prmsd= 2.82761  plddt= 0.71500  plddt_pde= 0.66342  | time= 0.74s  mem= 3.21gb 
model   74 :  fape= 2.92437  lddt= 0.86298  rmsd= 2.77338  kabsch= 2.20705  prmsd= 5.30236  plddt= 0.52125  plddt_pde= 0.57797  | time= 0.73s  mem= 3.21gb 
model   75 :  fape= 3.19633  lddt= 0.81006  rmsd= 8.32060  kabsch= 0.93459  prmsd= 7.31979  plddt= 0.45625  plddt_pde= 0.55582  | time= 0.73s  mem= 3.21gb 
model   76 :  fape= 3.14380  lddt= 0.82154  rmsd= 7.17875  kabsch= 1.83571  prmsd= 7.25851  plddt= 0.45562  plddt_pde= 0.46671  | time= 1.14s  mem= 3.21gb 
model   77 :  fape= 2.61915  lddt= 0.89048  rmsd= 1.59960  kabsch= 0.95494  prmsd= 5.41411  plddt= 0.52500  plddt_pde= 0.66597  | time= 0.74s  mem= 3.21gb 
model   78 :  fape= 2.54116  lddt= 0.89069  rmsd= 1.52272  kabsch= 0.87184  prmsd= 5.60657  plddt= 0.50563  plddt_pde= 0.60495  | time= 0.74s  mem= 3.21gb 
model   79 :  fape= 2.84230  lddt= 0.87381  rmsd= 1.74976  kabsch= 1.04263  prmsd= 2.68660  plddt= 0.74250  plddt_pde= 0.64514  | time= 0.73s  mem= 3.21gb 
model   80 :  fape= 2.85677  lddt= 0.86130  rmsd= 1.70395  kabsch= 0.97423  prmsd= 3.99077  plddt= 0.65188  plddt_pde= 0.67920  | time= 0.73s  mem= 3.21gb 
model   81 :  fape= 3.23494  lddt= 0.81650  rmsd= 8.57778  kabsch= 1.86341  prmsd= 7.02494  plddt= 0.45750  plddt_pde= 0.52471  | time= 0.73s  mem= 3.21gb 
model   82 :  fape= 2.68916  lddt= 0.88146  rmsd= 1.56868  kabsch= 0.81622  prmsd= 5.38086  plddt= 0.50875  plddt_pde= 0.68784  | time= 0.73s  mem= 3.21gb 
model   83 :  fape= 3.30808  lddt= 0.81593  rmsd= 3.94417  kabsch= 1.55353  prmsd= 5.50890  plddt= 0.50500  plddt_pde= 0.57053  | time= 0.73s  mem= 3.21gb 
model   84 :  fape= 2.56403  lddt= 0.89198  rmsd= 1.34871  kabsch= 0.87028  prmsd= 3.15422  plddt= 0.72438  plddt_pde= 0.69598  | time= 0.73s  mem= 3.21gb 
model   85 :  fape= 2.59903  lddt= 0.88986  rmsd= 1.42559  kabsch= 0.83605  prmsd= 4.65054  plddt= 0.54438  plddt_pde= 0.71093  | time= 0.73s  mem= 3.21gb 
model   86 :  fape= 2.56094  lddt= 0.89298  rmsd= 1.71045  kabsch= 0.85978  prmsd= 5.99941  plddt= 0.49062  plddt_pde= 0.58841  | time= 0.73s  mem= 3.21gb 
model   87 :  fape= 2.93239  lddt= 0.86095  rmsd= 3.18674  kabsch= 2.10983  prmsd= 6.19179  plddt= 0.48188  plddt_pde= 0.60577  | time= 0.73s  mem= 3.21gb 
model   88 :  fape= 2.81127  lddt= 0.87406  rmsd= 1.98035  kabsch= 1.62826  prmsd= 3.77398  plddt= 0.62937  plddt_pde= 0.62725  | time= 0.73s  mem= 3.21gb 
model   89 :  fape= 2.73074  lddt= 0.88430  rmsd= 1.99111  kabsch= 0.91195  prmsd= 6.51211  plddt= 0.46125  plddt_pde= 0.58768  | time= 0.73s  mem= 3.21gb 
model   90 :  fape= 2.67927  lddt= 0.88188  rmsd= 2.93508  kabsch= 2.22927  prmsd= 3.50756  plddt= 0.65125  plddt_pde= 0.69334  | time= 0.73s  mem= 3.21gb 
model   91 :  fape= 2.78730  lddt= 0.87426  rmsd= 1.83502  kabsch= 1.38002  prmsd= 3.38503  plddt= 0.65625  plddt_pde= 0.65959  | time= 0.73s  mem= 3.21gb 
model   92 :  fape= 2.72237  lddt= 0.87121  rmsd= 1.55582  kabsch= 1.09909  prmsd= 2.27330  plddt= 0.79500  plddt_pde= 0.74960  | time= 0.73s  mem= 3.21gb 
model   93 :  fape= 2.95032  lddt= 0.85447  rmsd= 2.91432  kabsch= 2.13247  prmsd= 5.56166  plddt= 0.53062  plddt_pde= 0.57870  | time= 0.73s  mem= 3.21gb 
model   94 :  fape= 2.58580  lddt= 0.88090  rmsd= 1.53600  kabsch= 0.92521  prmsd= 2.71838  plddt= 0.72312  plddt_pde= 0.67457  | time= 0.73s  mem= 3.21gb 
model   95 :  fape= 2.61851  lddt= 0.87510  rmsd= 1.75436  kabsch= 0.81103  prmsd= 3.74933  plddt= 0.68437  plddt_pde= 0.63879  | time= 0.73s  mem= 3.21gb 
model   96 :  fape= 3.16129  lddt= 0.81879  rmsd= 8.79896  kabsch= 0.92374  prmsd= 6.59146  plddt= 0.47063  plddt_pde= 0.57890  | time= 0.73s  mem= 3.21gb 
model   97 :  fape= 2.82615  lddt= 0.87032  rmsd= 1.78143  kabsch= 1.07431  prmsd= 6.83432  plddt= 0.46125  plddt_pde= 0.55278  | time= 0.73s  mem= 3.21gb 
model   98 :  fape= 2.60850  lddt= 0.87853  rmsd= 1.59936  kabsch= 1.03069  prmsd= 4.73701  plddt= 0.55000  plddt_pde= 0.61658  | time= 0.73s  mem= 3.21gb 
model   99 :  fape= 2.81185  lddt= 0.86669  rmsd= 2.77389  kabsch= 2.05576  prmsd= 5.37597  plddt= 0.52000  plddt_pde= 0.59812  | time= 0.73s  mem= 3.21gb 
model  100 :  fape= 2.70441  lddt= 0.88161  rmsd= 1.62200  kabsch= 1.02142  prmsd= 3.00107  plddt= 0.69750  plddt_pde= 0.64237  | time= 0.73s  mem= 3.21gb 
Ranking predictions based on prmsd. This will make the model numbers, and the CSV file look different from the above printed results.
Wrote generated models to 13_PLACER_outputs/EPH_relaxed_0001_pdb2pqr_Repair_405_r2_0001/EPH_relaxed_0001_pdb2pqr_Repair_405_r2_0001_complex_model.pdb
Wrote scores to 13_PLACER_outputs/EPH_relaxed_0001_pdb2pqr_Repair_405_r2_0001/EPH_relaxed_0001_pdb2pqr_Repair_405_r2_0001_complex.csv
Finished predicting 1 structures in 77.24 seconds.
