# device:  cuda:0
Using checkpoint: /home/dongdong/PLACER/examples/../weights/PLACER_model_1.pt
# variables:  5071802
# number of PDB files to process: 1
Reading ligand TRT reference definition from file: 13_PLACER_inputs/EPH_relaxed_0001_pdb2pqr_Repair_140_r2_0001_ligand.sdf
Keeping these ligands fixed during prediction IF they are in the crop: [].
--> 0 EPH_relaxed_0001_pdb2pqr_Repair_140_r2_0001_complex {ID:type/atoms/bonds} : {A:polypeptide(L)/5023/5105; B:nonpoly/82/86}
model    1 :  fape= 3.11780  lddt= 0.86423  rmsd= 2.20118  kabsch= 1.73042  prmsd= 4.26012  plddt= 0.58625  plddt_pde= 0.59821  | time= 2.20s  mem= 3.10gb 
model    2 :  fape= 3.22491  lddt= 0.81406  rmsd= 8.31664  kabsch= 1.03177  prmsd= 7.09652  plddt= 0.44875  plddt_pde= 0.52701  | time= 0.81s  mem= 3.24gb 
model    3 :  fape= 3.26347  lddt= 0.83707  rmsd= 3.06331  kabsch= 2.16320  prmsd= 5.19296  plddt= 0.52750  plddt_pde= 0.67538  | time= 0.78s  mem= 3.24gb 
model    4 :  fape= 2.59921  lddt= 0.88720  rmsd= 1.21097  kabsch= 0.92218  prmsd= 2.80368  plddt= 0.73062  plddt_pde= 0.73247  | time= 0.78s  mem= 3.24gb 
model    5 :  fape= 2.59443  lddt= 0.89449  rmsd= 1.59986  kabsch= 0.74736  prmsd= 5.98723  plddt= 0.49000  plddt_pde= 0.57977  | time= 0.80s  mem= 3.24gb 
model    6 :  fape= 2.95082  lddt= 0.86193  rmsd= 1.77216  kabsch= 1.38536  prmsd= 3.18242  plddt= 0.71812  plddt_pde= 0.65351  | time= 0.80s  mem= 3.24gb 
model    7 :  fape= 2.81805  lddt= 0.87590  rmsd= 1.82033  kabsch= 0.91816  prmsd= 4.16745  plddt= 0.62625  plddt_pde= 0.71026  | time= 0.80s  mem= 3.24gb 
model    8 :  fape= 2.74322  lddt= 0.87466  rmsd= 3.31233  kabsch= 2.18549  prmsd= 6.70971  plddt= 0.45375  plddt_pde= 0.52043  | time= 0.80s  mem= 3.24gb 
model    9 :  fape= 3.13697  lddt= 0.83028  rmsd= 6.85037  kabsch= 1.61903  prmsd= 7.13879  plddt= 0.46500  plddt_pde= 0.48983  | time= 0.76s  mem= 3.24gb 
model   10 :  fape= 3.04760  lddt= 0.86410  rmsd= 2.50710  kabsch= 1.72993  prmsd= 3.58066  plddt= 0.64437  plddt_pde= 0.66015  | time= 0.75s  mem= 3.24gb 
model   11 :  fape= 3.08720  lddt= 0.82525  rmsd= 8.64075  kabsch= 1.92812  prmsd= 5.67762  plddt= 0.53937  plddt_pde= 0.67595  | time= 0.78s  mem= 3.24gb 
model   12 :  fape= 3.09316  lddt= 0.86117  rmsd= 2.75768  kabsch= 2.31475  prmsd= 4.69059  plddt= 0.54875  plddt_pde= 0.63789  | time= 0.79s  mem= 3.24gb 
model   13 :  fape= 2.76152  lddt= 0.87905  rmsd= 1.52401  kabsch= 1.04621  prmsd= 3.37591  plddt= 0.73125  plddt_pde= 0.71198  | time= 0.76s  mem= 3.24gb 
model   14 :  fape= 2.76087  lddt= 0.87940  rmsd= 1.76852  kabsch= 1.05239  prmsd= 3.27968  plddt= 0.68312  plddt_pde= 0.65980  | time= 0.77s  mem= 3.24gb 
model   15 :  fape= 3.14935  lddt= 0.84999  rmsd= 2.39167  kabsch= 1.16192  prmsd= 6.44580  plddt= 0.47687  plddt_pde= 0.54778  | time= 0.76s  mem= 3.24gb 
model   16 :  fape= 2.82351  lddt= 0.86549  rmsd= 1.43096  kabsch= 0.79674  prmsd= 5.49173  plddt= 0.48812  plddt_pde= 0.59729  | time= 0.77s  mem= 3.24gb 
model   17 :  fape= 2.72986  lddt= 0.88634  rmsd= 1.28910  kabsch= 0.94878  prmsd= 3.10835  plddt= 0.71750  plddt_pde= 0.68406  | time= 0.76s  mem= 3.24gb 
model   18 :  fape= 2.74775  lddt= 0.89092  rmsd= 1.46560  kabsch= 0.99259  prmsd= 2.69512  plddt= 0.70812  plddt_pde= 0.67947  | time= 0.76s  mem= 3.24gb 
model   19 :  fape= 3.07719  lddt= 0.86463  rmsd= 1.83699  kabsch= 0.99132  prmsd= 2.74057  plddt= 0.71438  plddt_pde= 0.65536  | time= 0.75s  mem= 3.24gb 
model   20 :  fape= 3.05372  lddt= 0.86615  rmsd= 1.61542  kabsch= 1.11314  prmsd= 3.28289  plddt= 0.67500  plddt_pde= 0.65745  | time= 0.76s  mem= 3.24gb 
model   21 :  fape= 3.73007  lddt= 0.78538  rmsd= 9.16063  kabsch= 1.66687  prmsd= 3.35356  plddt= 0.65438  plddt_pde= 0.64116  | time= 0.76s  mem= 3.24gb 
model   22 :  fape= 2.68633  lddt= 0.89087  rmsd= 1.48611  kabsch= 0.93342  prmsd= 3.84452  plddt= 0.64625  plddt_pde= 0.69423  | time= 0.76s  mem= 3.24gb 
model   23 :  fape= 2.72162  lddt= 0.87755  rmsd= 1.79418  kabsch= 0.81148  prmsd= 5.17947  plddt= 0.55125  plddt_pde= 0.62505  | time= 0.76s  mem= 3.24gb 
model   24 :  fape= 2.69835  lddt= 0.88990  rmsd= 1.71455  kabsch= 1.05424  prmsd= 5.70747  plddt= 0.51187  plddt_pde= 0.60445  | time= 0.77s  mem= 3.24gb 
model   25 :  fape= 2.42687  lddt= 0.89843  rmsd= 1.30478  kabsch= 0.78777  prmsd= 2.67453  plddt= 0.75875  plddt_pde= 0.71637  | time= 0.75s  mem= 3.24gb 
model   26 :  fape= 3.60853  lddt= 0.78562  rmsd= 9.10321  kabsch= 1.33387  prmsd= 4.01176  plddt= 0.59062  plddt_pde= 0.61689  | time= 0.76s  mem= 3.24gb 
model   27 :  fape= 3.12850  lddt= 0.84617  rmsd= 2.57991  kabsch= 2.07793  prmsd= 5.21171  plddt= 0.51375  plddt_pde= 0.59304  | time= 0.76s  mem= 3.24gb 
model   28 :  fape= 2.79628  lddt= 0.87900  rmsd= 1.46281  kabsch= 0.77737  prmsd= 4.95761  plddt= 0.51688  plddt_pde= 0.64139  | time= 0.76s  mem= 3.24gb 
model   29 :  fape= 3.12890  lddt= 0.85302  rmsd= 1.71015  kabsch= 1.04727  prmsd= 2.98580  plddt= 0.70625  plddt_pde= 0.67977  | time= 0.75s  mem= 3.24gb 
model   30 :  fape= 2.97554  lddt= 0.86285  rmsd= 2.51024  kabsch= 1.91951  prmsd= 6.49138  plddt= 0.47625  plddt_pde= 0.57752  | time= 0.75s  mem= 3.24gb 
model   31 :  fape= 3.31020  lddt= 0.81170  rmsd= 8.96157  kabsch= 1.14062  prmsd= 4.73320  plddt= 0.53437  plddt_pde= 0.62782  | time= 0.75s  mem= 3.24gb 
model   32 :  fape= 3.04300  lddt= 0.85960  rmsd= 2.81165  kabsch= 2.27315  prmsd= 5.36402  plddt= 0.51875  plddt_pde= 0.62533  | time= 0.75s  mem= 3.24gb 
model   33 :  fape= 2.62685  lddt= 0.87979  rmsd= 1.52032  kabsch= 0.82730  prmsd= 5.70938  plddt= 0.49625  plddt_pde= 0.62179  | time= 0.75s  mem= 3.24gb 
model   34 :  fape= 3.00967  lddt= 0.83943  rmsd= 8.52705  kabsch= 1.49856  prmsd= 6.70857  plddt= 0.47938  plddt_pde= 0.54116  | time= 1.23s  mem= 3.24gb 
model   35 :  fape= 2.32687  lddt= 0.91538  rmsd= 1.46849  kabsch= 1.10094  prmsd= 3.53583  plddt= 0.65437  plddt_pde= 0.66441  | time= 0.75s  mem= 3.24gb 
model   36 :  fape= 2.92783  lddt= 0.87513  rmsd= 1.52802  kabsch= 1.25337  prmsd= 3.18816  plddt= 0.65625  plddt_pde= 0.66921  | time= 0.75s  mem= 3.24gb 
model   37 :  fape= 3.10134  lddt= 0.85198  rmsd= 2.65289  kabsch= 2.15124  prmsd= 4.40903  plddt= 0.60875  plddt_pde= 0.65780  | time= 0.76s  mem= 3.24gb 
model   38 :  fape= 2.59835  lddt= 0.90200  rmsd= 1.23096  kabsch= 1.05515  prmsd= 6.67263  plddt= 0.47437  plddt_pde= 0.58560  | time= 0.75s  mem= 3.24gb 
model   39 :  fape= 3.00770  lddt= 0.85385  rmsd= 3.32225  kabsch= 2.16898  prmsd= 6.58529  plddt= 0.46375  plddt_pde= 0.52565  | time= 0.76s  mem= 3.24gb 
model   40 :  fape= 2.76971  lddt= 0.87868  rmsd= 1.35903  kabsch= 0.80044  prmsd= 4.30549  plddt= 0.65750  plddt_pde= 0.72347  | time= 0.75s  mem= 3.24gb 
model   41 :  fape= 3.11604  lddt= 0.82732  rmsd= 7.19430  kabsch= 2.28556  prmsd= 7.37362  plddt= 0.44750  plddt_pde= 0.45608  | time= 0.76s  mem= 3.24gb 
model   42 :  fape= 2.94756  lddt= 0.86339  rmsd= 1.83082  kabsch= 1.08584  prmsd= 2.49886  plddt= 0.72500  plddt_pde= 0.66828  | time= 0.76s  mem= 3.24gb 
model   43 :  fape= 3.19631  lddt= 0.85883  rmsd= 3.48669  kabsch= 2.17169  prmsd= 6.09754  plddt= 0.48562  plddt_pde= 0.55837  | time= 0.76s  mem= 3.24gb 
model   44 :  fape= 2.84937  lddt= 0.87454  rmsd= 2.55783  kabsch= 1.95920  prmsd= 2.73486  plddt= 0.71938  plddt_pde= 0.68482  | time= 0.80s  mem= 3.24gb 
model   45 :  fape= 2.65697  lddt= 0.88763  rmsd= 1.20710  kabsch= 0.82110  prmsd= 3.28380  plddt= 0.67312  plddt_pde= 0.69417  | time= 0.76s  mem= 3.24gb 
model   46 :  fape= 3.19055  lddt= 0.83302  rmsd= 3.34170  kabsch= 1.71830  prmsd= 3.00523  plddt= 0.68000  plddt_pde= 0.61766  | time= 0.74s  mem= 3.24gb 
model   47 :  fape= 3.38148  lddt= 0.79727  rmsd= 8.64294  kabsch= 1.45548  prmsd= 5.71935  plddt= 0.49687  plddt_pde= 0.64352  | time= 0.74s  mem= 3.24gb 
model   48 :  fape= 2.69781  lddt= 0.88492  rmsd= 1.60874  kabsch= 0.83846  prmsd= 5.60151  plddt= 0.50000  plddt_pde= 0.64011  | time= 0.75s  mem= 3.24gb 
model   49 :  fape= 3.12887  lddt= 0.84545  rmsd= 1.89429  kabsch= 1.08295  prmsd= 2.32566  plddt= 0.83437  plddt_pde= 0.71286  | time= 0.74s  mem= 3.24gb 
model   50 :  fape= 3.19245  lddt= 0.84865  rmsd= 2.21420  kabsch= 1.62457  prmsd= 3.46119  plddt= 0.63625  plddt_pde= 0.63845  | time= 0.74s  mem= 3.24gb 
model   51 :  fape= 2.90266  lddt= 0.85748  rmsd= 1.73928  kabsch= 1.10098  prmsd= 2.29957  plddt= 0.87125  plddt_pde= 0.74003  | time= 0.74s  mem= 3.24gb 
model   52 :  fape= 2.95076  lddt= 0.86944  rmsd= 1.94900  kabsch= 0.95720  prmsd= 6.06549  plddt= 0.47687  plddt_pde= 0.61139  | time= 0.74s  mem= 3.24gb 
model   53 :  fape= 2.87978  lddt= 0.87090  rmsd= 2.62481  kabsch= 2.12160  prmsd= 3.48346  plddt= 0.68312  plddt_pde= 0.65102  | time= 0.74s  mem= 3.24gb 
model   54 :  fape= 2.89148  lddt= 0.87052  rmsd= 2.17004  kabsch= 1.71673  prmsd= 3.66268  plddt= 0.64937  plddt_pde= 0.62470  | time= 0.74s  mem= 3.24gb 
model   55 :  fape= 2.28206  lddt= 0.91170  rmsd= 1.00134  kabsch= 0.58358  prmsd= 3.10175  plddt= 0.79750  plddt_pde= 0.74440  | time= 0.74s  mem= 3.24gb 
model   56 :  fape= 2.84456  lddt= 0.88014  rmsd= 1.53008  kabsch= 0.71494  prmsd= 3.11555  plddt= 0.74750  plddt_pde= 0.69479  | time= 0.74s  mem= 3.24gb 
model   57 :  fape= 2.90858  lddt= 0.88476  rmsd= 1.87326  kabsch= 1.47794  prmsd= 3.76691  plddt= 0.64125  plddt_pde= 0.65112  | time= 0.74s  mem= 3.24gb 
model   58 :  fape= 3.27039  lddt= 0.82959  rmsd= 2.93137  kabsch= 2.05551  prmsd= 3.42740  plddt= 0.64625  plddt_pde= 0.65128  | time= 0.74s  mem= 3.24gb 
model   59 :  fape= 3.40886  lddt= 0.79860  rmsd= 8.98956  kabsch= 0.88700  prmsd= 2.95644  plddt= 0.85187  plddt_pde= 0.80221  | time= 0.73s  mem= 3.24gb 
model   60 :  fape= 3.18861  lddt= 0.84310  rmsd= 3.01848  kabsch= 1.94876  prmsd= 4.35879  plddt= 0.59375  plddt_pde= 0.64076  | time= 0.74s  mem= 3.24gb 
model   61 :  fape= 3.15828  lddt= 0.81405  rmsd= 8.65721  kabsch= 1.26158  prmsd= 7.60124  plddt= 0.44625  plddt_pde= 0.50765  | time= 0.74s  mem= 3.24gb 
model   62 :  fape= 3.34256  lddt= 0.84311  rmsd= 2.67139  kabsch= 1.96832  prmsd= 6.08565  plddt= 0.48437  plddt_pde= 0.59512  | time= 0.74s  mem= 3.24gb 
model   63 :  fape= 2.68750  lddt= 0.87902  rmsd= 1.52611  kabsch= 0.94063  prmsd= 5.97827  plddt= 0.51688  plddt_pde= 0.59178  | time= 0.74s  mem= 3.24gb 
model   64 :  fape= 3.50777  lddt= 0.80462  rmsd= 3.88205  kabsch= 1.71369  prmsd= 4.60259  plddt= 0.54312  plddt_pde= 0.60044  | time= 0.74s  mem= 3.24gb 
model   65 :  fape= 3.34134  lddt= 0.80975  rmsd= 8.28205  kabsch= 1.89501  prmsd= 6.86660  plddt= 0.47937  plddt_pde= 0.54450  | time= 0.74s  mem= 3.24gb 
model   66 :  fape= 2.99372  lddt= 0.87443  rmsd= 1.78479  kabsch= 0.90118  prmsd= 2.73326  plddt= 0.74937  plddt_pde= 0.68201  | time= 0.74s  mem= 3.24gb 
model   67 :  fape= 2.62990  lddt= 0.88696  rmsd= 1.75676  kabsch= 0.81833  prmsd= 4.46239  plddt= 0.58500  plddt_pde= 0.66474  | time= 0.74s  mem= 3.24gb 
model   68 :  fape= 2.50068  lddt= 0.89748  rmsd= 1.16528  kabsch= 0.61483  prmsd= 3.73835  plddt= 0.60938  plddt_pde= 0.66260  | time= 0.74s  mem= 3.24gb 
model   69 :  fape= 2.57853  lddt= 0.89824  rmsd= 1.49480  kabsch= 1.08579  prmsd= 2.01324  plddt= 0.86125  plddt_pde= 0.76590  | time= 0.74s  mem= 3.24gb 
model   70 :  fape= 3.43346  lddt= 0.81743  rmsd= 3.38411  kabsch= 1.79741  prmsd= 3.30338  plddt= 0.65937  plddt_pde= 0.61665  | time= 0.74s  mem= 3.24gb 
model   71 :  fape= 2.57027  lddt= 0.89724  rmsd= 1.48760  kabsch= 0.84763  prmsd= 6.70657  plddt= 0.46375  plddt_pde= 0.55518  | time= 0.74s  mem= 3.24gb 
model   72 :  fape= 3.50985  lddt= 0.79673  rmsd= 8.44347  kabsch= 0.99157  prmsd= 7.52292  plddt= 0.44437  plddt_pde= 0.54372  | time= 0.74s  mem= 3.24gb 
model   73 :  fape= 3.14894  lddt= 0.86207  rmsd= 2.12359  kabsch= 1.54065  prmsd= 3.66651  plddt= 0.61500  plddt_pde= 0.63092  | time= 0.74s  mem= 3.24gb 
model   74 :  fape= 2.83103  lddt= 0.87394  rmsd= 2.22661  kabsch= 1.75291  prmsd= 4.26960  plddt= 0.59625  plddt_pde= 0.63744  | time= 1.26s  mem= 3.24gb 
model   75 :  fape= 2.84266  lddt= 0.86701  rmsd= 2.12997  kabsch= 0.72148  prmsd= 3.96857  plddt= 0.67812  plddt_pde= 0.70394  | time= 0.75s  mem= 3.24gb 
model   76 :  fape= 3.31852  lddt= 0.80855  rmsd= 8.70889  kabsch= 1.26021  prmsd= 6.12609  plddt= 0.47250  plddt_pde= 0.58690  | time= 0.74s  mem= 3.24gb 
model   77 :  fape= 3.43748  lddt= 0.80575  rmsd= 8.20855  kabsch= 1.14794  prmsd= 6.55148  plddt= 0.46375  plddt_pde= 0.46778  | time= 0.74s  mem= 3.24gb 
model   78 :  fape= 3.02171  lddt= 0.86566  rmsd= 2.53473  kabsch= 2.41078  prmsd= 3.25364  plddt= 0.66937  plddt_pde= 0.65973  | time= 0.74s  mem= 3.24gb 
model   79 :  fape= 2.94080  lddt= 0.86226  rmsd= 2.45458  kabsch= 1.80968  prmsd= 4.01290  plddt= 0.58000  plddt_pde= 0.62368  | time= 0.74s  mem= 3.24gb 
model   80 :  fape= 2.71046  lddt= 0.88345  rmsd= 2.35469  kabsch= 1.89565  prmsd= 2.80543  plddt= 0.72375  plddt_pde= 0.66197  | time= 0.74s  mem= 3.24gb 
model   81 :  fape= 2.63824  lddt= 0.89189  rmsd= 1.40056  kabsch= 0.97712  prmsd= 2.70789  plddt= 0.70062  plddt_pde= 0.65795  | time= 0.74s  mem= 3.24gb 
model   82 :  fape= 3.22920  lddt= 0.83486  rmsd= 2.23828  kabsch= 1.54701  prmsd= 3.65674  plddt= 0.62937  plddt_pde= 0.61066  | time= 0.74s  mem= 3.24gb 
model   83 :  fape= 3.00340  lddt= 0.85629  rmsd= 1.73457  kabsch= 1.17950  prmsd= 2.45772  plddt= 0.77000  plddt_pde= 0.72928  | time= 0.74s  mem= 3.24gb 
model   84 :  fape= 2.72100  lddt= 0.88037  rmsd= 1.40413  kabsch= 0.84346  prmsd= 3.11768  plddt= 0.70125  plddt_pde= 0.68998  | time= 0.74s  mem= 3.24gb 
model   85 :  fape= 3.02539  lddt= 0.86204  rmsd= 2.89237  kabsch= 2.20332  prmsd= 3.13604  plddt= 0.71750  plddt_pde= 0.66648  | time= 0.74s  mem= 3.24gb 
model   86 :  fape= 3.24197  lddt= 0.81399  rmsd= 7.14909  kabsch= 1.65076  prmsd= 7.16117  plddt= 0.46687  plddt_pde= 0.48289  | time= 0.74s  mem= 3.24gb 
model   87 :  fape= 3.09086  lddt= 0.85648  rmsd= 2.77694  kabsch= 2.33322  prmsd= 2.93460  plddt= 0.70437  plddt_pde= 0.65454  | time= 0.75s  mem= 3.24gb 
model   88 :  fape= 2.76708  lddt= 0.88104  rmsd= 1.77845  kabsch= 1.31209  prmsd= 3.74065  plddt= 0.66062  plddt_pde= 0.66478  | time= 0.74s  mem= 3.24gb 
model   89 :  fape= 3.23223  lddt= 0.81127  rmsd= 8.39847  kabsch= 1.12026  prmsd= 7.35522  plddt= 0.45875  plddt_pde= 0.53046  | time= 0.74s  mem= 3.24gb 
model   90 :  fape= 2.79214  lddt= 0.87338  rmsd= 1.49650  kabsch= 0.85426  prmsd= 5.86721  plddt= 0.49625  plddt_pde= 0.59528  | time= 0.74s  mem= 3.24gb 
model   91 :  fape= 2.98527  lddt= 0.85048  rmsd= 2.70955  kabsch= 2.17572  prmsd= 3.01924  plddt= 0.67625  plddt_pde= 0.64210  | time= 0.74s  mem= 3.24gb 
model   92 :  fape= 3.02108  lddt= 0.85342  rmsd= 2.92837  kabsch= 2.14394  prmsd= 6.55815  plddt= 0.46937  plddt_pde= 0.56562  | time= 0.74s  mem= 3.24gb 
model   93 :  fape= 2.69361  lddt= 0.88758  rmsd= 1.76574  kabsch= 0.87118  prmsd= 4.94349  plddt= 0.54875  plddt_pde= 0.61263  | time= 0.74s  mem= 3.24gb 
model   94 :  fape= 2.95399  lddt= 0.86981  rmsd= 2.40457  kabsch= 1.75437  prmsd= 3.36143  plddt= 0.64875  plddt_pde= 0.65295  | time= 0.74s  mem= 3.24gb 
model   95 :  fape= 3.04702  lddt= 0.85536  rmsd= 2.32123  kabsch= 1.79614  prmsd= 3.11866  plddt= 0.68375  plddt_pde= 0.64245  | time= 0.74s  mem= 3.24gb 
model   96 :  fape= 3.06023  lddt= 0.85331  rmsd= 3.24050  kabsch= 2.16494  prmsd= 6.97021  plddt= 0.46375  plddt_pde= 0.57824  | time= 0.74s  mem= 3.24gb 
model   97 :  fape= 3.02227  lddt= 0.84687  rmsd= 2.02431  kabsch= 1.12862  prmsd= 4.39763  plddt= 0.61812  plddt_pde= 0.70794  | time= 0.74s  mem= 3.24gb 
model   98 :  fape= 2.86136  lddt= 0.86541  rmsd= 3.10914  kabsch= 1.97284  prmsd= 6.57128  plddt= 0.46875  plddt_pde= 0.53886  | time= 0.74s  mem= 3.24gb 
model   99 :  fape= 2.87015  lddt= 0.86576  rmsd= 3.31701  kabsch= 1.90933  prmsd= 6.33303  plddt= 0.51562  plddt_pde= 0.49990  | time= 0.74s  mem= 3.24gb 
model  100 :  fape= 2.46610  lddt= 0.89502  rmsd= 1.28927  kabsch= 0.78190  prmsd= 3.67993  plddt= 0.69750  plddt_pde= 0.70407  | time= 0.74s  mem= 3.24gb 
Ranking predictions based on prmsd. This will make the model numbers, and the CSV file look different from the above printed results.
Wrote generated models to 13_PLACER_outputs/EPH_relaxed_0001_pdb2pqr_Repair_140_r2_0001/EPH_relaxed_0001_pdb2pqr_Repair_140_r2_0001_complex_model.pdb
Wrote scores to 13_PLACER_outputs/EPH_relaxed_0001_pdb2pqr_Repair_140_r2_0001/EPH_relaxed_0001_pdb2pqr_Repair_140_r2_0001_complex.csv
Finished predicting 1 structures in 79.16 seconds.
