2026-07-19 13:51:31,513 INFO:main.py:246:print_splash_screen:PDB2PQR v3.7.1: biomolecular structure conversion software.
2026-07-19 13:51:31,513 INFO:main.py:248:print_splash_screen:Please cite:  Jurrus E, et al.  Improvements to the APBS biomolecular solvation software suite.  Protein Sci 27 112-128 (2018).
2026-07-19 13:51:31,513 INFO:main.py:248:print_splash_screen:Please cite:  Dolinsky TJ, et al.  PDB2PQR: expanding and upgrading automated preparation of biomolecular structures for molecular simulations. Nucleic Acids Res 35 W522-W525 (2007).
2026-07-19 13:51:31,513 INFO:main.py:770:main_driver:Checking and transforming input arguments.
2026-07-19 13:51:31,513 INFO:main.py:774:main_driver:Loading topology files.
2026-07-19 13:51:31,603 INFO:main.py:776:main_driver:Loading molecule: fast_relaxed_pdbs_clean/EPH_relaxed_0001_pdb2pqr_Repair_4_r2_0001.pdb
2026-07-19 13:51:31,614 INFO:main.py:781:main_driver:Setting up molecule.
2026-07-19 13:51:31,636 INFO:main.py:423:setup_molecule:Created biomolecule object with 316 residues and 4974 atoms.
2026-07-19 13:51:31,637 INFO:main.py:785:main_driver:Setting termini states for biomolecule chains.
2026-07-19 13:51:31,643 INFO:main.py:616:non_trivial:Loading forcefield.
2026-07-19 13:51:31,700 INFO:main.py:620:non_trivial:Loading hydrogen topology definitions.
2026-07-19 13:51:31,702 INFO:main.py:474:is_repairable:This biomolecule is clean.  No repair needed.
2026-07-19 13:51:31,702 INFO:main.py:635:non_trivial:Updating disulfide bridges.
2026-07-19 13:51:31,702 INFO:main.py:638:non_trivial:Debumping biomolecule.
2026-07-19 13:51:31,822 INFO:main.py:645:non_trivial:Assigning titration states with PROPKA.
2026-07-19 13:51:31,834 INFO:output.py:74:print_header:
propka3.5.1                                                                                  2026-07-19

-------------------------------------------------------------------------------
--                                                                           --
--  PROPKA: A PROTEIN PKA PREDICTOR                                          --
--                                                                           --
--  VERSION 1.0,  04/25/2004,  IOWA CITY                                     --
--  BY HUI LI                                                                --
--                                                                           --
--  VERSION 2.0,  11/05/2007, IOWA CITY/COPENHAGEN                           --
--  BY DELPHINE C. BAS AND DAVID M. ROGERS                                   --
--                                                                           --
--  VERSION 3.0,  01/06/2011, COPENHAGEN                                     --
--  BY MATS H.M. OLSSON AND CHRESTEN R. SONDERGARD                           --
--                                                                           --
--  VERSION 3.1,  07/01/2011, COPENHAGEN                                     --
--  BY CHRESTEN R. SONDERGARD AND MATS H.M. OLSSON                           --
--                                                                           --
--  VERSION 3.2,  06/17/2020, PLANET EARTH                                   --
--  SEE ABOVE FOR AUTHORS                                                    --
--                                                                           --
-------------------------------------------------------------------------------


-------------------------------------------------------------------------------
References:

Very Fast Empirical Prediction and Rationalization of Protein pKa Values.
Hui Li, Andrew D. Robertson and Jan H. Jensen. PROTEINS: Structure, Function,
and Bioinformatics. 61:704-721 (2005)

Very Fast Prediction and Rationalization of pKa Values for Protein-Ligand
Complexes.  Delphine C. Bas, David M. Rogers and Jan H. Jensen.  PROTEINS:
Structure, Function, and Bioinformatics 73:765-783 (2008)

PROPKA3: Consistent Treatment of Internal and Surface Residues in Empirical
pKa predictions.  Mats H.M. Olsson, Chresten R. Sondergard, Michal Rostkowski,
and Jan H. Jensen.  Journal of Chemical Theory and Computation, 7(2):525-537
(2011)

Improved Treatment of Ligands and Coupling Effects in Empirical Calculation
and Rationalization of pKa Values.  Chresten R. Sondergaard, Mats H.M. Olsson,
Michal Rostkowski, and Jan H. Jensen.  Journal of Chemical Theory and
Computation, (2011)
-------------------------------------------------------------------------------



2026-07-19 13:51:32,002 INFO:conformation_container.py:124:find_covalently_coupled_groups:Coupling map:

2026-07-19 13:51:32,002 INFO:conformation_container.py:213:calculate_pka:Calculating pKas for Conformation container 1A with 2969 atoms and 760 groups
2026-07-19 13:51:32,525 INFO:output.py:225:print_pka_section:pKa determinants:

---------  -----   ------   ---------------------    --------------    --------------    --------------
                            DESOLVATION  EFFECTS       SIDECHAIN          BACKBONE        COULOMBIC
 RESIDUE    pKa    BURIED     REGULAR      RE        HYDROGEN BOND     HYDROGEN BOND      INTERACTION
---------  -----   ------   ---------   ---------    --------------    --------------    --------------

ASP   2 A   2.83     0 %    0.21  142   0.00    0   -0.80 GLN   3 A   -0.11 ASP   2 A   -0.27 N+    1 A

ASP  58 A   2.62   100 %    3.67  581   0.69    0   -1.60 HIS  17 A   -0.84 TRP  37 A   -0.20 LYS 217 A
ASP  58 A                                            0.00 XXX   0 X   -0.82 ASP  64 A   -0.12 HIS   6 A
ASP  58 A                                            0.00 XXX   0 X    0.00 XXX   0 X   -1.02 HIS  17 A
ASP  58 A                                            0.00 XXX   0 X    0.00 XXX   0 X   -0.95 HIS  31 A

ASP  64 A   3.62    33 %    0.77  374   0.00    0   -0.34 LYS 217 A    0.00 XXX   0 X   -0.08 HIS   6 A
ASP  64 A                                            0.00 XXX   0 X    0.00 XXX   0 X   -0.40 HIS  17 A
ASP  64 A                                            0.00 XXX   0 X    0.00 XXX   0 X    0.39 ASP  58 A
ASP  64 A                                            0.00 XXX   0 X    0.00 XXX   0 X   -0.52 LYS 217 A

ASP  66 A   2.42     5 %    0.67  296   0.03    0   -0.85 LYS  15 A   -0.82 LYS  15 A   -0.03 ARG  60 A
ASP  66 A                                            0.00 XXX   0 X    0.00 XXX   0 X   -0.38 LYS  15 A

ASP  82 A   5.17    80 %    3.28  506   1.36    0   -0.79 ASN  12 A    0.00 XXX   0 X    0.01 ASP  66 A
ASP  82 A                                           -1.50 ARG  60 A    0.00 XXX   0 X   -0.17 HIS  78 A
ASP  82 A                                            0.00 XXX   0 X    0.00 XXX   0 X   -0.82 ARG  60 A

ASP  88 A   2.98     0 %    0.41  277   0.00    0   -0.76 ARG 117 A    0.00 XXX   0 X   -0.12 ARG 114 A
ASP  88 A                                            0.00 XXX   0 X    0.00 XXX   0 X    0.02 ASP 116 A
ASP  88 A                                            0.00 XXX   0 X    0.00 XXX   0 X   -0.38 ARG 117 A

ASP 101 A   2.86   100 %    3.18  709   0.50    0   -1.60 HIS 295 A   -0.80 PHE  33 A   -0.05 HIS  31 A
ASP 101 A                                            0.00 XXX   0 X   -0.76 TRP 102 A   -1.40 HIS 295 A

ASP 116 A   1.81     0 %    0.57  281   0.00    0   -1.60 ARG 114 A   -0.37 ASP 116 A   -0.05 LYS  94 A
ASP 116 A                                            0.00 XXX   0 X    0.00 XXX   0 X   -0.16 ARG 117 A
ASP 116 A                                            0.00 XXX   0 X    0.00 XXX   0 X   -0.38 ARG 114 A

ASP 147 A   3.70     0 %    0.22  227   0.00    0    0.00 XXX   0 X   -0.21 ASP 147 A   -0.05 ARG 142 A
ASP 147 A                                            0.00 XXX   0 X   -0.04 ASP 148 A   -0.02 ARG 153 A

ASP 148 A   4.52     0 %    0.41  258   0.00    0    0.00 XXX   0 X    0.00 XXX   0 X   -0.10 ARG 153 A
ASP 148 A                                            0.00 XXX   0 X    0.00 XXX   0 X    0.31 ASP 147 A
ASP 148 A                                            0.00 XXX   0 X    0.00 XXX   0 X    0.01 GLU 159 A
ASP 148 A                                            0.00 XXX   0 X    0.00 XXX   0 X    0.11 GLU 190 A

ASP 163 A   4.14    38 %    1.44  389   0.19    0    0.00 XXX   0 X   -0.85 PHE 193 A   -0.23 ARG 153 A
ASP 163 A                                            0.00 XXX   0 X   -0.10 ARG 194 A   -0.00 LYS 189 A
ASP 163 A                                            0.00 XXX   0 X    0.00 XXX   0 X   -0.18 ARG 194 A
ASP 163 A                                            0.00 XXX   0 X    0.00 XXX   0 X    0.06 GLU 159 A

ASP 168 A   3.23     6 %    0.46  298   0.00    0    0.00 XXX   0 X   -0.15 ALA 170 A   -0.04 LYS 174 A
ASP 168 A                                            0.00 XXX   0 X   -0.78 GLN 171 A   -0.07 LYS 219 A

ASP 210 A   2.68    45 %    1.68  408   0.30    0   -0.77 THR 207 A   -0.80 THR 207 A   -0.23 HIS  42 A
ASP 210 A                                           -0.41 TYR  38 A    0.00 XXX   0 X   -0.83 ARG  41 A
ASP 210 A                                           -0.05 ARG  41 A    0.00 XXX   0 X    0.00 XXX   0 X

ASP 234 A   5.04    45 %    1.93  408   0.00    0    0.00 XXX   0 X   -0.01 PHE 137 A   -0.01 ARG 142 A
ASP 234 A                                            0.00 XXX   0 X   -0.84 ILE 138 A    0.15 GLU 139 A
ASP 234 A                                            0.00 XXX   0 X    0.00 XXX   0 X    0.02 GLU 238 A

ASP 258 A   2.41     8 %    0.80  305   0.10    0   -0.16 SER 259 A   -0.08 ASP 258 A   -0.07 ARG 180 A
ASP 258 A                                            0.00 XXX   0 X   -0.18 SER 259 A   -0.03 LYS 269 A
ASP 258 A                                            0.00 XXX   0 X   -0.79 ASP 292 A   -0.08 LYS 291 A
ASP 258 A                                            0.00 XXX   0 X   -0.78 ALA 293 A   -0.05 ARG 301 A
ASP 258 A                                            0.00 XXX   0 X    0.00 XXX   0 X   -0.07 HIS 264 A

ASP 260 A   3.45   100 %    3.79  583   0.74    0   -0.82 THR 262 A   -0.80 THR 262 A    0.32 ASP 101 A
ASP 260 A                                           -1.60 HIS 295 A    0.00 XXX   0 X   -0.09 HIS 264 A
ASP 260 A                                            0.00 XXX   0 X    0.00 XXX   0 X    0.02 GLU 300 A
ASP 260 A                                            0.00 XXX   0 X    0.00 XXX   0 X   -1.90 HIS 295 A

ASP 280 A   3.23    30 %    1.27  366   0.24    0   -0.80 TYR 271 A    0.00 XXX   0 X   -0.42 LYS 279 A
ASP 280 A                                           -0.85 LYS 279 A    0.00 XXX   0 X    0.00 XXX   0 X

ASP 292 A   3.85     0 %    0.20  220   0.00    0    0.00 XXX   0 X    0.00 XXX   0 X   -0.25 ARG 180 A
ASP 292 A                                            0.00 XXX   0 X    0.00 XXX   0 X   -0.17 ARG 301 A
ASP 292 A                                            0.00 XXX   0 X    0.00 XXX   0 X    0.15 ASP 258 A
ASP 292 A                                            0.00 XXX   0 X    0.00 XXX   0 X    0.13 GLU 300 A

ASP 311 A   3.54     0 %    0.29  271   0.00    0    0.00 XXX   0 X    0.00 XXX   0 X   -0.15 LYS 253 A
ASP 311 A                                            0.00 XXX   0 X    0.00 XXX   0 X   -0.14 LYS 315 A
ASP 311 A                                            0.00 XXX   0 X    0.00 XXX   0 X   -0.10 HIS 308 A
ASP 311 A                                            0.00 XXX   0 X    0.00 XXX   0 X   -0.16 HIS 310 A

GLU   5 A   4.60     0 %    0.18  235   0.00    0    0.00 XXX   0 X    0.00 XXX   0 X   -0.06 ARG  53 A
GLU   5 A                                            0.00 XXX   0 X    0.00 XXX   0 X   -0.03 HIS   6 A

GLU  35 A   7.12*  100 %    3.59  695   0.27    0   -0.27 SER  39 A   -0.81 GLY  32 A   -0.13 ARG  41 A
GLU  35 A                                           -0.09 GLN 299 A    0.00 XXX   0 X    0.63 ASP 101 A
GLU  35 A                                            0.00 XXX   0 X    0.00 XXX   0 X   -0.57 HIS 295 A

GLU  89 A   4.70     0 %    0.20  217   0.00    0    0.00 XXX   0 X    0.00 XXX   0 X    0.00 XXX   0 X

GLU  93 A   4.27     0 %    0.21  190   0.00    0    0.00 XXX   0 X    0.00 XXX   0 X   -0.38 LYS  94 A
GLU  93 A                                            0.00 XXX   0 X    0.00 XXX   0 X   -0.07 ARG 117 A
GLU  93 A                                            0.00 XXX   0 X    0.00 XXX   0 X   -0.01 LYS 119 A
GLU  93 A                                            0.00 XXX   0 X    0.00 XXX   0 X    0.02 ASP 116 A

GLU 100 A   9.51*  100 %    3.70  703   0.83    0   -0.81 SER 125 A   -0.03 ASP 101 A    1.22 GLU  35 A
GLU 100 A                                            0.00 XXX   0 X    0.00 XXX   0 X    0.68 ASP 101 A
GLU 100 A                                            0.00 XXX   0 X    0.00 XXX   0 X    0.77 ASP 260 A
GLU 100 A                                            0.00 XXX   0 X    0.00 XXX   0 X   -1.36 HIS 295 A

GLU 139 A   3.15     0 %    0.34  251   0.00    0   -1.31 ARG 142 A    0.00 XXX   0 X   -0.38 ARG 142 A

GLU 159 A   2.97    15 %    0.77  323   0.08    0   -0.74 ARG 153 A    0.00 XXX   0 X   -0.02 ARG 231 A
GLU 159 A                                           -0.85 LYS 189 A    0.00 XXX   0 X    0.01 GLU 161 A
GLU 159 A                                            0.00 XXX   0 X    0.00 XXX   0 X   -0.41 ARG 153 A
GLU 159 A                                            0.00 XXX   0 X    0.00 XXX   0 X   -0.38 LYS 189 A

GLU 161 A   2.75    45 %    1.70  406   0.09    0   -0.68 THR 224 A   -0.31 GLY 158 A   -0.61 ARG 231 A
GLU 161 A                                           -1.35 ARG 231 A   -0.59 GLU 161 A    0.00 XXX   0 X

GLU 162 A   4.67     0 %    0.14  196   0.00    0    0.00 XXX   0 X    0.00 XXX   0 X    0.03 GLU 161 A

GLU 190 A   3.90     0 %    0.21  161   0.00    0    0.00 XXX   0 X   -0.71 GLU 190 A   -0.07 ARG 153 A
GLU 190 A                                            0.00 XXX   0 X    0.00 XXX   0 X   -0.07 LYS 189 A
GLU 190 A                                            0.00 XXX   0 X    0.00 XXX   0 X   -0.02 ARG 194 A
GLU 190 A                                            0.00 XXX   0 X    0.00 XXX   0 X    0.03 ASP 147 A
GLU 190 A                                            0.00 XXX   0 X    0.00 XXX   0 X    0.03 GLU 159 A

GLU 200 A   3.91     0 %    0.13  141   0.00    0    0.00 XXX   0 X   -0.72 GLU 200 A   -0.00 LYS 174 A

GLU 208 A   3.95     0 %    0.18  196   0.00    0    0.00 XXX   0 X   -0.74 GLU 208 A   -0.03 LYS 174 A
GLU 208 A                                            0.00 XXX   0 X    0.00 XXX   0 X    0.04 ASP 210 A

GLU 209 A   4.84     0 %    0.20  244   0.00    0    0.00 XXX   0 X    0.00 XXX   0 X    0.05 GLU 208 A
GLU 209 A                                            0.00 XXX   0 X    0.00 XXX   0 X    0.09 ASP 210 A

GLU 238 A   4.61     0 %    0.24  221   0.00    0    0.00 XXX   0 X    0.00 XXX   0 X   -0.13 ARG 131 A

GLU 270 A   4.14     0 %    0.27  207   0.00    0    0.00 XXX   0 X   -0.53 GLU 270 A   -0.07 LYS 269 A
GLU 270 A                                            0.00 XXX   0 X    0.00 XXX   0 X   -0.03 HIS 273 A

GLU 285 A   4.56     0 %    0.26  275   0.00    0    0.00 XXX   0 X    0.00 XXX   0 X   -0.13 LYS 278 A
GLU 285 A                                            0.00 XXX   0 X    0.00 XXX   0 X   -0.07 LYS 315 A
GLU 285 A                                            0.00 XXX   0 X    0.00 XXX   0 X    0.01 GLU 286 A

GLU 286 A   4.13    12 %    0.43  314   0.11    0    0.00 XXX   0 X   -0.59 VAL 287 A   -0.21 LYS 253 A
GLU 286 A                                            0.00 XXX   0 X    0.00 XXX   0 X   -0.02 LYS 291 A
GLU 286 A                                            0.00 XXX   0 X    0.00 XXX   0 X   -0.01 LYS 315 A
GLU 286 A                                            0.00 XXX   0 X    0.00 XXX   0 X   -0.09 HIS 308 A

GLU 300 A   3.33    47 %    1.77  414   0.27    0   -0.77 ARG 180 A   -0.84 CYS 294 A   -0.36 ARG 301 A
GLU 300 A                                           -0.85 CYS 294 A    0.00 XXX   0 X    0.08 ASP 258 A
GLU 300 A                                            0.00 XXX   0 X    0.00 XXX   0 X   -0.47 ARG 180 A

GLU 304 A   4.05    18 %    0.59  331   0.00    0   -0.52 HIS 308 A    0.00 XXX   0 X   -0.04 LYS 253 A
GLU 304 A                                            0.00 XXX   0 X    0.00 XXX   0 X   -0.07 LYS 291 A
GLU 304 A                                            0.00 XXX   0 X    0.00 XXX   0 X   -0.10 ARG 301 A
GLU 304 A                                            0.00 XXX   0 X    0.00 XXX   0 X   -0.33 HIS 308 A

C-  316 A   2.38     0 %    0.36  263   0.00    0   -0.79 LYS 119 A   -0.01 PHE 316 A   -0.38 LYS 119 A

HIS   6 A   5.13    34 %   -1.08  376   0.00    0    0.00 XXX   0 X    0.00 XXX   0 X   -0.00 N+    1 A
HIS   6 A                                            0.00 XXX   0 X    0.00 XXX   0 X   -0.08 LYS 217 A
HIS   6 A                                            0.00 XXX   0 X    0.00 XXX   0 X    0.03 GLU   5 A
HIS   6 A                                            0.00 XXX   0 X    0.00 XXX   0 X   -0.44 HIS  17 A
HIS   6 A                                            0.00 XXX   0 X    0.00 XXX   0 X    0.12 ASP  58 A
HIS   6 A                                            0.00 XXX   0 X    0.00 XXX   0 X    0.08 ASP  64 A

HIS  17 A   7.38    68 %   -1.96  473   0.00    0    1.60 ASP  58 A    0.00 XXX   0 X   -0.17 LYS 217 A
HIS  17 A                                            0.00 XXX   0 X    0.00 XXX   0 X    0.40 ASP  64 A
HIS  17 A                                            0.00 XXX   0 X    0.00 XXX   0 X    1.02 ASP  58 A

HIS  31 A   4.58   100 %   -3.68  707   0.00    0    0.00 XXX   0 X    0.77 GLY  32 A    0.05 ASP 101 A
HIS  31 A                                            0.00 XXX   0 X    0.00 XXX   0 X    0.95 ASP  58 A

HIS  42 A   4.33    67 %   -1.61  469   0.00    0    0.00 XXX   0 X    0.00 XXX   0 X   -0.79 ARG  41 A
HIS  42 A                                            0.00 XXX   0 X    0.00 XXX   0 X    0.23 ASP 210 A

HIS  78 A   5.43    32 %   -0.89  370   0.00    0    0.00 XXX   0 X    0.00 XXX   0 X   -0.35 ARG  60 A
HIS  78 A                                            0.00 XXX   0 X    0.00 XXX   0 X    0.17 ASP  82 A

HIS 264 A   6.74    12 %   -0.61  316   0.00    0    0.00 XXX   0 X    0.83 ASP 258 A   -0.14 LYS 269 A
HIS 264 A                                            0.00 XXX   0 X    0.00 XXX   0 X    0.07 ASP 258 A
HIS 264 A                                            0.00 XXX   0 X    0.00 XXX   0 X    0.09 ASP 260 A

HIS 273 A   5.54    19 %   -0.76  335   0.00    0    0.00 XXX   0 X    0.00 XXX   0 X   -0.22 LYS 269 A
HIS 273 A                                            0.00 XXX   0 X    0.00 XXX   0 X   -0.01 LYS 291 A
HIS 273 A                                            0.00 XXX   0 X    0.00 XXX   0 X    0.03 GLU 270 A

HIS 295 A  13.24   100 %   -2.69  651   0.00    0    1.60 ASP 101 A    0.00 XXX   0 X    0.53 TYR 150 A
HIS 295 A                                            1.60 ASP 260 A    0.00 XXX   0 X    0.47 CYS 294 A
HIS 295 A                                            0.00 XXX   0 X    0.00 XXX   0 X    0.57 GLU  35 A
HIS 295 A                                            0.00 XXX   0 X    0.00 XXX   0 X    1.36 GLU 100 A
HIS 295 A                                            0.00 XXX   0 X    0.00 XXX   0 X    1.40 ASP 101 A
HIS 295 A                                            0.00 XXX   0 X    0.00 XXX   0 X    1.90 ASP 260 A

HIS 308 A   5.66    46 %   -1.28  409   0.00    0    0.52 GLU 304 A    0.00 XXX   0 X   -0.60 LYS 253 A
HIS 308 A                                            0.00 XXX   0 X    0.00 XXX   0 X   -0.00 LYS 291 A
HIS 308 A                                            0.00 XXX   0 X    0.00 XXX   0 X    0.09 GLU 286 A
HIS 308 A                                            0.00 XXX   0 X    0.00 XXX   0 X    0.10 ASP 311 A
HIS 308 A                                            0.00 XXX   0 X    0.00 XXX   0 X    0.33 GLU 304 A

HIS 310 A   5.87    16 %   -0.79  327   0.00    0    0.00 XXX   0 X    0.00 XXX   0 X   -0.00 LYS 315 A
HIS 310 A                                            0.00 XXX   0 X    0.00 XXX   0 X    0.16 ASP 311 A

CYS 111 A  12.81   100 %    3.83  600   0.00    0    0.00 XXX   0 X   -0.02 CYS 111 A    0.00 XXX   0 X

CYS 152 A  10.15    26 %    0.94  354   0.00    0    0.00 XXX   0 X    0.00 XXX   0 X   -0.10 ARG 142 A
CYS 152 A                                            0.00 XXX   0 X    0.00 XXX   0 X   -0.05 ARG 153 A
CYS 152 A                                            0.00 XXX   0 X    0.00 XXX   0 X    0.06 GLU 139 A
CYS 152 A                                            0.00 XXX   0 X    0.00 XXX   0 X    0.16 ASP 147 A
CYS 152 A                                            0.00 XXX   0 X    0.00 XXX   0 X    0.05 ASP 148 A
CYS 152 A                                            0.00 XXX   0 X    0.00 XXX   0 X    0.06 GLU 159 A
CYS 152 A                                            0.00 XXX   0 X    0.00 XXX   0 X    0.01 CYS 186 A
CYS 152 A                                            0.00 XXX   0 X    0.00 XXX   0 X    0.03 ASP 234 A

CYS 178 A  11.00    50 %    2.10  421   0.00    0    0.00 XXX   0 X    0.00 XXX   0 X   -0.10 LYS 174 A
CYS 178 A                                            0.00 XXX   0 X    0.00 XXX   0 X   -0.01 ARG 180 A
CYS 178 A                                            0.00 XXX   0 X    0.00 XXX   0 X    0.01 GLU 300 A

CYS 186 A  10.08    15 %    0.95  323   0.00    0    0.00 XXX   0 X    0.00 XXX   0 X    0.02 ASP 147 A
CYS 186 A                                            0.00 XXX   0 X    0.00 XXX   0 X    0.11 ASP 148 A

CYS 294 A  11.92    78 %    2.51  500   0.00    0    0.85 GLU 300 A   -0.15 CYS 294 A   -0.37 ARG 180 A
CYS 294 A                                            0.00 XXX   0 X   -0.12 HIS 295 A   -0.08 ARG 301 A
CYS 294 A                                            0.00 XXX   0 X   -0.66 PHE 296 A    0.13 GLU 100 A
CYS 294 A                                            0.00 XXX   0 X    0.00 XXX   0 X    0.10 CYS 178 A
CYS 294 A                                            0.00 XXX   0 X    0.00 XXX   0 X    0.03 ASP 258 A
CYS 294 A                                            0.00 XXX   0 X    0.00 XXX   0 X    0.35 ASP 260 A
CYS 294 A                                            0.00 XXX   0 X    0.00 XXX   0 X    0.02 ASP 292 A
CYS 294 A                                            0.00 XXX   0 X    0.00 XXX   0 X   -0.47 HIS 295 A
CYS 294 A                                            0.00 XXX   0 X    0.00 XXX   0 X    0.78 GLU 300 A

TYR  38 A  12.04    49 %    1.48  418   0.00    0    0.41 ASP 210 A    0.00 XXX   0 X   -0.61 ARG  41 A
TYR  38 A                                            0.00 XXX   0 X    0.00 XXX   0 X    0.21 GLU 209 A
TYR  38 A                                            0.00 XXX   0 X    0.00 XXX   0 X    0.57 ASP 210 A

TYR  46 A  11.14    18 %    0.98  333   0.00    0    0.00 XXX   0 X    0.00 XXX   0 X    0.16 ASP 311 A

TYR  52 A  11.33    21 %    1.13  341   0.00    0    0.00 XXX   0 X    0.00 XXX   0 X    0.02 ASP 311 A
TYR  52 A                                            0.00 XXX   0 X    0.00 XXX   0 X    0.10 C-  316 A
TYR  52 A                                            0.00 XXX   0 X    0.00 XXX   0 X    0.07 TYR  46 A

TYR  62 A  15.09   100 %    4.27  687   0.00    0    0.00 XXX   0 X    0.00 XXX   0 X    0.21 GLU  35 A
TYR  62 A                                            0.00 XXX   0 X    0.00 XXX   0 X    0.06 TYR  74 A
TYR  62 A                                            0.00 XXX   0 X    0.00 XXX   0 X    0.55 ASP 101 A

TYR  74 A  11.68    63 %    2.84  458   0.00    0   -0.85 SER  67 A    0.00 XXX   0 X   -0.19 ARG  60 A
TYR  74 A                                           -0.19 ASN 228 A    0.00 XXX   0 X    0.03 ASP  66 A
TYR  74 A                                            0.00 XXX   0 X    0.00 XXX   0 X    0.05 ASP  82 A
TYR  74 A                                            0.00 XXX   0 X    0.00 XXX   0 X   -0.00 ARG 231 A

TYR 109 A  13.03    96 %    3.09  551   0.00    0    0.00 XXX   0 X    0.00 XXX   0 X   -0.06 ARG 131 A

TYR 150 A  13.18   100 %    2.71  620   0.00    0   -0.13 TYR 230 A    0.00 XXX   0 X    0.15 ASP 260 A
TYR 150 A                                            0.00 XXX   0 X    0.00 XXX   0 X   -0.53 HIS 295 A
TYR 150 A                                            0.00 XXX   0 X    0.00 XXX   0 X    0.98 ASP 101 A

TYR 213 A  13.18    67 %    2.56  470   0.00    0   -0.56 TRP  37 A    0.00 XXX   0 X   -0.03 ARG  41 A
TYR 213 A                                            0.00 XXX   0 X    0.00 XXX   0 X    0.27 ASP  64 A
TYR 213 A                                            0.00 XXX   0 X    0.00 XXX   0 X    0.00 GLU 209 A
TYR 213 A                                            0.00 XXX   0 X    0.00 XXX   0 X    0.18 TYR  38 A
TYR 213 A                                            0.00 XXX   0 X    0.00 XXX   0 X    0.16 TYR 214 A
TYR 213 A                                            0.00 XXX   0 X    0.00 XXX   0 X    0.59 ASP  58 A

TYR 214 A  12.84   100 %    4.32  613   0.00    0   -0.85 SER  39 A    0.00 XXX   0 X   -1.70 ARG  41 A
TYR 214 A                                           -0.46 ARG  41 A    0.00 XXX   0 X    0.01 ASP  58 A
TYR 214 A                                           -0.12 GLN 299 A    0.00 XXX   0 X    0.35 ASP 210 A
TYR 214 A                                            0.00 XXX   0 X    0.00 XXX   0 X    0.31 TYR  38 A
TYR 214 A                                            0.00 XXX   0 X    0.00 XXX   0 X    0.98 GLU  35 A

TYR 229 A  16.14   100 %    4.45  642   0.00    0    0.00 XXX   0 X    0.00 XXX   0 X    0.01 ASP  58 A
TYR 229 A                                            0.00 XXX   0 X    0.00 XXX   0 X   -0.32 ARG  60 A
TYR 229 A                                            0.00 XXX   0 X    0.00 XXX   0 X    0.96 TYR  62 A
TYR 229 A                                            0.00 XXX   0 X    0.00 XXX   0 X    0.48 TYR  74 A
TYR 229 A                                            0.00 XXX   0 X    0.00 XXX   0 X    0.55 ASP  82 A

TYR 230 A  17.81   100 %    3.89  669   0.00    0   -0.29 TRP 102 A    0.00 XXX   0 X    0.79 TYR  62 A
TYR 230 A                                            0.13 TYR 150 A    0.00 XXX   0 X    1.76 TYR 150 A
TYR 230 A                                            0.00 XXX   0 X    0.00 XXX   0 X    1.52 ASP 101 A

TYR 263 A   9.97    23 %    1.19  346   0.00    0   -0.81 LYS 269 A    0.00 XXX   0 X    0.05 ASP 258 A
TYR 263 A                                            0.00 XXX   0 X    0.00 XXX   0 X    0.02 GLU 270 A
TYR 263 A                                            0.00 XXX   0 X    0.00 XXX   0 X   -0.06 LYS 291 A
TYR 263 A                                            0.00 XXX   0 X    0.00 XXX   0 X   -0.42 LYS 269 A

TYR 271 A  14.49    64 %    3.06  461   0.00    0    0.80 ASP 280 A    0.00 XXX   0 X    0.62 ASP 280 A

LYS  15 A  11.40     0 %   -0.33  213   0.00    0    0.85 ASP  66 A    0.00 XXX   0 X    0.38 ASP  66 A

LYS  94 A  10.64     0 %   -0.20  209   0.00    0    0.00 XXX   0 X    0.00 XXX   0 X    0.38 GLU  93 A
LYS  94 A                                            0.00 XXX   0 X    0.00 XXX   0 X    0.05 ASP 116 A
LYS  94 A                                            0.00 XXX   0 X    0.00 XXX   0 X   -0.02 ARG 117 A
LYS  94 A                                            0.00 XXX   0 X    0.00 XXX   0 X   -0.07 LYS 119 A

LYS 119 A  11.23     5 %   -0.46  294   0.00    0    0.79 C-  316 A    0.00 XXX   0 X    0.01 GLU  93 A
LYS 119 A                                            0.00 XXX   0 X    0.00 XXX   0 X    0.38 C-  316 A

LYS 174 A  10.36     0 %   -0.31  272   0.00    0    0.00 XXX   0 X    0.00 XXX   0 X    0.04 ASP 168 A
LYS 174 A                                            0.00 XXX   0 X    0.00 XXX   0 X    0.10 CYS 178 A
LYS 174 A                                            0.00 XXX   0 X    0.00 XXX   0 X    0.00 GLU 200 A
LYS 174 A                                            0.00 XXX   0 X    0.00 XXX   0 X    0.03 GLU 208 A

LYS 189 A  11.38     0 %   -0.29  218   0.00    0    0.85 GLU 159 A    0.00 XXX   0 X   -0.13 ARG 153 A
LYS 189 A                                            0.00 XXX   0 X    0.00 XXX   0 X    0.00 ASP 163 A
LYS 189 A                                            0.00 XXX   0 X    0.00 XXX   0 X    0.07 GLU 190 A
LYS 189 A                                            0.00 XXX   0 X    0.00 XXX   0 X    0.38 GLU 159 A

LYS 217 A  10.84    31 %   -0.72  368   0.00    0    0.34 ASP  64 A    0.00 XXX   0 X    0.20 ASP  58 A
LYS 217 A                                            0.00 XXX   0 X    0.00 XXX   0 X    0.52 ASP  64 A

LYS 219 A  10.48     0 %   -0.09  180   0.00    0    0.00 XXX   0 X    0.00 XXX   0 X    0.07 ASP 168 A

LYS 253 A   9.18    42 %   -1.57  399   0.00    0    0.00 XXX   0 X    0.00 XXX   0 X    0.21 GLU 286 A
LYS 253 A                                            0.00 XXX   0 X    0.00 XXX   0 X    0.04 GLU 304 A
LYS 253 A                                            0.00 XXX   0 X    0.00 XXX   0 X    0.15 ASP 311 A
LYS 253 A                                            0.00 XXX   0 X    0.00 XXX   0 X   -0.15 LYS 315 A

LYS 269 A  11.41     0 %   -0.42  278   0.00    0    0.81 TYR 263 A    0.00 XXX   0 X    0.03 ASP 258 A
LYS 269 A                                            0.00 XXX   0 X    0.00 XXX   0 X    0.07 GLU 270 A
LYS 269 A                                            0.00 XXX   0 X    0.00 XXX   0 X    0.42 TYR 263 A

LYS 278 A  10.16     0 %   -0.47  277   0.00    0    0.00 XXX   0 X    0.00 XXX   0 X    0.13 GLU 285 A

LYS 279 A  11.43     0 %   -0.34  262   0.00    0    0.85 ASP 280 A    0.00 XXX   0 X    0.42 ASP 280 A

LYS 291 A  10.44     0 %   -0.28  237   0.00    0    0.00 XXX   0 X    0.00 XXX   0 X    0.08 ASP 258 A
LYS 291 A                                            0.00 XXX   0 X    0.00 XXX   0 X    0.02 GLU 286 A
LYS 291 A                                            0.00 XXX   0 X    0.00 XXX   0 X    0.07 GLU 304 A
LYS 291 A                                            0.00 XXX   0 X    0.00 XXX   0 X    0.06 TYR 263 A
LYS 291 A                                            0.00 XXX   0 X    0.00 XXX   0 X   -0.01 LYS 269 A

LYS 315 A  10.37     0 %   -0.35  263   0.00    0    0.00 XXX   0 X    0.00 XXX   0 X    0.07 GLU 285 A
LYS 315 A                                            0.00 XXX   0 X    0.00 XXX   0 X    0.01 GLU 286 A
LYS 315 A                                            0.00 XXX   0 X    0.00 XXX   0 X    0.14 ASP 311 A

ARG  41 A  13.25    87 %   -3.06  525   0.00    0    0.46 TYR 214 A    0.00 XXX   0 X    0.13 GLU  35 A
ARG  41 A                                            0.05 ASP 210 A    0.00 XXX   0 X    0.61 TYR  38 A
ARG  41 A                                            0.00 XXX   0 X    0.00 XXX   0 X    0.03 TYR 213 A
ARG  41 A                                            0.00 XXX   0 X    0.00 XXX   0 X    1.70 TYR 214 A
ARG  41 A                                            0.00 XXX   0 X    0.00 XXX   0 X    0.83 ASP 210 A

ARG  53 A  11.99    24 %   -0.57  349   0.00    0    0.00 XXX   0 X    0.00 XXX   0 X    0.06 GLU   5 A

ARG  60 A  13.55    51 %   -1.82  424   0.00    0    1.50 ASP  82 A    0.00 XXX   0 X    0.03 ASP  66 A
ARG  60 A                                            0.00 XXX   0 X    0.00 XXX   0 X    0.19 TYR  74 A
ARG  60 A                                            0.00 XXX   0 X    0.00 XXX   0 X    0.32 TYR 229 A
ARG  60 A                                            0.00 XXX   0 X    0.00 XXX   0 X    0.82 ASP  82 A

ARG 114 A  14.24     0 %   -0.35  277   0.00    0    1.60 ASP 116 A    0.00 XXX   0 X    0.12 ASP  88 A
ARG 114 A                                            0.00 XXX   0 X    0.00 XXX   0 X    0.38 ASP 116 A

ARG 117 A  12.93    13 %   -0.71  318   0.00    0    0.76 ASP  88 A    0.00 XXX   0 X    0.07 GLU  93 A
ARG 117 A                                            0.00 XXX   0 X    0.00 XXX   0 X    0.16 ASP 116 A
ARG 117 A                                            0.00 XXX   0 X    0.00 XXX   0 X   -0.22 ARG 114 A
ARG 117 A                                            0.00 XXX   0 X    0.00 XXX   0 X    0.38 ASP  88 A

ARG 131 A  11.93     1 %   -0.76  285   0.00    0    0.00 XXX   0 X    0.00 XXX   0 X    0.06 TYR 109 A
ARG 131 A                                            0.00 XXX   0 X    0.00 XXX   0 X    0.13 GLU 238 A

ARG 142 A  14.12     0 %   -0.23  202   0.00    0    1.31 GLU 139 A    0.00 XXX   0 X    0.05 ASP 147 A
ARG 142 A                                            0.00 XXX   0 X    0.00 XXX   0 X    0.10 CYS 152 A
ARG 142 A                                            0.00 XXX   0 X    0.00 XXX   0 X    0.01 ASP 234 A
ARG 142 A                                            0.00 XXX   0 X    0.00 XXX   0 X    0.38 GLU 139 A

ARG 153 A  13.10    26 %   -1.02  353   0.00    0    0.74 GLU 159 A    0.00 XXX   0 X    0.02 ASP 147 A
ARG 153 A                                            0.00 XXX   0 X    0.00 XXX   0 X    0.10 ASP 148 A
ARG 153 A                                            0.00 XXX   0 X    0.00 XXX   0 X    0.05 CYS 152 A
ARG 153 A                                            0.00 XXX   0 X    0.00 XXX   0 X    0.23 ASP 163 A
ARG 153 A                                            0.00 XXX   0 X    0.00 XXX   0 X    0.07 GLU 190 A
ARG 153 A                                            0.00 XXX   0 X    0.00 XXX   0 X    0.41 GLU 159 A

ARG 180 A  13.98    13 %   -0.46  317   0.00    0    0.77 GLU 300 A    0.00 XXX   0 X    0.01 CYS 178 A
ARG 180 A                                            0.00 XXX   0 X    0.00 XXX   0 X    0.07 ASP 258 A
ARG 180 A                                            0.00 XXX   0 X    0.00 XXX   0 X    0.25 ASP 292 A
ARG 180 A                                            0.00 XXX   0 X    0.00 XXX   0 X    0.37 CYS 294 A
ARG 180 A                                            0.00 XXX   0 X    0.00 XXX   0 X    0.47 GLU 300 A

ARG 194 A  12.45     0 %   -0.22  207   0.00    0    0.00 XXX   0 X    0.00 XXX   0 X    0.18 ASP 163 A
ARG 194 A                                            0.00 XXX   0 X    0.00 XXX   0 X    0.02 GLU 190 A
ARG 194 A                                            0.00 XXX   0 X    0.00 XXX   0 X   -0.03 ARG 153 A

ARG 231 A  12.67    48 %   -1.83  415   0.00    0    1.35 GLU 161 A    0.00 XXX   0 X    0.00 TYR  74 A
ARG 231 A                                            0.00 XXX   0 X    0.00 XXX   0 X    0.02 GLU 159 A
ARG 231 A                                            0.00 XXX   0 X    0.00 XXX   0 X    0.61 GLU 161 A

ARG 301 A  12.61    11 %   -0.52  311   0.00    0    0.00 XXX   0 X    0.00 XXX   0 X    0.05 ASP 258 A
ARG 301 A                                            0.00 XXX   0 X    0.00 XXX   0 X    0.17 ASP 292 A
ARG 301 A                                            0.00 XXX   0 X    0.00 XXX   0 X    0.08 CYS 294 A
ARG 301 A                                            0.00 XXX   0 X    0.00 XXX   0 X    0.36 GLU 300 A
ARG 301 A                                            0.00 XXX   0 X    0.00 XXX   0 X    0.10 GLU 304 A
ARG 301 A                                            0.00 XXX   0 X    0.00 XXX   0 X   -0.13 ARG 180 A

N+    1 A   7.91     0 %   -0.37  255   0.00    0    0.00 XXX   0 X    0.00 XXX   0 X    0.27 ASP   2 A

Coupled residues (marked *) were detected.Please rerun PropKa with the --display-coupled-residues 
or -d option for detailed information.

2026-07-19 13:51:32,526 INFO:output.py:227:print_pka_section:pKa summary:
--------------------------------------------------------------------------------------------------------
SUMMARY OF THIS PREDICTION
       Group      pKa  model-pKa   ligand atom-type
   ASP   2 A     2.83       3.80                      
   ASP  58 A     2.62       3.80                      
   ASP  64 A     3.62       3.80                      
   ASP  66 A     2.42       3.80                      
   ASP  82 A     5.17       3.80                      
   ASP  88 A     2.98       3.80                      
   ASP 101 A     2.86       3.80                      
   ASP 116 A     1.81       3.80                      
   ASP 147 A     3.70       3.80                      
   ASP 148 A     4.52       3.80                      
   ASP 163 A     4.14       3.80                      
   ASP 168 A     3.23       3.80                      
   ASP 210 A     2.68       3.80                      
   ASP 234 A     5.04       3.80                      
   ASP 258 A     2.41       3.80                      
   ASP 260 A     3.45       3.80                      
   ASP 280 A     3.23       3.80                      
   ASP 292 A     3.85       3.80                      
   ASP 311 A     3.54       3.80                      
   GLU   5 A     4.60       4.50                      
   GLU  35 A     7.12       4.50                      
   GLU  89 A     4.70       4.50                      
   GLU  93 A     4.27       4.50                      
   GLU 100 A     9.51       4.50                      
   GLU 139 A     3.15       4.50                      
   GLU 159 A     2.97       4.50                      
   GLU 161 A     2.75       4.50                      
   GLU 162 A     4.67       4.50                      
   GLU 190 A     3.90       4.50                      
   GLU 200 A     3.91       4.50                      
   GLU 208 A     3.95       4.50                      
   GLU 209 A     4.84       4.50                      
   GLU 238 A     4.61       4.50                      
   GLU 270 A     4.14       4.50                      
   GLU 285 A     4.56       4.50                      
   GLU 286 A     4.13       4.50                      
   GLU 300 A     3.33       4.50                      
   GLU 304 A     4.05       4.50                      
   C-  316 A     2.38       3.20                      
   HIS   6 A     5.13       6.50                      
   HIS  17 A     7.38       6.50                      
   HIS  31 A     4.58       6.50                      
   HIS  42 A     4.33       6.50                      
   HIS  78 A     5.43       6.50                      
   HIS 264 A     6.74       6.50                      
   HIS 273 A     5.54       6.50                      
   HIS 295 A    13.24       6.50                      
   HIS 308 A     5.66       6.50                      
   HIS 310 A     5.87       6.50                      
   CYS 111 A    12.81       9.00                      
   CYS 152 A    10.15       9.00                      
   CYS 178 A    11.00       9.00                      
   CYS 186 A    10.08       9.00                      
   CYS 294 A    11.92       9.00                      
   TYR  38 A    12.04      10.00                      
   TYR  46 A    11.14      10.00                      
   TYR  52 A    11.33      10.00                      
   TYR  62 A    15.09      10.00                      
   TYR  74 A    11.68      10.00                      
   TYR 109 A    13.03      10.00                      
   TYR 150 A    13.18      10.00                      
   TYR 213 A    13.18      10.00                      
   TYR 214 A    12.84      10.00                      
   TYR 229 A    16.14      10.00                      
   TYR 230 A    17.81      10.00                      
   TYR 263 A     9.97      10.00                      
   TYR 271 A    14.49      10.00                      
   LYS  15 A    11.40      10.50                      
   LYS  94 A    10.64      10.50                      
   LYS 119 A    11.23      10.50                      
   LYS 174 A    10.36      10.50                      
   LYS 189 A    11.38      10.50                      
   LYS 217 A    10.84      10.50                      
   LYS 219 A    10.48      10.50                      
   LYS 253 A     9.18      10.50                      
   LYS 269 A    11.41      10.50                      
   LYS 278 A    10.16      10.50                      
   LYS 279 A    11.43      10.50                      
   LYS 291 A    10.44      10.50                      
   LYS 315 A    10.37      10.50                      
   ARG  41 A    13.25      12.50                      
   ARG  53 A    11.99      12.50                      
   ARG  60 A    13.55      12.50                      
   ARG 114 A    14.24      12.50                      
   ARG 117 A    12.93      12.50                      
   ARG 131 A    11.93      12.50                      
   ARG 142 A    14.12      12.50                      
   ARG 153 A    13.10      12.50                      
   ARG 180 A    13.98      12.50                      
   ARG 194 A    12.45      12.50                      
   ARG 231 A    12.67      12.50                      
   ARG 301 A    12.61      12.50                      
   N+    1 A     7.91       8.00                      

2026-07-19 13:51:32,537 INFO:main.py:648:non_trivial:PROPKA information:
--------------------------------------------------------------------------------------------------------
Free energy of   folding (kcal/mol) as a function of pH (using neutral reference)
  0.00     22.69
  1.00     22.50
  2.00     20.94
  3.00     14.33
  4.00      3.98
  5.00     -0.84
  6.00     -3.10
  7.00     -3.23
  8.00     -0.39
  9.00      4.27
 10.00     14.57
 11.00     33.48
 12.00     53.00
 13.00     69.14
 14.00     80.91

The pH of optimum stability is  6.5 for which the free energy is   -3.7 kcal/mol at 298K
The free energy is within 80 % of maximum at pH  6.0 to  7.1
The free energy is negative in the range  4.7 -  8.1


Protein charge of folded and unfolded state as a function of pH
    pH  unfolded  folded
  0.00     36.00   35.96
  0.10     35.99   35.95
  0.20     35.99   35.93
  0.30     35.99   35.91
  0.40     35.99   35.89
  0.50     35.99   35.87
  0.60     35.98   35.83
  0.70     35.98   35.79
  0.80     35.97   35.74
  0.90     35.97   35.67
  1.00     35.96   35.60
  1.10     35.95   35.50
  1.20     35.93   35.38
  1.30     35.92   35.24
  1.40     35.89   35.06
  1.50     35.87   34.86
  1.60     35.83   34.61
  1.70     35.79   34.32
  1.80     35.74   33.99
  1.90     35.67   33.59
  2.00     35.58   33.14
  2.10     35.48   32.63
  2.20     35.35   32.05
  2.30     35.19   31.40
  2.40     34.99   30.69
  2.50     34.74   29.90
  2.60     34.43   29.05
  2.70     34.06   28.14
  2.80     33.61   27.17
  2.90     33.07   26.14
  3.00     32.43   25.07
  3.10     31.67   23.96
  3.20     30.77   22.81
  3.30     29.74   21.63
  3.40     28.57   20.43
  3.50     27.25   19.19
  3.60     25.80   17.94
  3.70     24.21   16.66
  3.80     22.52   15.36
  3.90     20.74   14.06
  4.00     18.89   12.74
  4.10     17.01   11.43
  4.20     15.11   10.11
  4.30     13.22    8.81
  4.40     11.38    7.53
  4.50      9.61    6.28
  4.60      7.92    5.06
  4.70      6.35    3.88
  4.80      4.90    2.75
  4.90      3.58    1.68
  5.00      2.40    0.66
  5.10      1.35   -0.29
  5.20      0.42   -1.19
  5.30     -0.41   -2.02
  5.40     -1.14   -2.79
  5.50     -1.81   -3.50
  5.60     -2.43   -4.15
  5.70     -3.01   -4.75
  5.80     -3.58   -5.29
  5.90     -4.14   -5.79
  6.00     -4.72   -6.23
  6.10     -5.31   -6.64
  6.20     -5.92   -7.01
  6.30     -6.54   -7.34
  6.40     -7.18   -7.66
  6.50     -7.83   -7.95
  6.60     -8.46   -8.22
  6.70     -9.07   -8.49
  6.80     -9.65   -8.74
  6.90    -10.19   -8.99
  7.00    -10.68   -9.24
  7.10    -11.13   -9.47
  7.20    -11.53   -9.71
  7.30    -11.89   -9.94
  7.40    -12.22  -10.16
  7.50    -12.52  -10.37
  7.60    -12.79  -10.58
  7.70    -13.05  -10.77
  7.80    -13.30  -10.96
  7.90    -13.55  -11.14
  8.00    -13.81  -11.31
  8.10    -14.08  -11.48
  8.20    -14.37  -11.63
  8.30    -14.67  -11.79
  8.40    -15.01  -11.94
  8.50    -15.39  -12.10
  8.60    -15.80  -12.26
  8.70    -16.26  -12.44
  8.80    -16.77  -12.62
  8.90    -17.34  -12.83
  9.00    -17.96  -13.06
  9.10    -18.64  -13.31
  9.20    -19.39  -13.60
  9.30    -20.21  -13.91
  9.40    -21.10  -14.27
  9.50    -22.07  -14.66
  9.60    -23.13  -15.10
  9.70    -24.28  -15.59
  9.80    -25.51  -16.12
  9.90    -26.82  -16.70
 10.00    -28.19  -17.33
 10.10    -29.62  -18.00
 10.20    -31.07  -18.71
 10.30    -32.52  -19.47
 10.40    -33.95  -20.25
 10.50    -35.34  -21.07
 10.60    -36.66  -21.91
 10.70    -37.90  -22.77
 10.80    -39.04  -23.65
 10.90    -40.07  -24.54
 11.00    -41.01  -25.44
 11.10    -41.85  -26.36
 11.20    -42.61  -27.28
 11.30    -43.29  -28.21
 11.40    -43.91  -29.14
 11.50    -44.49  -30.07
 11.60    -45.05  -30.99
 11.70    -45.61  -31.90
 11.80    -46.16  -32.81
 11.90    -46.74  -33.70
 12.00    -47.35  -34.58
 12.10    -47.99  -35.45
 12.20    -48.67  -36.32
 12.30    -49.37  -37.18
 12.40    -50.10  -38.05
 12.50    -50.83  -38.91
 12.60    -51.55  -39.78
 12.70    -52.25  -40.65
 12.80    -52.91  -41.53
 12.90    -53.51  -42.40
 13.00    -54.06  -43.26
 13.10    -54.55  -44.11
 13.20    -54.97  -44.93
 13.30    -55.33  -45.73
 13.40    -55.64  -46.49
 13.50    -55.89  -47.21
 13.60    -56.10  -47.90
 13.70    -56.28  -48.54
 13.80    -56.42  -49.14
 13.90    -56.53  -49.70
 14.00    -56.63  -50.23
The pI is  5.07 (folded) and  5.25 (unfolded)

--------------------------------------------------------------------------------------------------------
2026-07-19 13:51:32,537 INFO:biomolecule.py:797:apply_pka_values:Applying pKa values at a pH of 7.00:
2026-07-19 13:51:32,539 INFO:main.py:661:non_trivial:Adding hydrogens to biomolecule.
2026-07-19 13:51:32,926 INFO:main.py:664:non_trivial:Debumping biomolecule (again).
2026-07-19 13:51:33,502 INFO:main.py:666:non_trivial:Optimizing hydrogen bonds
2026-07-19 13:51:34,323 INFO:main.py:678:non_trivial:Applying force field to biomolecule states.
2026-07-19 13:51:34,325 INFO:main.py:725:non_trivial:Regenerating headers.
2026-07-19 13:51:34,326 INFO:main.py:750:non_trivial:Regenerating PDB lines.
2026-07-19 13:51:34,341 WARNING:main.py:326:print_pqr:Ignoring 466 header lines in output.
2026-07-19 13:51:34,414 WARNING:main.py:369:print_pdb:Ignoring 466 header lines in output.
